 DCT_sfun

 Timestamp is 635a5b50 (Thu Oct 27 18:20:00 2022)

 Preferred load address is 0000000180000000

 Start         Length     Name                   Class
 0001:00000000 00013af0H .text$mn                CODE
 0001:00013af0 00000036H .text$mn$00             CODE
 0001:00013b26 00000092H .text$x                 CODE
 0002:00000000 00000460H .idata$5                DATA
 0002:00000460 00000038H .00cfg                  DATA
 0002:00000498 00000008H .CRT$XCA                DATA
 0002:000004a0 00000008H .CRT$XCZ                DATA
 0002:000004a8 00000008H .CRT$XIA                DATA
 0002:000004b0 00000008H .CRT$XIZ                DATA
 0002:000004b8 00000008H .CRT$XPA                DATA
 0002:000004c0 00000008H .CRT$XPZ                DATA
 0002:000004c8 00000008H .CRT$XTA                DATA
 0002:000004d0 00000010H .CRT$XTZ                DATA
 0002:000004d8 00000000H .gehcont$y              DATA
 0002:000004d8 00000000H .gfids$y                DATA
 0002:000004e0 00000320H .rdata                  DATA
 0002:00000800 00000080H .rdata$CastGuardVftablesA DATA
 0002:00000880 00000080H .rdata$CastGuardVftablesC DATA
 0002:00000900 0000019cH .rdata$voltmd           DATA
 0002:00000a9c 0000027cH .rdata$zzzdbg           DATA
 0002:00000d18 00000008H .rtc$IAA                DATA
 0002:00000d20 00000008H .rtc$IZZ                DATA
 0002:00000d28 00000008H .rtc$TAA                DATA
 0002:00000d30 00000008H .rtc$TZZ                DATA
 0002:00000d38 00000b88H .xdata                  DATA
 0002:000018c0 00000074H .edata                  DATA
 0002:00001934 00000118H .idata$2                DATA
 0002:00001a4c 00000014H .idata$3                DATA
 0002:00001a60 00000460H .idata$4                DATA
 0002:00001ec0 00000beeH .idata$6                DATA
 0003:00000000 00004f80H .data                   DATA
 0003:00004f80 00001230H .bss                    DATA
 0004:00000000 00000e28H .pdata                  DATA

  Address         Publics by Value              Rva+Base               Lib:Object

 0000:00000000       __guard_iat_count          0000000000000000     <absolute>
 0000:00000000       __AbsoluteZero             0000000000000000     <absolute>
 0000:00000000       __arm64x_redirection_metadata_count 0000000000000000     <absolute>
 0000:00000000       __x64_code_ranges_to_entry_points 0000000000000000     <absolute>
 0000:00000000       __x64_code_ranges_to_entry_points_count 0000000000000000     <absolute>
 0000:00000000       ___safe_se_handler_count   0000000000000000     <absolute>
 0000:00000000       ___safe_se_handler_table   0000000000000000     <absolute>
 0000:00000000       __guard_check_icall_a64n_fptr 0000000000000000     <absolute>
 0000:00000000       __guard_longjmp_table      0000000000000000     <absolute>
 0000:00000000       __guard_iat_table          0000000000000000     <absolute>
 0000:00000000       __arm64x_extra_rfe_table_size 0000000000000000     <absolute>
 0000:00000000       __guard_eh_cont_table      0000000000000000     <absolute>
 0000:00000000       __guard_fids_table         0000000000000000     <absolute>
 0000:00000000       __hybrid_code_map_count    0000000000000000     <absolute>
 0000:00000000       __guard_longjmp_count      0000000000000000     <absolute>
 0000:00000000       __hybrid_code_map          0000000000000000     <absolute>
 0000:00000000       __dynamic_value_reloc_table 0000000000000000     <absolute>
 0000:00000000       __hybrid_auxiliary_iat_copy 0000000000000000     <absolute>
 0000:00000000       __guard_fids_count         0000000000000000     <absolute>
 0000:00000000       __guard_eh_cont_count      0000000000000000     <absolute>
 0000:00000000       __enclave_config           0000000000000000     <absolute>
 0000:00000000       __hybrid_auxiliary_iat     0000000000000000     <absolute>
 0000:00000000       __arm64x_redirection_metadata 0000000000000000     <absolute>
 0000:00000000       __arm64x_native_entrypoint 0000000000000000     <absolute>
 0000:00000000       __arm64x_extra_rfe_table   0000000000000000     <absolute>
 0000:00000100       __guard_flags              0000000000000100     <absolute>
 0000:00000000       __ImageBase                0000000180000000     <linker-defined>
 0001:00000000       DCT_initializer            0000000180001000 f   DCT_sfun.obj
 0001:00000010       DCT_terminator             0000000180001010 f   DCT_sfun.obj
 0001:00000020       load_DCT_optimization_info 0000000180001020 f   DCT_sfun.obj
 0001:000000d0       unload_DCT_optimization_info 00000001800010d0 f   DCT_sfun.obj
 0001:00000100       sf_DCT_method_dispatcher   0000000180001100 f   DCT_sfun.obj
 0001:00000170       sf_DCT_process_check_sum_call 0000000180001170 f   DCT_sfun.obj
 0001:00000680       sf_DCT_get_eml_resolved_functions_info 0000000180001680 f   DCT_sfun.obj
 0001:000008c0       sf_DCT_third_party_uses_info 00000001800018c0 f   DCT_sfun.obj
 0001:00000ac0       sf_DCT_jit_fallback_info   0000000180001ac0 f   DCT_sfun.obj
 0001:00000cc0       sf_DCT_get_post_codegen_info 0000000180001cc0 f   DCT_sfun.obj
 0001:00000ee0       sf_DCT_updateBuildInfo_args_info 0000000180001ee0 f   DCT_sfun.obj
 0001:000010e0       DCT_register_exported_symbols 00000001800020e0 f   DCT_sfun.obj
 0001:000010f0       sf_c4_DCT_get_eml_resolved_functions_info 00000001800020f0 f   c4_DCT.obj
 0001:00001170       sf_c4_DCT_get_check_sum    0000000180002170 f   c4_DCT.obj
 0001:00001240       c4_DCT_method_dispatcher   0000000180002240 f   c4_DCT.obj
 0001:00002ba0       sf_c4_DCT_third_party_uses_info 0000000180003ba0 f   c4_DCT.obj
 0001:00002bf0       sf_c4_DCT_jit_fallback_info 0000000180003bf0 f   c4_DCT.obj
 0001:00002d80       sf_c4_DCT_updateBuildInfo_args_info 0000000180003d80 f   c4_DCT.obj
 0001:00003120       sf_c4_DCT_get_post_codegen_info 0000000180004120 f   c4_DCT.obj
 0001:00003640       sf_c7_DCT_get_eml_resolved_functions_info 0000000180004640 f   c7_DCT.obj
 0001:000036c0       sf_c7_DCT_get_check_sum    00000001800046c0 f   c7_DCT.obj
 0001:00003790       c7_DCT_method_dispatcher   0000000180004790 f   c7_DCT.obj
 0001:00006de0       sf_c7_DCT_third_party_uses_info 0000000180007de0 f   c7_DCT.obj
 0001:00006e30       sf_c7_DCT_jit_fallback_info 0000000180007e30 f   c7_DCT.obj
 0001:00006fc0       sf_c7_DCT_updateBuildInfo_args_info 0000000180007fc0 f   c7_DCT.obj
 0001:00007360       sf_c7_DCT_get_post_codegen_info 0000000180008360 f   c7_DCT.obj
 0001:00007880       mexFunction                0000000180008880 f   DCT_sfun_registry.obj
 0001:0000a150       _ssSetInputPortDirectFeedThroughFcn 000000018000b150 f   DCT_sfun_registry.obj
 0001:0000a2c0       _ssSetRWorkValueFcn        000000018000b2c0 f   DCT_sfun_registry.obj
 0001:0000a340       _ssGetRWorkValueFcn        000000018000b340 f   DCT_sfun_registry.obj
 0001:0000a3b0       _ssSetIWorkValueFcn        000000018000b3b0 f   DCT_sfun_registry.obj
 0001:0000a430       _ssGetIWorkValueFcn        000000018000b430 f   DCT_sfun_registry.obj
 0001:0000a4a0       _ssSetPWorkValueFcn        000000018000b4a0 f   DCT_sfun_registry.obj
 0001:0000a520       _ssGetPWorkValueFcn        000000018000b520 f   DCT_sfun_registry.obj
 0001:0000a590       _ssGetInputPortSignalFcn   000000018000b590 f   DCT_sfun_registry.obj
 0001:0000a920       _ssGetInputPortBufferDstPortFcn 000000018000b920 f   DCT_sfun_registry.obj
 0001:0000a9a0       _ssGetInputPortSignalPtrsFcn 000000018000b9a0 f   DCT_sfun_registry.obj
 0001:0000ad30       ssGetParameterTuningCompliance 000000018000bd30 f   DCT_sfun_registry.obj
 0001:0000ada0       _ssReadInputStringFcn      000000018000bda0 f   DCT_sfun_registry.obj
 0001:0000ae10       ssGetDTypeIdFromMxArray    000000018000be10 f   DCT_sfun_registry.obj
 0001:0000af30       ssWriteRTWMx2dMatParam     000000018000bf30 f   DCT_sfun_registry.obj
 0001:0000afc0       ssWriteRTWMxVectParam      000000018000bfc0 f   DCT_sfun_registry.obj
 0001:0000b040       ssWriteRTWParameters       000000018000c040 f   DCT_sfun_registry.obj
 0001:0000b600       ssWriteRTWParamSettings    000000018000c600 f   DCT_sfun_registry.obj
 0001:0000bcf0       ssWriteRTWStr              000000018000ccf0 f   DCT_sfun_registry.obj
 0001:0000bd50       ssWriteRTWWorkVect         000000018000cd50 f   DCT_sfun_registry.obj
 0001:0000c2b0       ssWarning                  000000018000d2b0 f   DCT_sfun_registry.obj
 0001:0000c3a0       ssWriteRTWNameValuePair    000000018000d3a0 f   DCT_sfun_registry.obj
 0001:0000c8a0       _ssSetInputPortMatrixDimensions 000000018000d8a0 f   DCT_sfun_registry.obj
 0001:0000c9f0       _ssSetOutputPortMatrixDimensions 000000018000d9f0 f   DCT_sfun_registry.obj
 0001:0000cb40       _ssSetInputPortVectorDimension 000000018000db40 f   DCT_sfun_registry.obj
 0001:0000cbf0       _ssSetOutputPortVectorDimension 000000018000dbf0 f   DCT_sfun_registry.obj
 0001:0000cca0       ssIsRunTimeParamTunable    000000018000dca0 f   DCT_sfun_registry.obj
 0001:0000cd10       ssGetSFuncBlockHandle      000000018000dd10 f   DCT_sfun_registry.obj
 0001:0000cd80       _ssGetCallSystemNumFcnCallDestinations 000000018000dd80 f   DCT_sfun_registry.obj
 0001:0000cdf0       _ssGetCurrentInputPortWidth 000000018000ddf0 f   DCT_sfun_registry.obj
 0001:0000cf30       _ssGetCurrentOutputPortWidth 000000018000df30 f   DCT_sfun_registry.obj
 0001:0000d070       ssGetIsZeroCrossControlDisabled 000000018000e070 f   DCT_sfun_registry.obj
 0001:0000d0e0       ssSetIsInputPortUsedForContZcSignal 000000018000e0e0 f   DCT_sfun_registry.obj
 0001:0000d150       ssSetZcSignalIsZcElementDisc 000000018000e150 f   DCT_sfun_registry.obj
 0001:0000d200       ssSetZcSignalName          000000018000e200 f   DCT_sfun_registry.obj
 0001:0000d270       ssSetZcSignalWidth         000000018000e270 f   DCT_sfun_registry.obj
 0001:0000d2e0       ssSetZcSignalZcEventType   000000018000e2e0 f   DCT_sfun_registry.obj
 0001:0000d350       ssSetZcSignalType          000000018000e350 f   DCT_sfun_registry.obj
 0001:0000d3c0       ssSetZcSignalZcTol         000000018000e3c0 f   DCT_sfun_registry.obj
 0001:0000d430       ssSetZcSignalNeedsEventNotification 000000018000e430 f   DCT_sfun_registry.obj
 0001:0000d4a0       ssCreateAndAddZcSignalInfo 000000018000e4a0 f   DCT_sfun_registry.obj
 0001:0000d510       ssCloneAndAddZcSignalInfo  000000018000e510 f   DCT_sfun_registry.obj
 0001:0000d580       ssGetNumZcSignals          000000018000e580 f   DCT_sfun_registry.obj
 0001:0000d5f0       ssGetZcSignalVector        000000018000e5f0 f   DCT_sfun_registry.obj
 0001:0000d660       ssGetZcSignalName          000000018000e660 f   DCT_sfun_registry.obj
 0001:0000d6d0       ssGetZcSignalWidth         000000018000e6d0 f   DCT_sfun_registry.obj
 0001:0000d740       ssGetZcSignalZcEventType   000000018000e740 f   DCT_sfun_registry.obj
 0001:0000d7b0       ssGetZcSignalZcEvents      000000018000e7b0 f   DCT_sfun_registry.obj
 0001:0000d820       ssGetZcSignalType          000000018000e820 f   DCT_sfun_registry.obj
 0001:0000d890       ssGetZcSignalZcTol         000000018000e890 f   DCT_sfun_registry.obj
 0001:0000d910       ssGetZcSignalNeedsEventNotification 000000018000e910 f   DCT_sfun_registry.obj
 0001:0000d980       ssGetZcSignalIsZcElementDisc 000000018000e980 f   DCT_sfun_registry.obj
 0001:0000da20       ssGetIsInputPortElementContinuous 000000018000ea20 f   DCT_sfun_registry.obj
 0001:0000dac0       _ssGetAbsTol               000000018000eac0 f   DCT_sfun_registry.obj
 0001:0000db30       _ssSetStateAbsTol          000000018000eb30 f   DCT_sfun_registry.obj
 0001:0000dc10       _ssSetInputPortReusableFcn 000000018000ec10 f   DCT_sfun_registry.obj
 0001:0000dd10       _ssSetOutputPortReusableFcn 000000018000ed10 f   DCT_sfun_registry.obj
 0001:0000de10       _ssSetSymbolicDimsSupport  000000018000ee10 f   DCT_sfun_registry.obj
 0001:0000de80       _ssRegisterSymbolicDimsExpr 000000018000ee80 f   DCT_sfun_registry.obj
 0001:0000df00       _ssRegisterSymbolicDimsMATLABExpr 000000018000ef00 f   DCT_sfun_registry.obj
 0001:0000dfa0       _ssRegisterSymbolicDims    000000018000efa0 f   DCT_sfun_registry.obj
 0001:0000e040       _ssRegisterSymbolicDimsString 000000018000f040 f   DCT_sfun_registry.obj
 0001:0000e0c0       _ssRegisterSymbolicDimsIntValue 000000018000f0c0 f   DCT_sfun_registry.obj
 0001:0000e130       _ssRegisterSymbolicEqualRelation 000000018000f130 f   DCT_sfun_registry.obj
 0001:0000e1a0       _ssRegisterSymbolicEqualValue 000000018000f1a0 f   DCT_sfun_registry.obj
 0001:0000e210       _ssAmendLeadingSymbolicDims 000000018000f210 f   DCT_sfun_registry.obj
 0001:0000e290       _ssAmendTrailingSymbolicDims 000000018000f290 f   DCT_sfun_registry.obj
 0001:0000e310       _ssRegisterSymbolicDimsPlus 000000018000f310 f   DCT_sfun_registry.obj
 0001:0000e390       _ssRegisterSymbolicDimsMinus 000000018000f390 f   DCT_sfun_registry.obj
 0001:0000e410       _ssRegisterSymbolicDimsMultiply 000000018000f410 f   DCT_sfun_registry.obj
 0001:0000e490       _ssRegisterSymbolicDimsDivide 000000018000f490 f   DCT_sfun_registry.obj
 0001:0000e510       _ssGetNumSymbolicDims      000000018000f510 f   DCT_sfun_registry.obj
 0001:0000e580       _ssGetSymbolicDim          000000018000f580 f   DCT_sfun_registry.obj
 0001:0000e600       _ssSetInputPortSymbolicDimsId 000000018000f600 f   DCT_sfun_registry.obj
 0001:0000e670       _ssGetCompInputPortSymbolicDimsId 000000018000f670 f   DCT_sfun_registry.obj
 0001:0000e6e0       _ssSetCompInputPortSymbolicDimsId 000000018000f6e0 f   DCT_sfun_registry.obj
 0001:0000e750       _ssSetOutputPortSymbolicDimsId 000000018000f750 f   DCT_sfun_registry.obj
 0001:0000e7c0       _ssGetCompOutputPortSymbolicDimsId 000000018000f7c0 f   DCT_sfun_registry.obj
 0001:0000e830       _ssSetCompOutputPortSymbolicDimsId 000000018000f830 f   DCT_sfun_registry.obj
 0001:0000e8a0       _ssGetDWorkSymbolicDimsId  000000018000f8a0 f   DCT_sfun_registry.obj
 0001:0000e910       _ssSetDWorkSymbolicDimsId  000000018000f910 f   DCT_sfun_registry.obj
 0001:0000e980       _ssGetCompDWorkSymbolicDimsId 000000018000f980 f   DCT_sfun_registry.obj
 0001:0000e9f0       _ssSetCompDWorkSymbolicDimsId 000000018000f9f0 f   DCT_sfun_registry.obj
 0001:0000ea60       _ssCreateSLCGStringBuffer  000000018000fa60 f   DCT_sfun_registry.obj
 0001:0000ead0       _ssAddToSLCGStringBuffer   000000018000fad0 f   DCT_sfun_registry.obj
 0001:0000eb40       _ssGetPointerContainedData 000000018000fb40 f   DCT_sfun_registry.obj
 0001:0000ebd0       _ssGetPointerContainedDataWidth 000000018000fbd0 f   DCT_sfun_registry.obj
 0001:0000ec60       _ssRegisterDynamicArrayDataTypeFcn 000000018000fc60 f   DCT_sfun_registry.obj
 0001:0000ed00       _ssGetDynamicArrayContainedDataCurrentWidthFcn 000000018000fd00 f   DCT_sfun_registry.obj
 0001:0000edd0       _ssGetDynamicArrayContainedDataFcn 000000018000fdd0 f   DCT_sfun_registry.obj
 0001:0000eea0       _ssGetInputPortDynamicArrayDataFcn 000000018000fea0 f   DCT_sfun_registry.obj
 0001:0000ef60       _ssGetOutputPortDynamicArrayDataFcn 000000018000ff60 f   DCT_sfun_registry.obj
 0001:0000f020       _ssGetInputPortDynamicArrayContainedDataFcn 0000000180010020 f   DCT_sfun_registry.obj
 0001:0000f0e0       _ssGetOutputPortDynamicArrayContainedDataFcn 00000001800100e0 f   DCT_sfun_registry.obj
 0001:0000f1a0       sf_process_check_sum_call  00000001800101a0 f   DCT_sfun_registry.obj
 0001:0000f1f0       sf_process_get_third_party_uses_info_call 00000001800101f0 f   DCT_sfun_registry.obj
 0001:0000f420       sf_process_get_jit_fallback_info_call 0000000180010420 f   DCT_sfun_registry.obj
 0001:0000f650       sf_process_get_post_codegen_info_call 0000000180010650 f   DCT_sfun_registry.obj
 0001:0000f880       sf_process_get_updateBuildInfo_args_info_call 0000000180010880 f   DCT_sfun_registry.obj
 0001:0000fab0       sf_process_get_eml_resolved_functions_info_call 0000000180010ab0 f   DCT_sfun_registry.obj
 0001:0000fce0       sf_mex_unlock_call         0000000180010ce0 f   DCT_sfun_registry.obj
 0001:0000ff00       sf_machine_global_initializer_called 0000000180010f00 f   DCT_sfun_registry.obj
 0001:0000ff30       sf_machine_global_method_dispatcher 0000000180010f30 f   DCT_sfun_registry.obj
 0001:0000ff90       sf_machine_global_terminator 0000000180010f90 f   DCT_sfun_registry.obj
 0001:0000ffc0       sf_register_machine_exported_symbols 0000000180010fc0 f   DCT_sfun_registry.obj
 0001:0000ffe0       callCustomFcn              0000000180010fe0 f   DCT_sfun_registry.obj
 0001:0000fff0       sf_machine_global_initializer 0000000180010ff0 f   DCT_sfun_registry.obj
 0001:00010060       mdlGetSimState             0000000180011060 f   DCT_sfun_registry.obj
 0001:000100a0       mdlSetSimState             00000001800110a0 f   DCT_sfun_registry.obj
 0001:00010a10       ProcessMexSfunctionEveryCall 0000000180011a10 f   DCT_sfun_registry.obj
 0001:00011b90       __local_stdio_printf_options 0000000180012b90 f i DCT_sfun_registry.obj
 0001:00011ba0       _vsnprintf_l               0000000180012ba0 f i DCT_sfun_registry.obj
 0001:00011c20       _vsprintf_l                0000000180012c20 f i DCT_sfun_registry.obj
 0001:00011c70       sprintf                    0000000180012c70 f i DCT_sfun_registry.obj
 0001:00011cc0       mexfilerequiredapiversion  0000000180012cc0 f   c_mexapi_version.obj
 0001:00011cf0       getBitfieldFromFloat       0000000180012cf0 f   half_type.obj
 0001:00011d20       getFloatFromBitfield       0000000180012d20 f   half_type.obj
 0001:00011d50       getBitfieldFromHalf        0000000180012d50 f   half_type.obj
 0001:00011d70       getHalfFromBitfield        0000000180012d70 f   half_type.obj
 0001:00011da0       halfToFloat                0000000180012da0 f   half_type.obj
 0001:00011e50       halfToDouble               0000000180012e50 f   half_type.obj
 0001:00011e80       floatToHalf                0000000180012e80 f   half_type.obj
 0001:000120e0       doubleToHalf               00000001800130e0 f   half_type.obj
 0001:000123cc       imlincomb_tbb_real64       00000001800133cc f   libmwimlincomb_tbb:libmwimlincomb_tbb.dll
 0001:000123d2       sf_load_rtw_optimization_info 00000001800133d2 f   sf_runtime:sf_runtime.dll
 0001:000123d8       sf_mex_decode              00000001800133d8 f   sf_runtime:sf_runtime.dll
 0001:000123de       sf_init_ChartRunTimeInfo   00000001800133de f   sf_runtime:sf_runtime.dll
 0001:000123e4       sf_free_ChartRunTimeInfo   00000001800133e4 f   sf_runtime:sf_runtime.dll
 0001:000123ea       sfrtGetEmlrtCtx            00000001800133ea f   sf_runtime:sf_runtime.dll
 0001:000123f0       sfrtGetCovrtInstance       00000001800133f0 f   sf_runtime:sf_runtime.dll
 0001:000123f6       sf_get_chart_instance_ptr  00000001800133f6 f   sf_runtime:sf_runtime.dll
 0001:000123fc       sim_mode_is_rtw_gen        00000001800133fc f   sf_runtime:sf_runtime.dll
 0001:00012402       sim_mode_is_external       0000000180013402 f   sf_runtime:sf_runtime.dll
 0001:00012408       sf_clear_rtw_identifier    0000000180013408 f   sf_runtime:sf_runtime.dll
 0001:0001240e       sf_get_time                000000018001340e f   sf_runtime:sf_runtime.dll
 0001:00012414       sfDoAnimationWrapper       0000000180013414 f   sf_runtime:sf_runtime.dll
 0001:0001241a       setDataBrowseFcn           000000018001341a f   sf_runtime:sf_runtime.dll
 0001:00012420       setDebuggerFlag            0000000180013420 f   sf_runtime:sf_runtime.dll
 0001:00012426       sf_warn_if_symbolic_dimension_param_changed 0000000180013426 f   sf_runtime:sf_runtime.dll
 0001:0001242c       sf_set_work_widths         000000018001342c f   sf_runtime:sf_runtime.dll
 0001:00012432       sfListenerCacheSimStruct   0000000180013432 f   sf_runtime:sf_runtime.dll
 0001:00012438       sfListenerLightTerminate   0000000180013438 f   sf_runtime:sf_runtime.dll
 0001:0001243e       sfListenerInitializeRuntimeVars 000000018001343e f   sf_runtime:sf_runtime.dll
 0001:00012444       sf_mex_error_message       0000000180013444 f   sf_runtime:sf_runtime.dll
 0001:0001244a       sf_mex_create              000000018001344a f   sf_runtime:sf_runtime.dll
 0001:00012450       sf_mex_createcellmatrix    0000000180013450 f   sf_runtime:sf_runtime.dll
 0001:00012456       sf_mex_setcell             0000000180013456 f   sf_runtime:sf_runtime.dll
 0001:0001245c       sf_mex_getcell             000000018001345c f   sf_runtime:sf_runtime.dll
 0001:00012462       sf_mex_assign              0000000180013462 f   sf_runtime:sf_runtime.dll
 0001:00012468       sf_mex_dup                 0000000180013468 f   sf_runtime:sf_runtime.dll
 0001:0001246e       sf_mex_destroy             000000018001346e f   sf_runtime:sf_runtime.dll
 0001:00012474       sf_mex_import              0000000180013474 f   sf_runtime:sf_runtime.dll
 0001:0001247a       ssGetInputPortSignal_wrapper 000000018001347a f   sf_runtime:sf_runtime.dll
 0001:00012480       ssGetOutputPortSignal_wrapper 0000000180013480 f   sf_runtime:sf_runtime.dll
 0001:00012486       sf_mex_call                0000000180013486 f   sf_runtime:sf_runtime.dll
 0001:0001248c       sf_get_ChartInfoStruct_CodeGen 000000018001348c f   sf_runtime:sf_runtime.dll
 0001:00012492       sf_get_hasSeparateUpdateOutputs 0000000180013492 f   sf_runtime:sf_runtime.dll
 0001:00012498       callMdlMethodAndReportError 0000000180013498 f   sf_runtime:sf_runtime.dll
 0001:0001249e       call_sf_machine_global_method_dispatcher 000000018001349e f   sf_runtime:sf_runtime.dll
 0001:000124a4       getRuntimeInstanceInfoAsVoid 00000001800134a4 f   sf_runtime:sf_runtime.dll
 0001:000124aa       sf_mex_error_direct_call   00000001800134aa f   sf_runtime:sf_runtime.dll
 0001:000124b0       sf_clear_error_manager_info 00000001800134b0 f   sf_runtime:sf_runtime.dll
 0001:000124b6       mxIsChar_800               00000001800134b6 f   libmx:libmx.dll
 0001:000124bc       mxGetScalar_800            00000001800134bc f   libmx:libmx.dll
 0001:000124c2       mxGetPr_800                00000001800134c2 f   libmx:libmx.dll
 0001:000124c8       mxDestroyArray_800         00000001800134c8 f   libmx:libmx.dll
 0001:000124ce       mxCreateDoubleMatrix_800   00000001800134ce f   libmx:libmx.dll
 0001:000124d4       mxGetString_800            00000001800134d4 f   libmx:libmx.dll
 0001:000124da       mxDuplicateArray_800       00000001800134da f   libmx:libmx.dll
 0001:000124e0       mxSetCell_800              00000001800134e0 f   libmx:libmx.dll
 0001:000124e6       mxSetField_800             00000001800134e6 f   libmx:libmx.dll
 0001:000124ec       mxCreateString_800         00000001800134ec f   libmx:libmx.dll
 0001:000124f2       mxCreateCellMatrix_800     00000001800134f2 f   libmx:libmx.dll
 0001:000124f8       mxCreateStructMatrix_800   00000001800134f8 f   libmx:libmx.dll
 0001:000124fe       mxGetNaN_800               00000001800134fe f   libmx:libmx.dll
 0001:00012504       mxCalloc_800               0000000180013504 f   libmx:libmx.dll
 0001:0001250a       mxGetM_800                 000000018001350a f   libmx:libmx.dll
 0001:00012510       mxGetClassID_800           0000000180013510 f   libmx:libmx.dll
 0001:00012516       mxIsNumeric_800            0000000180013516 f   libmx:libmx.dll
 0001:0001251c       mxIsComplex_800            000000018001351c f   libmx:libmx.dll
 0001:00012522       mxGetN_800                 0000000180013522 f   libmx:libmx.dll
 0001:00012528       mxCreateDoubleScalar_800   0000000180013528 f   libmx:libmx.dll
 0001:0001252e       mexMakeArrayPersistent_800 000000018001352e f   libmex:libmex.dll
 0001:00012534       mexErrMsgTxt_800           0000000180013534 f   libmex:libmex.dll
 0001:0001253a       mexWarnMsgTxt_800          000000018001353a f   libmex:libmex.dll
 0001:00012540       mexCallMATLAB_800          0000000180013540 f   libmex:libmex.dll
 0001:00012546       mexLock_800                0000000180013546 f   libmex:libmex.dll
 0001:0001254c       mexUnlock_800              000000018001354c f   libmex:libmex.dll
 0001:00012552       mexIsLocked_800            0000000180013552 f   libmex:libmex.dll
 0001:00012558       utMalloc                   0000000180013558 f   libut:libut.dll
 0001:0001255e       utFree                     000000018001355e f   libut:libut.dll
 0001:00012564       muDoubleScalarFloor        0000000180013564 f   libmwmathutil:libmwmathutil.dll
 0001:0001256a       muDoubleScalarAbs          000000018001356a f   libmwmathutil:libmwmathutil.dll
 0001:00012570       muDoubleScalarMax          0000000180013570 f   libmwmathutil:libmwmathutil.dll
 0001:00012576       muDoubleScalarMin          0000000180013576 f   libmwmathutil:libmwmathutil.dll
 0001:0001257c       muDoubleScalarIsNaN        000000018001357c f   libmwmathutil:libmwmathutil.dll
 0001:00012582       emlrtLicenseCheckR2022a    0000000180013582 f   libemlrt:libemlrt.dll
 0001:00012588       emlrtDynamicBoundsCheckR2012b 0000000180013588 f   libemlrt:libemlrt.dll
 0001:0001258e       emlrtIntegerCheckR2012b    000000018001358e f   libemlrt:libemlrt.dll
 0001:00012594       covrtCreateStateflowInstanceData 0000000180013594 f   libcovrt:libcovrt.dll
 0001:0001259a       covrtDeleteStateflowInstanceData 000000018001359a f   libcovrt:libcovrt.dll
 0001:000125a0       covrtTransInitFcn          00000001800135a0 f   libcovrt:libcovrt.dll
 0001:000125a6       covrtStateInitFcn          00000001800135a6 f   libcovrt:libcovrt.dll
 0001:000125ac       covrtChartInitFcn          00000001800135ac f   libcovrt:libcovrt.dll
 0001:000125b2       covrtSigUpdateFcn          00000001800135b2 f   libcovrt:libcovrt.dll
 0001:000125b8       covrtEmlInitFcn            00000001800135b8 f   libcovrt:libcovrt.dll
 0001:000125be       covrtEmlFcnInitFcn         00000001800135be f   libcovrt:libcovrt.dll
 0001:000125c4       covrtEmlFcnEval            00000001800135c4 f   libcovrt:libcovrt.dll
 0001:000125cc       __raise_securityfailure    00000001800135cc f   MSVCRT:gs_report.obj
 0001:00012600       __report_gsfailure         0000000180013600 f   MSVCRT:gs_report.obj
 0001:000126d4       __report_rangecheckfailure 00000001800136d4 f   MSVCRT:gs_report.obj
 0001:000126e8       __report_securityfailure   00000001800136e8 f   MSVCRT:gs_report.obj
 0001:00012784       __report_securityfailureEx 0000000180013784 f   MSVCRT:gs_report.obj
 0001:00012978       __GSHandlerCheck           0000000180013978 f   MSVCRT:gshandler.obj
 0001:00012998       __GSHandlerCheckCommon     0000000180013998 f   MSVCRT:gshandler.obj
 0001:00012a10       __security_check_cookie    0000000180013a10 f   MSVCRT:amdsecgs.obj
 0001:00012d6c       _CRT_INIT                  0000000180013d6c f   MSVCRT:dll_dllmain.obj
 0001:00012d74       _DllMainCRTStartup         0000000180013d74 f   MSVCRT:dll_dllmain.obj
 0001:00012e20       __security_init_cookie     0000000180013e20 f   MSVCRT:gs_support.obj
 0001:00012ecc       DllMain                    0000000180013ecc f   MSVCRT:dll_dllmain_stub.obj
 0001:00012ef0       ?__scrt_initialize_type_info@@YAXXZ 0000000180013ef0 f   MSVCRT:tncleanup.obj
 0001:00012f00       ?__scrt_uninitialize_type_info@@YAXXZ 0000000180013f00 f   MSVCRT:tncleanup.obj
 0001:00012f0c       __local_stdio_scanf_options 0000000180013f0c f i MSVCRT:default_local_stdio_options.obj
 0001:00012f14       __scrt_initialize_default_local_stdio_options 0000000180013f14 f   MSVCRT:default_local_stdio_options.obj
 0001:00012f30       ?configure_argv@__scrt_narrow_argv_policy@@SAHXZ 0000000180013f30 f i MSVCRT:utility.obj
 0001:00012f90       ?initialize_environment@__scrt_narrow_environment_policy@@SAHXZ 0000000180013f90 f i MSVCRT:utility.obj
 0001:00012fc8       NtCurrentTeb               0000000180013fc8 f i MSVCRT:utility.obj
 0001:00012fd4       __scrt_acquire_startup_lock 0000000180013fd4 f   MSVCRT:utility.obj
 0001:00013010       __scrt_dllmain_after_initialize_c 0000000180014010 f   MSVCRT:utility.obj
 0001:00013044       __scrt_dllmain_before_initialize_c 0000000180014044 f   MSVCRT:utility.obj
 0001:0001305c       __scrt_dllmain_crt_thread_attach 000000018001405c f   MSVCRT:utility.obj
 0001:00013084       __scrt_dllmain_crt_thread_detach 0000000180014084 f   MSVCRT:utility.obj
 0001:0001309c       __scrt_dllmain_exception_filter 000000018001409c f   MSVCRT:utility.obj
 0001:000130fc       __scrt_dllmain_uninitialize_c 00000001800140fc f   MSVCRT:utility.obj
 0001:0001312c       __scrt_dllmain_uninitialize_critical 000000018001412c f   MSVCRT:utility.obj
 0001:00013140       __scrt_initialize_crt      0000000180014140 f   MSVCRT:utility.obj
 0001:0001318c       __scrt_initialize_onexit_tables 000000018001418c f   MSVCRT:utility.obj
 0001:00013218       __scrt_is_nonwritable_in_current_image 0000000180014218 f   MSVCRT:utility.obj
 0001:000132b0       __scrt_release_startup_lock 00000001800142b0 f   MSVCRT:utility.obj
 0001:000132d4       __scrt_uninitialize_crt    00000001800142d4 f   MSVCRT:utility.obj
 0001:00013300       _onexit                    0000000180014300 f   MSVCRT:utility.obj
 0001:0001333c       at_quick_exit              000000018001433c f   MSVCRT:utility.obj
 0001:0001335c       atexit                     000000018001435c f   MSVCRT:utility.obj
 0001:00013374       __scrt_get_dyn_tls_init_callback 0000000180014374 f   MSVCRT:dyn_tls_init.obj
 0001:0001337c       __crt_debugger_hook        000000018001437c f   MSVCRT:utility_desktop.obj
 0001:00013384       __scrt_fastfail            0000000180014384 f   MSVCRT:utility_desktop.obj
 0001:000134d0       __scrt_get_show_window_mode 00000001800144d0 f   MSVCRT:utility_desktop.obj
 0001:0001350c       __scrt_initialize_mta      000000018001450c f   MSVCRT:utility_desktop.obj
 0001:00013514       __scrt_initialize_winrt    0000000180014514 f   MSVCRT:utility_desktop.obj
 0001:00013518       __scrt_is_managed_app      0000000180014518 f   MSVCRT:utility_desktop.obj
 0001:0001356c       __scrt_set_unhandled_exception_filter 000000018001456c f   MSVCRT:utility_desktop.obj
 0001:0001357c       __scrt_stub_for_initialize_mta 000000018001457c f   MSVCRT:utility_desktop.obj
 0001:0001357c       __scrt_exe_initialize_mta  000000018001457c f   MSVCRT:utility_desktop.obj
 0001:00013580       __scrt_unhandled_exception_filter 0000000180014580 f   MSVCRT:utility_desktop.obj
 0001:000135dc       _RTC_Initialize            00000001800145dc f   MSVCRT:initsect.obj
 0001:00013618       _RTC_Terminate             0000000180014618 f   MSVCRT:initsect.obj
 0001:00013654       _guard_check_icall_nop     0000000180014654 f i MSVCRT:guard_support.obj
 0001:00013658       ReadNoFence64              0000000180014658 f i MSVCRT:guard_support.obj
 0001:0001365c       ReadPointerNoFence         000000018001465c f i MSVCRT:guard_support.obj
 0001:00013660       __castguard_check_failure_debugbreak 0000000180014660 f i MSVCRT:guard_support.obj
 0001:0001367c       __castguard_check_failure_fastfail 000000018001467c f i MSVCRT:guard_support.obj
 0001:000136a0       __castguard_check_failure_nop 00000001800146a0 f i MSVCRT:guard_support.obj
 0001:000136a4       __castguard_check_failure_os_handled 00000001800146a4 f i MSVCRT:guard_support.obj
 0001:00013720       __castguard_slow_path_check_debugbreak 0000000180014720 f i MSVCRT:guard_support.obj
 0001:00013754       __castguard_slow_path_check_fastfail 0000000180014754 f i MSVCRT:guard_support.obj
 0001:00013790       __castguard_slow_path_check_nop 0000000180014790 f i MSVCRT:guard_support.obj
 0001:00013794       __castguard_slow_path_check_os_handled 0000000180014794 f i MSVCRT:guard_support.obj
 0001:00013804       _guard_icall_checks_enforced 0000000180014804 f i MSVCRT:guard_support.obj
 0001:0001381c       _guard_rf_checks_enforced  000000018001481c f i MSVCRT:guard_support.obj
 0001:00013820       __isa_available_init       0000000180014820 f   MSVCRT:cpu_disp.obj
 0001:000139cc       _get_startup_argv_mode     00000001800149cc f   MSVCRT:argv_mode.obj
 0001:000139d4       __scrt_is_ucrt_dll_in_use  00000001800149d4 f   MSVCRT:ucrt_detection.obj
 0001:000139e0       RtlCaptureContext          00000001800149e0 f   kernel32:KERNEL32.dll
 0001:000139e6       RtlLookupFunctionEntry     00000001800149e6 f   kernel32:KERNEL32.dll
 0001:000139ec       RtlVirtualUnwind           00000001800149ec f   kernel32:KERNEL32.dll
 0001:000139f2       UnhandledExceptionFilter   00000001800149f2 f   kernel32:KERNEL32.dll
 0001:000139f8       SetUnhandledExceptionFilter 00000001800149f8 f   kernel32:KERNEL32.dll
 0001:000139fe       GetCurrentProcess          00000001800149fe f   kernel32:KERNEL32.dll
 0001:00013a04       TerminateProcess           0000000180014a04 f   kernel32:KERNEL32.dll
 0001:00013a0a       IsProcessorFeaturePresent  0000000180014a0a f   kernel32:KERNEL32.dll
 0001:00013a10       QueryPerformanceCounter    0000000180014a10 f   kernel32:KERNEL32.dll
 0001:00013a16       GetCurrentProcessId        0000000180014a16 f   kernel32:KERNEL32.dll
 0001:00013a1c       GetCurrentThreadId         0000000180014a1c f   kernel32:KERNEL32.dll
 0001:00013a22       GetSystemTimeAsFileTime    0000000180014a22 f   kernel32:KERNEL32.dll
 0001:00013a28       DisableThreadLibraryCalls  0000000180014a28 f   kernel32:KERNEL32.dll
 0001:00013a2e       InitializeSListHead        0000000180014a2e f   kernel32:KERNEL32.dll
 0001:00013a34       IsDebuggerPresent          0000000180014a34 f   kernel32:KERNEL32.dll
 0001:00013a3a       GetStartupInfoW            0000000180014a3a f   kernel32:KERNEL32.dll
 0001:00013a40       GetModuleHandleW           0000000180014a40 f   kernel32:KERNEL32.dll
 0001:00013a46       memset                     0000000180014a46 f   vcruntime:VCRUNTIME140.dll
 0001:00013a4c       memcpy                     0000000180014a4c f   vcruntime:VCRUNTIME140.dll
 0001:00013a52       __C_specific_handler       0000000180014a52 f   vcruntime:VCRUNTIME140.dll
 0001:00013a58       __std_type_info_destroy_list 0000000180014a58 f   vcruntime:VCRUNTIME140.dll
 0001:00013a5e       __current_exception        0000000180014a5e f   vcruntime:VCRUNTIME140.dll
 0001:00013a64       __current_exception_context 0000000180014a64 f   vcruntime:VCRUNTIME140.dll
 0001:00013a6a       strcmp                     0000000180014a6a f   ucrt:api-ms-win-crt-string-l1-1-0.dll
 0001:00013a70       strcat                     0000000180014a70 f   ucrt:api-ms-win-crt-string-l1-1-0.dll
 0001:00013a76       __stdio_common_vsprintf    0000000180014a76 f   ucrt:api-ms-win-crt-stdio-l1-1-0.dll
 0001:00013a7c       free                       0000000180014a7c f   ucrt:api-ms-win-crt-heap-l1-1-0.dll
 0001:00013a82       malloc                     0000000180014a82 f   ucrt:api-ms-win-crt-heap-l1-1-0.dll
 0001:00013a88       strlen                     0000000180014a88 f   ucrt:api-ms-win-crt-string-l1-1-0.dll
 0001:00013a8e       _initterm                  0000000180014a8e f   ucrt:api-ms-win-crt-runtime-l1-1-0.dll
 0001:00013a94       _initterm_e                0000000180014a94 f   ucrt:api-ms-win-crt-runtime-l1-1-0.dll
 0001:00013a9a       _seh_filter_dll            0000000180014a9a f   ucrt:api-ms-win-crt-runtime-l1-1-0.dll
 0001:00013aa0       _configure_narrow_argv     0000000180014aa0 f   ucrt:api-ms-win-crt-runtime-l1-1-0.dll
 0001:00013aa6       _initialize_narrow_environment 0000000180014aa6 f   ucrt:api-ms-win-crt-runtime-l1-1-0.dll
 0001:00013aac       _initialize_onexit_table   0000000180014aac f   ucrt:api-ms-win-crt-runtime-l1-1-0.dll
 0001:00013ab2       _register_onexit_function  0000000180014ab2 f   ucrt:api-ms-win-crt-runtime-l1-1-0.dll
 0001:00013ab8       _execute_onexit_table      0000000180014ab8 f   ucrt:api-ms-win-crt-runtime-l1-1-0.dll
 0001:00013abe       _crt_atexit                0000000180014abe f   ucrt:api-ms-win-crt-runtime-l1-1-0.dll
 0001:00013ac4       _crt_at_quick_exit         0000000180014ac4 f   ucrt:api-ms-win-crt-runtime-l1-1-0.dll
 0001:00013aca       _cexit                     0000000180014aca f   ucrt:api-ms-win-crt-runtime-l1-1-0.dll
 0001:00013ad0       terminate                  0000000180014ad0 f   ucrt:api-ms-win-crt-runtime-l1-1-0.dll
 0001:00013ad8       __scrt_stub_for_acrt_initialize 0000000180014ad8 f   MSVCRT:ucrt_stubs.obj
 0001:00013ad8       __acrt_initialize          0000000180014ad8 f   MSVCRT:ucrt_stubs.obj
 0001:00013ad8       __vcrt_initialize          0000000180014ad8 f   MSVCRT:ucrt_stubs.obj
 0001:00013adc       __scrt_stub_for_acrt_thread_attach 0000000180014adc f   MSVCRT:ucrt_stubs.obj
 0001:00013adc       __acrt_thread_attach       0000000180014adc f   MSVCRT:ucrt_stubs.obj
 0001:00013adc       __vcrt_thread_attach       0000000180014adc f   MSVCRT:ucrt_stubs.obj
 0001:00013ae0       __scrt_stub_for_acrt_thread_detach 0000000180014ae0 f   MSVCRT:ucrt_stubs.obj
 0001:00013ae0       __acrt_thread_detach       0000000180014ae0 f   MSVCRT:ucrt_stubs.obj
 0001:00013ae0       __vcrt_thread_detach       0000000180014ae0 f   MSVCRT:ucrt_stubs.obj
 0001:00013ae4       __acrt_uninitialize        0000000180014ae4 f   MSVCRT:ucrt_stubs.obj
 0001:00013ae4       __vcrt_uninitialize        0000000180014ae4 f   MSVCRT:ucrt_stubs.obj
 0001:00013ae4       __scrt_stub_for_acrt_uninitialize 0000000180014ae4 f   MSVCRT:ucrt_stubs.obj
 0001:00013ae8       __scrt_stub_for_acrt_uninitialize_critical 0000000180014ae8 f   MSVCRT:ucrt_stubs.obj
 0001:00013ae8       __acrt_uninitialize_critical 0000000180014ae8 f   MSVCRT:ucrt_stubs.obj
 0001:00013ae8       __vcrt_uninitialize_critical 0000000180014ae8 f   MSVCRT:ucrt_stubs.obj
 0001:00013aec       _is_c_termination_complete 0000000180014aec f   MSVCRT:ucrt_stubs.obj
 0001:00013aec       __scrt_stub_for_is_c_termination_complete 0000000180014aec f   MSVCRT:ucrt_stubs.obj
 0001:00013b00       _guard_dispatch_icall_nop  0000000180014b00 f   MSVCRT:guard_dispatch.obj
 0001:00013b20       _guard_xfg_dispatch_icall_nop 0000000180014b20 f   MSVCRT:guard_xfg_dispatch.obj
 0002:00000000       __imp_GetSystemTimeAsFileTime 0000000180015000     kernel32:KERNEL32.dll
 0002:00000008       __imp_IsProcessorFeaturePresent 0000000180015008     kernel32:KERNEL32.dll
 0002:00000010       __imp_RtlCaptureContext    0000000180015010     kernel32:KERNEL32.dll
 0002:00000018       __imp_RtlLookupFunctionEntry 0000000180015018     kernel32:KERNEL32.dll
 0002:00000020       __imp_QueryPerformanceCounter 0000000180015020     kernel32:KERNEL32.dll
 0002:00000028       __imp_GetCurrentProcessId  0000000180015028     kernel32:KERNEL32.dll
 0002:00000030       __imp_GetCurrentThreadId   0000000180015030     kernel32:KERNEL32.dll
 0002:00000038       __imp_DisableThreadLibraryCalls 0000000180015038     kernel32:KERNEL32.dll
 0002:00000040       __imp_InitializeSListHead  0000000180015040     kernel32:KERNEL32.dll
 0002:00000048       __imp_IsDebuggerPresent    0000000180015048     kernel32:KERNEL32.dll
 0002:00000050       __imp_GetStartupInfoW      0000000180015050     kernel32:KERNEL32.dll
 0002:00000058       __imp_GetModuleHandleW     0000000180015058     kernel32:KERNEL32.dll
 0002:00000060       __imp_GetCurrentProcess    0000000180015060     kernel32:KERNEL32.dll
 0002:00000068       __imp_SetUnhandledExceptionFilter 0000000180015068     kernel32:KERNEL32.dll
 0002:00000070       __imp_UnhandledExceptionFilter 0000000180015070     kernel32:KERNEL32.dll
 0002:00000078       __imp_RtlVirtualUnwind     0000000180015078     kernel32:KERNEL32.dll
 0002:00000080       __imp_TerminateProcess     0000000180015080     kernel32:KERNEL32.dll
 0002:00000088       \177KERNEL32_NULL_THUNK_DATA 0000000180015088     kernel32:KERNEL32.dll
 0002:00000090       __imp_memset               0000000180015090     vcruntime:VCRUNTIME140.dll
 0002:00000098       __imp_memcpy               0000000180015098     vcruntime:VCRUNTIME140.dll
 0002:000000a0       __imp___C_specific_handler 00000001800150a0     vcruntime:VCRUNTIME140.dll
 0002:000000a8       __imp___std_type_info_destroy_list 00000001800150a8     vcruntime:VCRUNTIME140.dll
 0002:000000b0       __imp___current_exception  00000001800150b0     vcruntime:VCRUNTIME140.dll
 0002:000000b8       __imp___current_exception_context 00000001800150b8     vcruntime:VCRUNTIME140.dll
 0002:000000c0       \177VCRUNTIME140_NULL_THUNK_DATA 00000001800150c0     vcruntime:VCRUNTIME140.dll
 0002:000000c8       __imp_malloc               00000001800150c8     ucrt:api-ms-win-crt-heap-l1-1-0.dll
 0002:000000d0       __imp_free                 00000001800150d0     ucrt:api-ms-win-crt-heap-l1-1-0.dll
 0002:000000d8       \177api-ms-win-crt-heap-l1-1-0_NULL_THUNK_DATA 00000001800150d8     ucrt:api-ms-win-crt-heap-l1-1-0.dll
 0002:000000e0       __imp__seh_filter_dll      00000001800150e0     ucrt:api-ms-win-crt-runtime-l1-1-0.dll
 0002:000000e8       __imp__configure_narrow_argv 00000001800150e8     ucrt:api-ms-win-crt-runtime-l1-1-0.dll
 0002:000000f0       __imp__initialize_onexit_table 00000001800150f0     ucrt:api-ms-win-crt-runtime-l1-1-0.dll
 0002:000000f8       __imp__register_onexit_function 00000001800150f8     ucrt:api-ms-win-crt-runtime-l1-1-0.dll
 0002:00000100       __imp__execute_onexit_table 0000000180015100     ucrt:api-ms-win-crt-runtime-l1-1-0.dll
 0002:00000108       __imp__crt_atexit          0000000180015108     ucrt:api-ms-win-crt-runtime-l1-1-0.dll
 0002:00000110       __imp__initialize_narrow_environment 0000000180015110     ucrt:api-ms-win-crt-runtime-l1-1-0.dll
 0002:00000118       __imp__initterm_e          0000000180015118     ucrt:api-ms-win-crt-runtime-l1-1-0.dll
 0002:00000120       __imp__crt_at_quick_exit   0000000180015120     ucrt:api-ms-win-crt-runtime-l1-1-0.dll
 0002:00000128       __imp__cexit               0000000180015128     ucrt:api-ms-win-crt-runtime-l1-1-0.dll
 0002:00000130       __imp_terminate            0000000180015130     ucrt:api-ms-win-crt-runtime-l1-1-0.dll
 0002:00000138       __imp__initterm            0000000180015138     ucrt:api-ms-win-crt-runtime-l1-1-0.dll
 0002:00000140       \177api-ms-win-crt-runtime-l1-1-0_NULL_THUNK_DATA 0000000180015140     ucrt:api-ms-win-crt-runtime-l1-1-0.dll
 0002:00000148       __imp___stdio_common_vsprintf 0000000180015148     ucrt:api-ms-win-crt-stdio-l1-1-0.dll
 0002:00000150       \177api-ms-win-crt-stdio-l1-1-0_NULL_THUNK_DATA 0000000180015150     ucrt:api-ms-win-crt-stdio-l1-1-0.dll
 0002:00000158       __imp_strlen               0000000180015158     ucrt:api-ms-win-crt-string-l1-1-0.dll
 0002:00000160       __imp_strcat               0000000180015160     ucrt:api-ms-win-crt-string-l1-1-0.dll
 0002:00000168       __imp_strcmp               0000000180015168     ucrt:api-ms-win-crt-string-l1-1-0.dll
 0002:00000170       \177api-ms-win-crt-string-l1-1-0_NULL_THUNK_DATA 0000000180015170     ucrt:api-ms-win-crt-string-l1-1-0.dll
 0002:00000178       __imp_covrtCreateStateflowInstanceData 0000000180015178     libcovrt:libcovrt.dll
 0002:00000180       __imp_covrtEmlFcnEval      0000000180015180     libcovrt:libcovrt.dll
 0002:00000188       __imp_covrtEmlFcnInitFcn   0000000180015188     libcovrt:libcovrt.dll
 0002:00000190       __imp_covrtEmlInitFcn      0000000180015190     libcovrt:libcovrt.dll
 0002:00000198       __imp_covrtSigUpdateFcn    0000000180015198     libcovrt:libcovrt.dll
 0002:000001a0       __imp_covrtChartInitFcn    00000001800151a0     libcovrt:libcovrt.dll
 0002:000001a8       __imp_covrtStateInitFcn    00000001800151a8     libcovrt:libcovrt.dll
 0002:000001b0       __imp_covrtTransInitFcn    00000001800151b0     libcovrt:libcovrt.dll
 0002:000001b8       __imp_covrtDeleteStateflowInstanceData 00000001800151b8     libcovrt:libcovrt.dll
 0002:000001c0       \177libcovrt_NULL_THUNK_DATA 00000001800151c0     libcovrt:libcovrt.dll
 0002:000001c8       __imp_emlrtIntegerCheckR2012b 00000001800151c8     libemlrt:libemlrt.dll
 0002:000001d0       __imp_emlrtDynamicBoundsCheckR2012b 00000001800151d0     libemlrt:libemlrt.dll
 0002:000001d8       __imp_emlrtLicenseCheckR2022a 00000001800151d8     libemlrt:libemlrt.dll
 0002:000001e0       \177libemlrt_NULL_THUNK_DATA 00000001800151e0     libemlrt:libemlrt.dll
 0002:000001e8       __imp_mexIsLocked_800      00000001800151e8     libmex:libmex.dll
 0002:000001f0       __imp_mexMakeArrayPersistent_800 00000001800151f0     libmex:libmex.dll
 0002:000001f8       __imp_mexErrMsgTxt_800     00000001800151f8     libmex:libmex.dll
 0002:00000200       __imp_mexWarnMsgTxt_800    0000000180015200     libmex:libmex.dll
 0002:00000208       __imp_mexCallMATLAB_800    0000000180015208     libmex:libmex.dll
 0002:00000210       __imp_mexLock_800          0000000180015210     libmex:libmex.dll
 0002:00000218       __imp_mexUnlock_800        0000000180015218     libmex:libmex.dll
 0002:00000220       \177libmex_NULL_THUNK_DATA 0000000180015220     libmex:libmex.dll
 0002:00000228       __imp_imlincomb_tbb_real64 0000000180015228     libmwimlincomb_tbb:libmwimlincomb_tbb.dll
 0002:00000230       \177libmwimlincomb_tbb_NULL_THUNK_DATA 0000000180015230     libmwimlincomb_tbb:libmwimlincomb_tbb.dll
 0002:00000238       __imp_muDoubleScalarIsNaN  0000000180015238     libmwmathutil:libmwmathutil.dll
 0002:00000240       __imp_muDoubleScalarFloor  0000000180015240     libmwmathutil:libmwmathutil.dll
 0002:00000248       __imp_muDoubleScalarMin    0000000180015248     libmwmathutil:libmwmathutil.dll
 0002:00000250       __imp_muDoubleScalarMax    0000000180015250     libmwmathutil:libmwmathutil.dll
 0002:00000258       __imp_muDoubleScalarAbs    0000000180015258     libmwmathutil:libmwmathutil.dll
 0002:00000260       \177libmwmathutil_NULL_THUNK_DATA 0000000180015260     libmwmathutil:libmwmathutil.dll
 0002:00000268       __imp_mxGetM_800           0000000180015268     libmx:libmx.dll
 0002:00000270       __imp_mxGetScalar_800      0000000180015270     libmx:libmx.dll
 0002:00000278       __imp_mxCreateDoubleScalar_800 0000000180015278     libmx:libmx.dll
 0002:00000280       __imp_mxGetN_800           0000000180015280     libmx:libmx.dll
 0002:00000288       __imp_mxIsComplex_800      0000000180015288     libmx:libmx.dll
 0002:00000290       __imp_mxIsNumeric_800      0000000180015290     libmx:libmx.dll
 0002:00000298       __imp_mxGetClassID_800     0000000180015298     libmx:libmx.dll
 0002:000002a0       __imp_mxIsChar_800         00000001800152a0     libmx:libmx.dll
 0002:000002a8       __imp_mxCalloc_800         00000001800152a8     libmx:libmx.dll
 0002:000002b0       __imp_mxGetNaN_800         00000001800152b0     libmx:libmx.dll
 0002:000002b8       __imp_mxCreateStructMatrix_800 00000001800152b8     libmx:libmx.dll
 0002:000002c0       __imp_mxCreateCellMatrix_800 00000001800152c0     libmx:libmx.dll
 0002:000002c8       __imp_mxCreateString_800   00000001800152c8     libmx:libmx.dll
 0002:000002d0       __imp_mxSetField_800       00000001800152d0     libmx:libmx.dll
 0002:000002d8       __imp_mxSetCell_800        00000001800152d8     libmx:libmx.dll
 0002:000002e0       __imp_mxDuplicateArray_800 00000001800152e0     libmx:libmx.dll
 0002:000002e8       __imp_mxGetString_800      00000001800152e8     libmx:libmx.dll
 0002:000002f0       __imp_mxCreateDoubleMatrix_800 00000001800152f0     libmx:libmx.dll
 0002:000002f8       __imp_mxDestroyArray_800   00000001800152f8     libmx:libmx.dll
 0002:00000300       __imp_mxGetPr_800          0000000180015300     libmx:libmx.dll
 0002:00000308       \177libmx_NULL_THUNK_DATA  0000000180015308     libmx:libmx.dll
 0002:00000310       __imp_utFree               0000000180015310     libut:libut.dll
 0002:00000318       __imp_utMalloc             0000000180015318     libut:libut.dll
 0002:00000320       \177libut_NULL_THUNK_DATA  0000000180015320     libut:libut.dll
 0002:00000328       __imp_getRuntimeInstanceInfoAsVoid 0000000180015328     sf_runtime:sf_runtime.dll
 0002:00000330       __imp_call_sf_machine_global_method_dispatcher 0000000180015330     sf_runtime:sf_runtime.dll
 0002:00000338       __imp_callMdlMethodAndReportError 0000000180015338     sf_runtime:sf_runtime.dll
 0002:00000340       __imp_sf_mex_error_direct_call 0000000180015340     sf_runtime:sf_runtime.dll
 0002:00000348       __imp_sf_clear_error_manager_info 0000000180015348     sf_runtime:sf_runtime.dll
 0002:00000350       __imp_sf_get_ChartInfoStruct_CodeGen 0000000180015350     sf_runtime:sf_runtime.dll
 0002:00000358       __imp_sf_mex_call          0000000180015358     sf_runtime:sf_runtime.dll
 0002:00000360       __imp_ssGetOutputPortSignal_wrapper 0000000180015360     sf_runtime:sf_runtime.dll
 0002:00000368       __imp_ssGetInputPortSignal_wrapper 0000000180015368     sf_runtime:sf_runtime.dll
 0002:00000370       __imp_sf_mex_import        0000000180015370     sf_runtime:sf_runtime.dll
 0002:00000378       __imp_sf_mex_destroy       0000000180015378     sf_runtime:sf_runtime.dll
 0002:00000380       __imp_sf_mex_dup           0000000180015380     sf_runtime:sf_runtime.dll
 0002:00000388       __imp_sf_mex_assign        0000000180015388     sf_runtime:sf_runtime.dll
 0002:00000390       __imp_sf_mex_getcell       0000000180015390     sf_runtime:sf_runtime.dll
 0002:00000398       __imp_sf_mex_setcell       0000000180015398     sf_runtime:sf_runtime.dll
 0002:000003a0       __imp_sf_mex_createcellmatrix 00000001800153a0     sf_runtime:sf_runtime.dll
 0002:000003a8       __imp_sf_mex_create        00000001800153a8     sf_runtime:sf_runtime.dll
 0002:000003b0       __imp_sf_mex_error_message 00000001800153b0     sf_runtime:sf_runtime.dll
 0002:000003b8       __imp_sfListenerInitializeRuntimeVars 00000001800153b8     sf_runtime:sf_runtime.dll
 0002:000003c0       __imp_sfListenerLightTerminate 00000001800153c0     sf_runtime:sf_runtime.dll
 0002:000003c8       __imp_sfListenerCacheSimStruct 00000001800153c8     sf_runtime:sf_runtime.dll
 0002:000003d0       __imp_sf_set_work_widths   00000001800153d0     sf_runtime:sf_runtime.dll
 0002:000003d8       __imp_sf_warn_if_symbolic_dimension_param_changed 00000001800153d8     sf_runtime:sf_runtime.dll
 0002:000003e0       __imp_setDebuggerFlag      00000001800153e0     sf_runtime:sf_runtime.dll
 0002:000003e8       __imp_setDataBrowseFcn     00000001800153e8     sf_runtime:sf_runtime.dll
 0002:000003f0       __imp_sfDoAnimationWrapper 00000001800153f0     sf_runtime:sf_runtime.dll
 0002:000003f8       __imp_sf_get_time          00000001800153f8     sf_runtime:sf_runtime.dll
 0002:00000400       __imp_sf_clear_rtw_identifier 0000000180015400     sf_runtime:sf_runtime.dll
 0002:00000408       __imp_sim_mode_is_external 0000000180015408     sf_runtime:sf_runtime.dll
 0002:00000410       __imp_sim_mode_is_rtw_gen  0000000180015410     sf_runtime:sf_runtime.dll
 0002:00000418       __imp_sf_get_chart_instance_ptr 0000000180015418     sf_runtime:sf_runtime.dll
 0002:00000420       __imp_sfrtGetCovrtInstance 0000000180015420     sf_runtime:sf_runtime.dll
 0002:00000428       __imp_sfrtGetEmlrtCtx      0000000180015428     sf_runtime:sf_runtime.dll
 0002:00000430       __imp_sf_free_ChartRunTimeInfo 0000000180015430     sf_runtime:sf_runtime.dll
 0002:00000438       __imp_sf_init_ChartRunTimeInfo 0000000180015438     sf_runtime:sf_runtime.dll
 0002:00000440       __imp_sf_mex_decode        0000000180015440     sf_runtime:sf_runtime.dll
 0002:00000448       __imp_sf_load_rtw_optimization_info 0000000180015448     sf_runtime:sf_runtime.dll
 0002:00000450       __imp_sf_get_hasSeparateUpdateOutputs 0000000180015450     sf_runtime:sf_runtime.dll
 0002:00000458       \177sf_runtime_NULL_THUNK_DATA 0000000180015458     sf_runtime:sf_runtime.dll
 0002:00000460       __guard_check_icall_fptr   0000000180015460     MSVCRT:guard_support.obj
 0002:00000468       __guard_xfg_check_icall_fptr 0000000180015468     MSVCRT:guard_support.obj
 0002:00000470       __guard_dispatch_icall_fptr 0000000180015470     MSVCRT:guard_support.obj
 0002:00000478       __guard_xfg_dispatch_icall_fptr 0000000180015478     MSVCRT:guard_support.obj
 0002:00000480       __guard_xfg_table_dispatch_icall_fptr 0000000180015480     MSVCRT:guard_support.obj
 0002:00000488       __castguard_check_failure_os_handled_fptr 0000000180015488     MSVCRT:guard_support.obj
 0002:00000490       __guard_memcpy_fptr        0000000180015490     vcruntime:softmemtag.obj
 0002:00000498       __xc_a                     0000000180015498     MSVCRT:initializers.obj
 0002:000004a0       __xc_z                     00000001800154a0     MSVCRT:initializers.obj
 0002:000004a8       __xi_a                     00000001800154a8     MSVCRT:initializers.obj
 0002:000004b0       __xi_z                     00000001800154b0     MSVCRT:initializers.obj
 0002:000004b8       __xp_a                     00000001800154b8     MSVCRT:initializers.obj
 0002:000004c0       __xp_z                     00000001800154c0     MSVCRT:initializers.obj
 0002:000004c8       __xt_a                     00000001800154c8     MSVCRT:initializers.obj
 0002:000004d0       __xt_z                     00000001800154d0     MSVCRT:initializers.obj
 0002:000004e0       __real@41a935fb7a000000    00000001800154e0     DCT_sfun.obj
 0002:000004e8       __real@41b0622748000000    00000001800154e8     DCT_sfun.obj
 0002:000004f0       __real@41b82a9620000000    00000001800154f0     DCT_sfun.obj
 0002:000004f8       __real@41c25c6bf7000000    00000001800154f8     DCT_sfun.obj
 0002:00000500       __real@41d15c5627c00000    0000000180015500     DCT_sfun.obj
 0002:00000508       __real@41d2f55d52800000    0000000180015508     DCT_sfun.obj
 0002:00000510       __real@41d6fe0789400000    0000000180015510     DCT_sfun.obj
 0002:00000518       __real@41e09c63e4c00000    0000000180015518     DCT_sfun.obj
 0002:00000520       __real@41e3190c0f400000    0000000180015520     DCT_sfun.obj
 0002:00000528       __real@41e7780042400000    0000000180015528     DCT_sfun.obj
 0002:00000530       __real@41e96e2a0c400000    0000000180015530     DCT_sfun.obj
 0002:00000538       __real@41efb6cb0a600000    0000000180015538     DCT_sfun.obj
 0002:00000548       __real@3ff0000000000000    0000000180015548     c4_DCT.obj
 0002:00000550       __real@4008000000000000    0000000180015550     c4_DCT.obj
 0002:00000558       __real@4010000000000000    0000000180015558     c4_DCT.obj
 0002:00000560       __real@4132c00000000000    0000000180015560     c4_DCT.obj
 0002:00000568       __real@419510d154000000    0000000180015568     c4_DCT.obj
 0002:00000570       __real@41d8a26831c00000    0000000180015570     c4_DCT.obj
 0002:00000578       __real@41e956b96d200000    0000000180015578     c4_DCT.obj
 0002:00000580       __real@41ebce28ba200000    0000000180015580     c4_DCT.obj
 0002:00000590       __real@0000000000000000    0000000180015590     c7_DCT.obj
 0002:00000598       __real@3cb0000000000000    0000000180015598     c7_DCT.obj
 0002:000005a0       __real@406fe00000000000    00000001800155a0     c7_DCT.obj
 0002:000005a8       __real@41d39a0f7b400000    00000001800155a8     c7_DCT.obj
 0002:000005b0       __real@41d725e938800000    00000001800155b0     c7_DCT.obj
 0002:000005b8       __real@41de608c23400000    00000001800155b8     c7_DCT.obj
 0002:000005c0       __real@41e8bf854e600000    00000001800155c0     c7_DCT.obj
 0002:000005d0       __xmm@80000000000000008000000000000000 00000001800155d0     c7_DCT.obj
 0002:000005e0       DYNAMIC_DIMENSION_DEF      00000001800155e0     DCT_sfun_registry.obj
 0002:000005f8       __real@41602cbca0000000    00000001800155f8     DCT_sfun_registry.obj
 0002:00000600       __real@bff0000000000000    0000000180015600     DCT_sfun_registry.obj
 0002:00000608       __real@77800000            0000000180015608     half_type.obj
 0002:00000620       _pDefaultRawDllMain        0000000180015620     MSVCRT:dll_dllmain.obj
 0002:00000620       _pRawDllMain               0000000180015620     MSVCRT:dll_dllmain.obj
 0002:00000630       __xmm@ffffffffffffffffffffffffffffffff 0000000180015630     MSVCRT:utility.obj
 0002:00000640       _load_config_used          0000000180015640     MSVCRT:loadcfg.obj
 0002:00000800       __CastGuardVftablesStart   0000000180015800     MSVCRT:guard_support.obj
 0002:00000880       __CastGuardVftablesEnd     0000000180015880     MSVCRT:guard_support.obj
 0002:00000900       __volatile_metadata        0000000180015900     <linker-defined>
 0002:00000d18       __rtc_iaa                  0000000180015d18     MSVCRT:initsect.obj
 0002:00000d20       __rtc_izz                  0000000180015d20     MSVCRT:initsect.obj
 0002:00000d28       __rtc_taa                  0000000180015d28     MSVCRT:initsect.obj
 0002:00000d30       __rtc_tzz                  0000000180015d30     MSVCRT:initsect.obj
 0002:00001934       __IMPORT_DESCRIPTOR_libmwimlincomb_tbb 0000000180016934     libmwimlincomb_tbb:libmwimlincomb_tbb.dll
 0002:00001948       __IMPORT_DESCRIPTOR_sf_runtime 0000000180016948     sf_runtime:sf_runtime.dll
 0002:0000195c       __IMPORT_DESCRIPTOR_libmx  000000018001695c     libmx:libmx.dll
 0002:00001970       __IMPORT_DESCRIPTOR_libmex 0000000180016970     libmex:libmex.dll
 0002:00001984       __IMPORT_DESCRIPTOR_libut  0000000180016984     libut:libut.dll
 0002:00001998       __IMPORT_DESCRIPTOR_libmwmathutil 0000000180016998     libmwmathutil:libmwmathutil.dll
 0002:000019ac       __IMPORT_DESCRIPTOR_libemlrt 00000001800169ac     libemlrt:libemlrt.dll
 0002:000019c0       __IMPORT_DESCRIPTOR_libcovrt 00000001800169c0     libcovrt:libcovrt.dll
 0002:000019d4       __IMPORT_DESCRIPTOR_KERNEL32 00000001800169d4     kernel32:KERNEL32.dll
 0002:000019e8       __IMPORT_DESCRIPTOR_VCRUNTIME140 00000001800169e8     vcruntime:VCRUNTIME140.dll
 0002:000019fc       __IMPORT_DESCRIPTOR_api-ms-win-crt-string-l1-1-0 00000001800169fc     ucrt:api-ms-win-crt-string-l1-1-0.dll
 0002:00001a10       __IMPORT_DESCRIPTOR_api-ms-win-crt-stdio-l1-1-0 0000000180016a10     ucrt:api-ms-win-crt-stdio-l1-1-0.dll
 0002:00001a24       __IMPORT_DESCRIPTOR_api-ms-win-crt-heap-l1-1-0 0000000180016a24     ucrt:api-ms-win-crt-heap-l1-1-0.dll
 0002:00001a38       __IMPORT_DESCRIPTOR_api-ms-win-crt-runtime-l1-1-0 0000000180016a38     ucrt:api-ms-win-crt-runtime-l1-1-0.dll
 0002:00001a4c       __NULL_IMPORT_DESCRIPTOR   0000000180016a4c     libmwimlincomb_tbb:libmwimlincomb_tbb.dll
 0003:00002a20       DYNAMIC_DIMENSION          000000018001aa20     DCT_sfun_registry.obj
 0003:00004f40       __security_cookie          000000018001cf40     MSVCRT:gs_cookie.obj
 0003:00004f48       __security_cookie_complement 000000018001cf48     MSVCRT:gs_cookie.obj
 0003:00004f50       _fltused                   000000018001cf50     MSVCRT:fltused.obj
 0003:00004f54       __scrt_native_dllmain_reason 000000018001cf54     MSVCRT:utility.obj
 0003:00004f58       __isa_available            000000018001cf58     MSVCRT:cpu_disp.obj
 0003:00004f5c       __isa_enabled              000000018001cf5c     MSVCRT:cpu_disp.obj
 0003:00004f60       __memset_fast_string_threshold 000000018001cf60     MSVCRT:cpu_disp.obj
 0003:00004f68       __memset_nt_threshold      000000018001cf68     MSVCRT:cpu_disp.obj
 0003:00004f70       __scrt_ucrt_dll_is_in_use  000000018001cf70     MSVCRT:ucrt_stubs.obj
 0003:00006130       ?__type_info_root_node@@3U__type_info_node@@A 000000018001e130     MSVCRT:tncleanup.obj
 0003:00006140       ?_OptionsStorage@?1??__local_stdio_printf_options@@9@4_KA 000000018001e140     MSVCRT:default_local_stdio_options.obj
 0003:00006148       ?_OptionsStorage@?1??__local_stdio_scanf_options@@9@4_KA 000000018001e148     MSVCRT:default_local_stdio_options.obj
 0003:00006150       __scrt_current_native_startup_state 000000018001e150     MSVCRT:utility.obj
 0003:00006158       __scrt_native_startup_lock 000000018001e158     MSVCRT:utility.obj
 0003:00006198       __scrt_debugger_hook_flag  000000018001e198     MSVCRT:utility_desktop.obj
 0003:0000619c       __favor                    000000018001e19c     MSVCRT:cpu_disp.obj
 0003:000061a0       ?_OptionsStorage@?1??__local_stdio_printf_options@@9@9 000000018001e1a0     <common>
 0003:000061a8       __dyn_tls_init_callback    000000018001e1a8     <common>

 entry point at        0001:00012d74

 Static symbols

 0000:00000000       .debug$S                   0000000180000000     DCT_sfun.exp
 0000:00000000       _volmd                     0000000180000000     DCT_sfun.obj
 0000:00000000       _volmd                     0000000180000000     DCT_sfun_registry.obj
 0000:00000000       _volmd                     0000000180000000     c4_DCT.obj
 0000:00000000       _volmd                     0000000180000000     c7_DCT.obj
 0000:00000000       .debug$S                   0000000180000000     ucrt:api-ms-win-crt-heap-l1-1-0.dll
 0000:00000000       .debug$S                   0000000180000000     ucrt:api-ms-win-crt-heap-l1-1-0.dll
 0000:00000000       .debug$S                   0000000180000000     ucrt:api-ms-win-crt-runtime-l1-1-0.dll
 0000:00000000       .debug$S                   0000000180000000     ucrt:api-ms-win-crt-runtime-l1-1-0.dll
 0000:00000000       .debug$S                   0000000180000000     ucrt:api-ms-win-crt-runtime-l1-1-0.dll
 0000:00000000       .debug$S                   0000000180000000     ucrt:api-ms-win-crt-runtime-l1-1-0.dll
 0000:00000000       .debug$S                   0000000180000000     ucrt:api-ms-win-crt-runtime-l1-1-0.dll
 0000:00000000       .debug$S                   0000000180000000     ucrt:api-ms-win-crt-runtime-l1-1-0.dll
 0000:00000000       .debug$S                   0000000180000000     ucrt:api-ms-win-crt-runtime-l1-1-0.dll
 0000:00000000       .debug$S                   0000000180000000     ucrt:api-ms-win-crt-runtime-l1-1-0.dll
 0000:00000000       .debug$S                   0000000180000000     ucrt:api-ms-win-crt-runtime-l1-1-0.dll
 0000:00000000       .debug$S                   0000000180000000     ucrt:api-ms-win-crt-runtime-l1-1-0.dll
 0000:00000000       .debug$S                   0000000180000000     ucrt:api-ms-win-crt-runtime-l1-1-0.dll
 0000:00000000       .debug$S                   0000000180000000     ucrt:api-ms-win-crt-runtime-l1-1-0.dll
 0000:00000000       .debug$S                   0000000180000000     ucrt:api-ms-win-crt-stdio-l1-1-0.dll
 0000:00000000       .debug$S                   0000000180000000     ucrt:api-ms-win-crt-string-l1-1-0.dll
 0000:00000000       .debug$S                   0000000180000000     ucrt:api-ms-win-crt-string-l1-1-0.dll
 0000:00000000       .debug$S                   0000000180000000     ucrt:api-ms-win-crt-string-l1-1-0.dll
 0000:00000000       .debug$S                   0000000180000000     kernel32:KERNEL32.dll
 0000:00000000       .debug$S                   0000000180000000     kernel32:KERNEL32.dll
 0000:00000000       .debug$S                   0000000180000000     kernel32:KERNEL32.dll
 0000:00000000       .debug$S                   0000000180000000     kernel32:KERNEL32.dll
 0000:00000000       .debug$S                   0000000180000000     kernel32:KERNEL32.dll
 0000:00000000       .debug$S                   0000000180000000     kernel32:KERNEL32.dll
 0000:00000000       .debug$S                   0000000180000000     kernel32:KERNEL32.dll
 0000:00000000       .debug$S                   0000000180000000     kernel32:KERNEL32.dll
 0000:00000000       .debug$S                   0000000180000000     kernel32:KERNEL32.dll
 0000:00000000       .debug$S                   0000000180000000     kernel32:KERNEL32.dll
 0000:00000000       .debug$S                   0000000180000000     kernel32:KERNEL32.dll
 0000:00000000       .debug$S                   0000000180000000     kernel32:KERNEL32.dll
 0000:00000000       .debug$S                   0000000180000000     kernel32:KERNEL32.dll
 0000:00000000       .debug$S                   0000000180000000     kernel32:KERNEL32.dll
 0000:00000000       .debug$S                   0000000180000000     kernel32:KERNEL32.dll
 0000:00000000       .debug$S                   0000000180000000     kernel32:KERNEL32.dll
 0000:00000000       .debug$S                   0000000180000000     kernel32:KERNEL32.dll
 0000:00000000       .debug$S                   0000000180000000     libcovrt:libcovrt.dll
 0000:00000000       .debug$S                   0000000180000000     libcovrt:libcovrt.dll
 0000:00000000       .debug$S                   0000000180000000     libcovrt:libcovrt.dll
 0000:00000000       .debug$S                   0000000180000000     libcovrt:libcovrt.dll
 0000:00000000       .debug$S                   0000000180000000     libcovrt:libcovrt.dll
 0000:00000000       .debug$S                   0000000180000000     libcovrt:libcovrt.dll
 0000:00000000       .debug$S                   0000000180000000     libcovrt:libcovrt.dll
 0000:00000000       .debug$S                   0000000180000000     libcovrt:libcovrt.dll
 0000:00000000       .debug$S                   0000000180000000     libcovrt:libcovrt.dll
 0000:00000000       .debug$S                   0000000180000000     libemlrt:libemlrt.dll
 0000:00000000       .debug$S                   0000000180000000     libemlrt:libemlrt.dll
 0000:00000000       .debug$S                   0000000180000000     libemlrt:libemlrt.dll
 0000:00000000       .debug$S                   0000000180000000     libmex:libmex.dll
 0000:00000000       .debug$S                   0000000180000000     libmex:libmex.dll
 0000:00000000       .debug$S                   0000000180000000     libmex:libmex.dll
 0000:00000000       .debug$S                   0000000180000000     libmex:libmex.dll
 0000:00000000       .debug$S                   0000000180000000     libmex:libmex.dll
 0000:00000000       .debug$S                   0000000180000000     libmex:libmex.dll
 0000:00000000       .debug$S                   0000000180000000     libmex:libmex.dll
 0000:00000000       .debug$S                   0000000180000000     libmwimlincomb_tbb:libmwimlincomb_tbb.dll
 0000:00000000       .debug$S                   0000000180000000     libmwmathutil:libmwmathutil.dll
 0000:00000000       .debug$S                   0000000180000000     libmwmathutil:libmwmathutil.dll
 0000:00000000       .debug$S                   0000000180000000     libmwmathutil:libmwmathutil.dll
 0000:00000000       .debug$S                   0000000180000000     libmwmathutil:libmwmathutil.dll
 0000:00000000       .debug$S                   0000000180000000     libmwmathutil:libmwmathutil.dll
 0000:00000000       .debug$S                   0000000180000000     libmx:libmx.dll
 0000:00000000       .debug$S                   0000000180000000     libmx:libmx.dll
 0000:00000000       .debug$S                   0000000180000000     libmx:libmx.dll
 0000:00000000       .debug$S                   0000000180000000     libmx:libmx.dll
 0000:00000000       .debug$S                   0000000180000000     libmx:libmx.dll
 0000:00000000       .debug$S                   0000000180000000     libmx:libmx.dll
 0000:00000000       .debug$S                   0000000180000000     libmx:libmx.dll
 0000:00000000       .debug$S                   0000000180000000     libmx:libmx.dll
 0000:00000000       .debug$S                   0000000180000000     libmx:libmx.dll
 0000:00000000       .debug$S                   0000000180000000     libmx:libmx.dll
 0000:00000000       .debug$S                   0000000180000000     libmx:libmx.dll
 0000:00000000       .debug$S                   0000000180000000     libmx:libmx.dll
 0000:00000000       .debug$S                   0000000180000000     libmx:libmx.dll
 0000:00000000       .debug$S                   0000000180000000     libmx:libmx.dll
 0000:00000000       .debug$S                   0000000180000000     libmx:libmx.dll
 0000:00000000       .debug$S                   0000000180000000     libmx:libmx.dll
 0000:00000000       .debug$S                   0000000180000000     libmx:libmx.dll
 0000:00000000       .debug$S                   0000000180000000     libmx:libmx.dll
 0000:00000000       .debug$S                   0000000180000000     libmx:libmx.dll
 0000:00000000       .debug$S                   0000000180000000     libmx:libmx.dll
 0000:00000000       .debug$S                   0000000180000000     libut:libut.dll
 0000:00000000       .debug$S                   0000000180000000     libut:libut.dll
 0000:00000000       .debug$S                   0000000180000000     sf_runtime:sf_runtime.dll
 0000:00000000       .debug$S                   0000000180000000     sf_runtime:sf_runtime.dll
 0000:00000000       .debug$S                   0000000180000000     sf_runtime:sf_runtime.dll
 0000:00000000       .debug$S                   0000000180000000     sf_runtime:sf_runtime.dll
 0000:00000000       .debug$S                   0000000180000000     sf_runtime:sf_runtime.dll
 0000:00000000       .debug$S                   0000000180000000     sf_runtime:sf_runtime.dll
 0000:00000000       .debug$S                   0000000180000000     sf_runtime:sf_runtime.dll
 0000:00000000       .debug$S                   0000000180000000     sf_runtime:sf_runtime.dll
 0000:00000000       .debug$S                   0000000180000000     sf_runtime:sf_runtime.dll
 0000:00000000       .debug$S                   0000000180000000     sf_runtime:sf_runtime.dll
 0000:00000000       .debug$S                   0000000180000000     sf_runtime:sf_runtime.dll
 0000:00000000       .debug$S                   0000000180000000     sf_runtime:sf_runtime.dll
 0000:00000000       .debug$S                   0000000180000000     sf_runtime:sf_runtime.dll
 0000:00000000       .debug$S                   0000000180000000     sf_runtime:sf_runtime.dll
 0000:00000000       .debug$S                   0000000180000000     sf_runtime:sf_runtime.dll
 0000:00000000       .debug$S                   0000000180000000     sf_runtime:sf_runtime.dll
 0000:00000000       .debug$S                   0000000180000000     sf_runtime:sf_runtime.dll
 0000:00000000       .debug$S                   0000000180000000     sf_runtime:sf_runtime.dll
 0000:00000000       .debug$S                   0000000180000000     sf_runtime:sf_runtime.dll
 0000:00000000       .debug$S                   0000000180000000     sf_runtime:sf_runtime.dll
 0000:00000000       .debug$S                   0000000180000000     sf_runtime:sf_runtime.dll
 0000:00000000       .debug$S                   0000000180000000     sf_runtime:sf_runtime.dll
 0000:00000000       .debug$S                   0000000180000000     sf_runtime:sf_runtime.dll
 0000:00000000       .debug$S                   0000000180000000     sf_runtime:sf_runtime.dll
 0000:00000000       .debug$S                   0000000180000000     sf_runtime:sf_runtime.dll
 0000:00000000       .debug$S                   0000000180000000     sf_runtime:sf_runtime.dll
 0000:00000000       .debug$S                   0000000180000000     sf_runtime:sf_runtime.dll
 0000:00000000       .debug$S                   0000000180000000     sf_runtime:sf_runtime.dll
 0000:00000000       .debug$S                   0000000180000000     sf_runtime:sf_runtime.dll
 0000:00000000       .debug$S                   0000000180000000     sf_runtime:sf_runtime.dll
 0000:00000000       .debug$S                   0000000180000000     sf_runtime:sf_runtime.dll
 0000:00000000       .debug$S                   0000000180000000     sf_runtime:sf_runtime.dll
 0000:00000000       .debug$S                   0000000180000000     sf_runtime:sf_runtime.dll
 0000:00000000       .debug$S                   0000000180000000     sf_runtime:sf_runtime.dll
 0000:00000000       .debug$S                   0000000180000000     sf_runtime:sf_runtime.dll
 0000:00000000       .debug$S                   0000000180000000     sf_runtime:sf_runtime.dll
 0000:00000000       .debug$S                   0000000180000000     sf_runtime:sf_runtime.dll
 0000:00000000       .debug$S                   0000000180000000     sf_runtime:sf_runtime.dll
 0000:00000000       _volmd                     0000000180000000     MSVCRT:cpu_disp.obj
 0002:fffeb000       __guard_ehcont_?dllmain_dispatch@@YAHQEAUHINSTANCE__@@KQEAX@Z 0000000180000000     MSVCRT:dll_dllmain.obj
 0002:fffeb000       __guard_fids_?dllmain_dispatch@@YAHQEAUHINSTANCE__@@KQEAX@Z 0000000180000000     MSVCRT:dll_dllmain.obj
 0000:00000000       _volmd                     0000000180000000     MSVCRT:gs_report.obj
 0000:00000000       _volmd                     0000000180000000     MSVCRT:gs_report.obj
 0000:00000000       _volmd                     0000000180000000     MSVCRT:gs_report.obj
 0002:fffeb000       __guard_fids__             0000000180000000     MSVCRT:guard_support.obj
 0002:fffeb000       __guard_fids__             0000000180000000     MSVCRT:guard_support.obj
 0002:fffeb000       __guard_fids__guard_icall_checks_enforced 0000000180000000     MSVCRT:guard_support.obj
 0000:00000000       _volmd                     0000000180000000     MSVCRT:guard_support.obj
 0000:00000000       _volmd                     0000000180000000     MSVCRT:guard_support.obj
 0000:00000000       _volmd                     0000000180000000     MSVCRT:guard_support.obj
 0000:00000000       _volmd                     0000000180000000     MSVCRT:guard_support.obj
 0000:00000000       _volmd                     0000000180000000     MSVCRT:guard_support.obj
 0000:00000000       _volmd                     0000000180000000     MSVCRT:guard_support.obj
 0002:fffeb000       __guard_ehcont___scrt_is_nonwritable_in_current_image 0000000180000000     MSVCRT:utility.obj
 0000:00000000       _volmd                     0000000180000000     MSVCRT:utility.obj
 0000:00000000       _volmd                     0000000180000000     MSVCRT:utility.obj
 0000:00000000       _volmd                     0000000180000000     MSVCRT:utility.obj
 0002:fffeb000       __guard_fids___scrt_set_unhandled_exception_filter 0000000180000000     MSVCRT:utility_desktop.obj
 0000:00000000       _volmd                     0000000180000000     MSVCRT:utility_desktop.obj
 0000:00000000       .debug$S                   0000000180000000     vcruntime:VCRUNTIME140.dll
 0000:00000000       .debug$S                   0000000180000000     vcruntime:VCRUNTIME140.dll
 0000:00000000       .debug$S                   0000000180000000     vcruntime:VCRUNTIME140.dll
 0000:00000000       .debug$S                   0000000180000000     vcruntime:VCRUNTIME140.dll
 0000:00000000       .debug$S                   0000000180000000     vcruntime:VCRUNTIME140.dll
 0000:00000000       .debug$S                   0000000180000000     vcruntime:VCRUNTIME140.dll
 0002:fffeb000       __guard_fids__             0000000180000000     vcruntime:softmemtag.obj
 0000:00000010       _volmd                     0000000180000010     DCT_sfun.obj
 0000:00000010       _volmd                     0000000180000010     DCT_sfun_registry.obj
 0000:00000010       _volmd                     0000000180000010     c4_DCT.obj
 0000:00000010       _volmd                     0000000180000010     c7_DCT.obj
 0000:00000020       _volmd                     0000000180000020     DCT_sfun.obj
 0000:00000020       _volmd                     0000000180000020     DCT_sfun_registry.obj
 0000:00000020       _volmd                     0000000180000020     c4_DCT.obj
 0000:00000020       _volmd                     0000000180000020     c7_DCT.obj
 0000:00000030       _volmd                     0000000180000030     DCT_sfun.obj
 0000:00000030       _volmd                     0000000180000030     DCT_sfun_registry.obj
 0000:00000030       _volmd                     0000000180000030     c7_DCT.obj
 0000:00000040       _volmd                     0000000180000040     DCT_sfun.obj
 0000:00000040       _volmd                     0000000180000040     DCT_sfun_registry.obj
 0000:00000040       _volmd                     0000000180000040     c7_DCT.obj
 0000:00000050       _volmd                     0000000180000050     DCT_sfun.obj
 0000:00000050       _volmd                     0000000180000050     DCT_sfun_registry.obj
 0000:00000050       _volmd                     0000000180000050     c7_DCT.obj
 0000:00000060       _volmd                     0000000180000060     DCT_sfun_registry.obj
 0000:00000070       _volmd                     0000000180000070     DCT_sfun_registry.obj
 0000:00000080       _volmd                     0000000180000080     DCT_sfun_registry.obj
 0000:00000090       _volmd                     0000000180000090     DCT_sfun_registry.obj
 0000:000000a0       _volmd                     00000001800000a0     DCT_sfun_registry.obj
 0000:000000b0       _volmd                     00000001800000b0     DCT_sfun_registry.obj
 0000:000000c0       _volmd                     00000001800000c0     DCT_sfun_registry.obj
 0000:000000d0       _volmd                     00000001800000d0     DCT_sfun_registry.obj
 0000:000000e0       _volmd                     00000001800000e0     DCT_sfun_registry.obj
 0000:000000f0       _volmd                     00000001800000f0     DCT_sfun_registry.obj
 0000:00000100       _volmd                     0000000180000100     DCT_sfun_registry.obj
 0001:000012c0       initialize_c4_DCT          00000001800022c0 f   c4_DCT.obj
 0001:00001360       initialize_params_c4_DCT   0000000180002360 f   c4_DCT.obj
 0001:00001370       mdl_start_c4_DCT           0000000180002370 f   c4_DCT.obj
 0001:00001380       mdl_terminate_c4_DCT       0000000180002380 f   c4_DCT.obj
 0001:00001390       mdl_setup_runtime_resources_c4_DCT 0000000180002390 f   c4_DCT.obj
 0001:00001600       mdl_cleanup_runtime_resources_c4_DCT 0000000180002600 f   c4_DCT.obj
 0001:00001640       enable_c4_DCT              0000000180002640 f   c4_DCT.obj
 0001:00001670       disable_c4_DCT             0000000180002670 f   c4_DCT.obj
 0001:000016a0       sf_gateway_c4_DCT          00000001800026a0 f   c4_DCT.obj
 0001:00001b20       c4_do_animation_call_c4_DCT 0000000180002b20 f   c4_DCT.obj
 0001:00001b60       get_sim_state_c4_DCT       0000000180002b60 f   c4_DCT.obj
 0001:00001dd0       set_sim_state_c4_DCT       0000000180002dd0 f   c4_DCT.obj
 0001:00002000       initSimStructsc4_DCT       0000000180003000 f   c4_DCT.obj
 0001:00002010       c4_rgb2ycbcr               0000000180003010 f   c4_DCT.obj
 0001:000025f0       c4_imlincomb               00000001800035f0 f   c4_DCT.obj
 0001:000027e0       c4_emlrt_marshallIn        00000001800037e0 f   c4_DCT.obj
 0001:00002850       c4_b_emlrt_marshallIn      0000000180003850 f   c4_DCT.obj
 0001:00002950       c4_c_emlrt_marshallIn      0000000180003950 f   c4_DCT.obj
 0001:000029c0       c4_d_emlrt_marshallIn      00000001800039c0 f   c4_DCT.obj
 0001:00002a50       c4_chart_data_browse_helper 0000000180003a50 f   c4_DCT.obj
 0001:00002ad0       init_dsm_address_info      0000000180003ad0 f   c4_DCT.obj
 0001:00002ae0       init_simulink_io_address   0000000180003ae0 f   c4_DCT.obj
 0001:00002db0       sf_get_sim_state_info_c4_DCT 0000000180003db0 f   c4_DCT.obj
 0001:00002e70       sf_opaque_initialize_c4_DCT 0000000180003e70 f   c4_DCT.obj
 0001:00002ea0       sf_opaque_enable_c4_DCT    0000000180003ea0 f   c4_DCT.obj
 0001:00002ec0       sf_opaque_disable_c4_DCT   0000000180003ec0 f   c4_DCT.obj
 0001:00002ee0       sf_opaque_gateway_c4_DCT   0000000180003ee0 f   c4_DCT.obj
 0001:00002f00       sf_opaque_get_sim_state_c4_DCT 0000000180003f00 f   c4_DCT.obj
 0001:00002f30       sf_opaque_set_sim_state_c4_DCT 0000000180003f30 f   c4_DCT.obj
 0001:00002f60       sf_opaque_cleanup_runtime_resources_c4_DCT 0000000180003f60 f   c4_DCT.obj
 0001:00003000       sf_opaque_mdl_start_c4_DCT 0000000180004000 f   c4_DCT.obj
 0001:00003020       sf_opaque_mdl_terminate_c4_DCT 0000000180004020 f   c4_DCT.obj
 0001:00003040       mdlProcessParameters_c4_DCT 0000000180004040 f   c4_DCT.obj
 0001:000032f0       mdlSetWorkWidths_c4_DCT    00000001800042f0 f   c4_DCT.obj
 0001:00003380       mdlRTW_c4_DCT              0000000180004380 f   c4_DCT.obj
 0001:000033c0       mdlSetupRuntimeResources_c4_DCT 00000001800043c0 f   c4_DCT.obj
 0001:00003810       initialize_c7_DCT          0000000180004810 f   c7_DCT.obj
 0001:000038b0       initialize_params_c7_DCT   00000001800048b0 f   c7_DCT.obj
[...]
 0003:00002338       $SG27619                   000000018001a338     c7_DCT.obj
 0003:00002350       $SG27566                   000000018001a350     c7_DCT.obj
 0003:000023a0       $SG27568                   000000018001a3a0     c7_DCT.obj
 0003:000023f0       $SG27570                   000000018001a3f0     c7_DCT.obj
 0003:00002440       $SG27572                   000000018001a440     c7_DCT.obj
 0003:00002490       $SG27574                   000000018001a490     c7_DCT.obj
 0003:000024e0       $SG27576                   000000018001a4e0     c7_DCT.obj
 0003:00002530       $SG27578                   000000018001a530     c7_DCT.obj
 0003:00002580       $SG27580                   000000018001a580     c7_DCT.obj
 0003:000025d0       $SG27582                   000000018001a5d0     c7_DCT.obj
 0003:00002620       $SG27584                   000000018001a620     c7_DCT.obj
 0003:00002670       $SG27586                   000000018001a670     c7_DCT.obj
 0003:000026c0       $SG27588                   000000018001a6c0     c7_DCT.obj
 0003:00002710       $SG27590                   000000018001a710     c7_DCT.obj
 0003:00002760       $SG27592                   000000018001a760     c7_DCT.obj
 0003:000027b0       $SG27594                   000000018001a7b0     c7_DCT.obj
 0003:00002800       $SG27596                   000000018001a800     c7_DCT.obj
 0003:00002850       $SG27598                   000000018001a850     c7_DCT.obj
 0003:000028a0       $SG27600                   000000018001a8a0     c7_DCT.obj
 0003:000028f0       $SG27602                   000000018001a8f0     c7_DCT.obj
 0003:00002940       $SG27604                   000000018001a940     c7_DCT.obj
 0003:00002990       $SG27644                   000000018001a990     c7_DCT.obj
 0003:000029c0       $SG27659                   000000018001a9c0     c7_DCT.obj
 0003:00002a28       $SG26397                   000000018001aa28     DCT_sfun_registry.obj
 0003:00002a44       $SG26399                   000000018001aa44     DCT_sfun_registry.obj
 0003:00002a48       $SG26435                   000000018001aa48     DCT_sfun_registry.obj
 0003:00002a60       $SG26437                   000000018001aa60     DCT_sfun_registry.obj
 0003:00002a64       $SG26475                   000000018001aa64     DCT_sfun_registry.obj
 0003:00002a68       $SG26473                   000000018001aa68     DCT_sfun_registry.obj
 0003:00002a80       $SG26511                   000000018001aa80     DCT_sfun_registry.obj
 0003:00002aa0       $SG26513                   000000018001aaa0     DCT_sfun_registry.obj
 0003:00002aa4       $SG26551                   000000018001aaa4     DCT_sfun_registry.obj
 0003:00002aa8       $SG26549                   000000018001aaa8     DCT_sfun_registry.obj
 0003:00002ac8       $SG26571                   000000018001aac8     DCT_sfun_registry.obj
 0003:00002ad8       $SG26589                   000000018001aad8     DCT_sfun_registry.obj
 0003:00002af0       $SG26620                   000000018001aaf0     DCT_sfun_registry.obj
 0003:00002af4       $SG26720                   000000018001aaf4     DCT_sfun_registry.obj
 0003:00002afc       $SG28572                   000000018001aafc     DCT_sfun_registry.obj
 0003:00002b00       $SG26721                   000000018001ab00     DCT_sfun_registry.obj
 0003:00002b14       $SG26726                   000000018001ab14     DCT_sfun_registry.obj
 0003:00002b1c       $SG28653                   000000018001ab1c     DCT_sfun_registry.obj
 0003:00002b20       $SG26727                   000000018001ab20     DCT_sfun_registry.obj
 0003:00002b3c       $SG27498                   000000018001ab3c     DCT_sfun_registry.obj
 0003:00002b44       $SG29071                   000000018001ab44     DCT_sfun_registry.obj
 0003:00002b50       $SG26869                   000000018001ab50     DCT_sfun_registry.obj
 0003:00002b78       _sfcnName                  000000018001ab78     DCT_sfun_registry.obj
 0003:00002b98       $SG27291                   000000018001ab98     DCT_sfun_registry.obj
 0003:00002ba0       $SG26886                   000000018001aba0     DCT_sfun_registry.obj
 0003:00002c18       $SG27292                   000000018001ac18     DCT_sfun_registry.obj
 0003:00002c20       $SG27306                   000000018001ac20     DCT_sfun_registry.obj
 0003:00002c30       $SG27496                   000000018001ac30     DCT_sfun_registry.obj
 0003:00002c70       $SG27497                   000000018001ac70     DCT_sfun_registry.obj
 0003:00002c80       $SG27502                   000000018001ac80     DCT_sfun_registry.obj
 0003:00002cc8       $SG27503                   000000018001acc8     DCT_sfun_registry.obj
 0003:00002cd8       $SG27504                   000000018001acd8     DCT_sfun_registry.obj
 0003:00002ce0       $SG27505                   000000018001ace0     DCT_sfun_registry.obj
 0003:00002d38       $SG27506                   000000018001ad38     DCT_sfun_registry.obj
 0003:00002d48       $SG27507                   000000018001ad48     DCT_sfun_registry.obj
 0003:00002d50       $SG27529                   000000018001ad50     DCT_sfun_registry.obj
 0003:00002d90       $SG27530                   000000018001ad90     DCT_sfun_registry.obj
 0003:00002da0       $SG27531                   000000018001ada0     DCT_sfun_registry.obj
 0003:00002da8       $SG27537                   000000018001ada8     DCT_sfun_registry.obj
 0003:00002db0       $SG27535                   000000018001adb0     DCT_sfun_registry.obj
 0003:00002df8       $SG27536                   000000018001adf8     DCT_sfun_registry.obj
 0003:00002e08       $SG27540                   000000018001ae08     DCT_sfun_registry.obj
 0003:00002e10       $SG27538                   000000018001ae10     DCT_sfun_registry.obj
 0003:00002e68       $SG27539                   000000018001ae68     DCT_sfun_registry.obj
 0003:00002e78       $SG27566                   000000018001ae78     DCT_sfun_registry.obj
 0003:00002e80       $SG27564                   000000018001ae80     DCT_sfun_registry.obj
 0003:00002ed0       $SG27565                   000000018001aed0     DCT_sfun_registry.obj
 0003:00002ee0       $SG27578                   000000018001aee0     DCT_sfun_registry.obj
 0003:00002f40       $SG27579                   000000018001af40     DCT_sfun_registry.obj
 0003:00002f48       $SG27580                   000000018001af48     DCT_sfun_registry.obj
 0003:00002f50       $SG27592                   000000018001af50     DCT_sfun_registry.obj
 0003:00002fb0       $SG27593                   000000018001afb0     DCT_sfun_registry.obj
 0003:00002fb8       $SG27594                   000000018001afb8     DCT_sfun_registry.obj
 0003:00002fc0       $SG27934                   000000018001afc0     DCT_sfun_registry.obj
 0003:00003038       $SG28556                   000000018001b038     DCT_sfun_registry.obj
 0003:00003050       $SG27937                   000000018001b050     DCT_sfun_registry.obj
 0003:000030c4       $SG28627                   000000018001b0c4     DCT_sfun_registry.obj
 0003:000030d0       $SG27942                   000000018001b0d0     DCT_sfun_registry.obj
 0003:00003148       $SG28628                   000000018001b148     DCT_sfun_registry.obj
 0003:00003150       $SG27950                   000000018001b150     DCT_sfun_registry.obj
 0003:000031c0       $SG28225                   000000018001b1c0     DCT_sfun_registry.obj
 0003:00003238       $SG28629                   000000018001b238     DCT_sfun_registry.obj
 0003:00003240       $SG28230                   000000018001b240     DCT_sfun_registry.obj
 0003:000032b8       $SG28635                   000000018001b2b8     DCT_sfun_registry.obj
 0003:000032c0       $SG28569                   000000018001b2c0     DCT_sfun_registry.obj
 0003:00003338       $SG28638                   000000018001b338     DCT_sfun_registry.obj
 0003:00003340       $SG28630                   000000018001b340     DCT_sfun_registry.obj
 0003:000033b8       $SG28641                   000000018001b3b8     DCT_sfun_registry.obj
 0003:000033c0       $SG28632                   000000018001b3c0     DCT_sfun_registry.obj
 0003:00003440       $SG28642                   000000018001b440     DCT_sfun_registry.obj
 0003:000034c0       $SG28643                   000000018001b4c0     DCT_sfun_registry.obj
 0003:000034d0       $SG28645                   000000018001b4d0     DCT_sfun_registry.obj
 0003:000034dc       $SG28647                   000000018001b4dc     DCT_sfun_registry.obj
 0003:000034e4       $SG28649                   000000018001b4e4     DCT_sfun_registry.obj
 0003:000034f0       $SG28651                   000000018001b4f0     DCT_sfun_registry.obj
 0003:00003500       $SG28656                   000000018001b500     DCT_sfun_registry.obj
 0003:000035e8       $SG28774                   000000018001b5e8     DCT_sfun_registry.obj
 0003:00003618       $SG28775                   000000018001b618     DCT_sfun_registry.obj
 0003:00003628       $SG28776                   000000018001b628     DCT_sfun_registry.obj
 0003:00003630       $SG28778                   000000018001b630     DCT_sfun_registry.obj
 0003:00003668       $SG28779                   000000018001b668     DCT_sfun_registry.obj
 0003:00003678       $SG28780                   000000018001b678     DCT_sfun_registry.obj
 0003:00003680       $SG28783                   000000018001b680     DCT_sfun_registry.obj
 0003:000036b8       $SG28784                   000000018001b6b8     DCT_sfun_registry.obj
 0003:000036c8       $SG28785                   000000018001b6c8     DCT_sfun_registry.obj
 0003:000036d0       $SG28787                   000000018001b6d0     DCT_sfun_registry.obj
 0003:00003708       $SG28788                   000000018001b708     DCT_sfun_registry.obj
 0003:00003718       $SG28789                   000000018001b718     DCT_sfun_registry.obj
 0003:00003720       $SG28791                   000000018001b720     DCT_sfun_registry.obj
 0003:00003758       $SG28792                   000000018001b758     DCT_sfun_registry.obj
 0003:00003768       $SG28793                   000000018001b768     DCT_sfun_registry.obj
 0003:00003770       $SG28796                   000000018001b770     DCT_sfun_registry.obj
 0003:00003778       $SG28798                   000000018001b778     DCT_sfun_registry.obj
 0003:00003790       $SG28799                   000000018001b790     DCT_sfun_registry.obj
 0003:000037c8       $SG28800                   000000018001b7c8     DCT_sfun_registry.obj
 0003:000037d8       $SG28801                   000000018001b7d8     DCT_sfun_registry.obj
 0003:000037e0       $SG28971                   000000018001b7e0     DCT_sfun_registry.obj
 0003:00003800       $SG28972                   000000018001b800     DCT_sfun_registry.obj
 0003:00003890       $SG28978                   000000018001b890     DCT_sfun_registry.obj
 0003:000038a8       $SG28985                   000000018001b8a8     DCT_sfun_registry.obj
 0003:000038c0       $SG28979                   000000018001b8c0     DCT_sfun_registry.obj
 0003:00003950       $SG28986                   000000018001b950     DCT_sfun_registry.obj
 0003:000039e0       $SG28992                   000000018001b9e0     DCT_sfun_registry.obj
 0003:00003a00       $SG28993                   000000018001ba00     DCT_sfun_registry.obj
 0003:00003a90       $SG28999                   000000018001ba90     DCT_sfun_registry.obj
 0003:00003ab0       $SG29000                   000000018001bab0     DCT_sfun_registry.obj
 0003:00003b40       $SG29004                   000000018001bb40     DCT_sfun_registry.obj
 0003:00003b60       $SG29005                   000000018001bb60     DCT_sfun_registry.obj
 0003:00003bf0       $SG29009                   000000018001bbf0     DCT_sfun_registry.obj
 0003:00003c18       $SG29014                   000000018001bc18     DCT_sfun_registry.obj
 0003:00003c40       $SG29010                   000000018001bc40     DCT_sfun_registry.obj
 0003:00003cd0       $SG29015                   000000018001bcd0     DCT_sfun_registry.obj
 0003:00003d60       $SG29019                   000000018001bd60     DCT_sfun_registry.obj
 0003:00003d80       $SG29020                   000000018001bd80     DCT_sfun_registry.obj
 0003:00003e10       $SG29024                   000000018001be10     DCT_sfun_registry.obj
 0003:00003e30       $SG29025                   000000018001be30     DCT_sfun_registry.obj
 0003:00003ec0       $SG29029                   000000018001bec0     DCT_sfun_registry.obj
 0003:00003ed8       $SG29065                   000000018001bed8     DCT_sfun_registry.obj
 0003:00003ef0       $SG29030                   000000018001bef0     DCT_sfun_registry.obj
 0003:00003f80       $SG29034                   000000018001bf80     DCT_sfun_registry.obj
 0003:00003fa0       $SG29035                   000000018001bfa0     DCT_sfun_registry.obj
 0003:00004030       $SG29039                   000000018001c030     DCT_sfun_registry.obj
 0003:00004050       $SG29040                   000000018001c050     DCT_sfun_registry.obj
 0003:000040e0       $SG29044                   000000018001c0e0     DCT_sfun_registry.obj
 0003:00004100       $SG29045                   000000018001c100     DCT_sfun_registry.obj
 0003:00004190       $SG29049                   000000018001c190     DCT_sfun_registry.obj
 0003:000041b0       $SG29050                   000000018001c1b0     DCT_sfun_registry.obj
 0003:00004240       $SG29054                   000000018001c240     DCT_sfun_registry.obj
 0003:00004260       $SG29055                   000000018001c260     DCT_sfun_registry.obj
 0003:000042f0       $SG29059                   000000018001c2f0     DCT_sfun_registry.obj
 0003:00004310       $SG29060                   000000018001c310     DCT_sfun_registry.obj
 0003:000043a0       $SG29066                   000000018001c3a0     DCT_sfun_registry.obj
 0003:00004430       $SG29072                   000000018001c430     DCT_sfun_registry.obj
 0003:000044c0       $SG29076                   000000018001c4c0     DCT_sfun_registry.obj
 0003:000044d8       $SG29106                   000000018001c4d8     DCT_sfun_registry.obj
 0003:000044f0       $SG29077                   000000018001c4f0     DCT_sfun_registry.obj
 0003:00004580       $SG29081                   000000018001c580     DCT_sfun_registry.obj
 0003:00004590       $SG29082                   000000018001c590     DCT_sfun_registry.obj
 0003:00004620       $SG29086                   000000018001c620     DCT_sfun_registry.obj
 0003:00004640       $SG29087                   000000018001c640     DCT_sfun_registry.obj
 0003:000046d0       $SG29091                   000000018001c6d0     DCT_sfun_registry.obj
 0003:000046f0       $SG29092                   000000018001c6f0     DCT_sfun_registry.obj
 0003:00004780       $SG29096                   000000018001c780     DCT_sfun_registry.obj
 0003:00004790       $SG29097                   000000018001c790     DCT_sfun_registry.obj
 0003:00004820       $SG29101                   000000018001c820     DCT_sfun_registry.obj
 0003:00004830       $SG29102                   000000018001c830     DCT_sfun_registry.obj
 0003:000048c0       $SG29107                   000000018001c8c0     DCT_sfun_registry.obj
 0003:00004950       $SG29111                   000000018001c950     DCT_sfun_registry.obj
 0003:00004968       $SG29116                   000000018001c968     DCT_sfun_registry.obj
 0003:00004978       $SG29191                   000000018001c978     DCT_sfun_registry.obj
 0003:00004990       $SG29112                   000000018001c990     DCT_sfun_registry.obj
 0003:00004a20       $SG29117                   000000018001ca20     DCT_sfun_registry.obj
 0003:00004ab0       $SG29125                   000000018001cab0     DCT_sfun_registry.obj
 0003:00004ac0       $SG29126                   000000018001cac0     DCT_sfun_registry.obj
 0003:00004b50       $SG29132                   000000018001cb50     DCT_sfun_registry.obj
 0003:00004b60       $SG29133                   000000018001cb60     DCT_sfun_registry.obj
 0003:00004bf0       $SG29137                   000000018001cbf0     DCT_sfun_registry.obj
 0003:00004c00       $SG29138                   000000018001cc00     DCT_sfun_registry.obj
 0003:00004c90       $SG29143                   000000018001cc90     DCT_sfun_registry.obj
 0003:00004ca0       $SG29144                   000000018001cca0     DCT_sfun_registry.obj
 0003:00004d30       $SG29148                   000000018001cd30     DCT_sfun_registry.obj
 0003:00004db0       $SG29178                   000000018001cdb0     DCT_sfun_registry.obj
 0003:00004ec8       $SG29202                   000000018001cec8     DCT_sfun_registry.obj
 0003:00004ed8       $SG29215                   000000018001ced8     DCT_sfun_registry.obj
 0003:00004ee8       $SG29226                   000000018001cee8     DCT_sfun_registry.obj
 0003:00004ef8       $SG29239                   000000018001cef8     DCT_sfun_registry.obj
 0003:00004f08       $SG29250                   000000018001cf08     DCT_sfun_registry.obj
 0003:00004f18       $SG29260                   000000018001cf18     DCT_sfun_registry.obj
 0003:00004f80       sRtwOptimizationInfoStruct 000000018001cf80     DCT_sfun.obj
 0003:00004f88       sOptimizationInfoFlags     000000018001cf88     DCT_sfun.obj
 0003:00004f90       $SG26477                   000000018001cf90     c4_DCT.obj
 0003:00004f91       $SG26484                   000000018001cf91     c4_DCT.obj
 0003:00004f92       $SG26491                   000000018001cf92     c4_DCT.obj
 0003:00004f93       $SG26498                   000000018001cf93     c4_DCT.obj
 0003:00004f94       $SG26505                   000000018001cf94     c4_DCT.obj
 0003:00004f95       $SG26668                   000000018001cf95     c4_DCT.obj
 0003:00004f96       $SG27033                   000000018001cf96     c4_DCT.obj
 0003:00004f97       $SG27034                   000000018001cf97     c4_DCT.obj
 0003:00004f98       _sfTime_                   000000018001cf98     c4_DCT.obj
 0003:00004fa0       ?newstr@?1??sf_c4_DCT_get_post_codegen_info@@9@9 000000018001cfa0     c4_DCT.obj
 0003:00005595       $SG27188                   000000018001d595     c4_DCT.obj
 0003:000055a0       $SG26499                   000000018001d5a0     c7_DCT.obj
 0003:000055a1       $SG26506                   000000018001d5a1     c7_DCT.obj
 0003:000055a2       $SG26513                   000000018001d5a2     c7_DCT.obj
 0003:000055a3       $SG26520                   000000018001d5a3     c7_DCT.obj
 0003:000055a4       $SG26527                   000000018001d5a4     c7_DCT.obj
 0003:000055a5       $SG26781                   000000018001d5a5     c7_DCT.obj
 0003:000055a6       $SG27453                   000000018001d5a6     c7_DCT.obj
 0003:000055a7       $SG27454                   000000018001d5a7     c7_DCT.obj
 0003:000055a8       _sfTime_                   000000018001d5a8     c7_DCT.obj
 0003:000055b0       ?newstr@?1??sf_c7_DCT_get_post_codegen_info@@9@9 000000018001d5b0     c7_DCT.obj
 0003:00005b99       $SG27608                   000000018001db99     c7_DCT.obj
 0003:00005b9c       sfGlobalMdlStartCallCounts 000000018001db9c     DCT_sfun_registry.obj
 0003:00005ba0       $SG28623                   000000018001dba0     DCT_sfun_registry.obj
 0003:00005bb0       GS_ExceptionRecord         000000018001dbb0     MSVCRT:gs_report.obj
 0003:00005c50       GS_ContextRecord           000000018001dc50     MSVCRT:gs_report.obj
 0003:00006120       ?__proc_attached@@3HA      000000018001e120     MSVCRT:dll_dllmain.obj
 0003:00006160       ?is_initialized_as_dll@@3_NA 000000018001e160     MSVCRT:utility.obj
 0003:00006161       ?module_local_atexit_table_initialized@@3_NA 000000018001e161     MSVCRT:utility.obj
 0003:00006168       ?module_local_atexit_table@@3U_onexit_table_t@@A 000000018001e168     MSVCRT:utility.obj
 0003:00006180       ?module_local_at_quick_exit_table@@3U_onexit_table_t@@A 000000018001e180     MSVCRT:utility.obj
