 DCT_sfun

 Timestamp is 628ff18a (Fri May 27 05:30:50 2022)

 Preferred load address is 0000000180000000

 Start         Length     Name                   Class
 0001:00000000 00013350H .text$mn                CODE
 0001:00013350 00000036H .text$mn$00             CODE
 0001:00013386 00000092H .text$x                 CODE
 0002:00000000 00000460H .idata$5                DATA
 0002:00000460 00000038H .00cfg                  DATA
 0002:00000498 00000008H .CRT$XCA                DATA
 0002:000004a0 00000008H .CRT$XCZ                DATA
 0002:000004a8 00000008H .CRT$XIA                DATA
 0002:000004b0 00000008H .CRT$XIZ                DATA
 0002:000004b8 00000008H .CRT$XPA                DATA
 0002:000004c0 00000008H .CRT$XPZ                DATA
 0002:000004c8 00000008H .CRT$XTA                DATA
 0002:000004d0 00000010H .CRT$XTZ                DATA
 0002:000004d8 00000000H .gehcont$y              DATA
 0002:000004d8 00000000H .gfids$y                DATA
 0002:000004e0 00000320H .rdata                  DATA
 0002:00000800 00000080H .rdata$CastGuardVftablesA DATA
 0002:00000880 00000080H .rdata$CastGuardVftablesC DATA
 0002:00000900 0000019cH .rdata$voltmd           DATA
 0002:00000a9c 0000027cH .rdata$zzzdbg           DATA
 0002:00000d18 00000008H .rtc$IAA                DATA
 0002:00000d20 00000008H .rtc$IZZ                DATA
 0002:00000d28 00000008H .rtc$TAA                DATA
 0002:00000d30 00000008H .rtc$TZZ                DATA
 0002:00000d38 00000b48H .xdata                  DATA
 0002:00001880 00000074H .edata                  DATA
 0002:000018f4 00000118H .idata$2                DATA
 0002:00001a0c 00000014H .idata$3                DATA
 0002:00001a20 00000460H .idata$4                DATA
 0002:00001e80 00000beeH .idata$6                DATA
 0003:00000000 00004eb0H .data                   DATA
 0003:00004eb0 000011d0H .bss                    DATA
 0004:00000000 00000dbcH .pdata                  DATA

  Address         Publics by Value              Rva+Base               Lib:Object

 0000:00000000       __hybrid_auxiliary_iat     0000000000000000     <absolute>
 0000:00000000       __enclave_config           0000000000000000     <absolute>
 0000:00000000       __guard_fids_count         0000000000000000     <absolute>
 0000:00000000       __x64_code_ranges_to_entry_points_count 0000000000000000     <absolute>
 0000:00000000       __arm64x_redirection_metadata 0000000000000000     <absolute>
 0000:00000000       __guard_longjmp_count      0000000000000000     <absolute>
 0000:00000000       __arm64x_native_entrypoint 0000000000000000     <absolute>
 0000:00000000       __guard_eh_cont_count      0000000000000000     <absolute>
 0000:00000000       __guard_iat_count          0000000000000000     <absolute>
 0000:00000000       ___safe_se_handler_table   0000000000000000     <absolute>
 0000:00000000       __guard_fids_table         0000000000000000     <absolute>
 0000:00000000       __AbsoluteZero             0000000000000000     <absolute>
 0000:00000000       __arm64x_redirection_metadata_count 0000000000000000     <absolute>
 0000:00000000       __hybrid_auxiliary_iat_copy 0000000000000000     <absolute>
 0000:00000000       __hybrid_code_map_count    0000000000000000     <absolute>
 0000:00000000       __guard_check_icall_a64n_fptr 0000000000000000     <absolute>
 0000:00000000       __guard_longjmp_table      0000000000000000     <absolute>
 0000:00000000       ___safe_se_handler_count   0000000000000000     <absolute>
 0000:00000000       __guard_iat_table          0000000000000000     <absolute>
 0000:00000000       __x64_code_ranges_to_entry_points 0000000000000000     <absolute>
 0000:00000000       __arm64x_extra_rfe_table_size 0000000000000000     <absolute>
 0000:00000000       __dynamic_value_reloc_table 0000000000000000     <absolute>
 0000:00000000       __hybrid_code_map          0000000000000000     <absolute>
 0000:00000000       __arm64x_extra_rfe_table   0000000000000000     <absolute>
 0000:00000000       __guard_eh_cont_table      0000000000000000     <absolute>
 0000:00000100       __guard_flags              0000000000000100     <absolute>
 0000:00000000       __ImageBase                0000000180000000     <linker-defined>
 0001:00000000       DCT_initializer            0000000180001000 f   DCT_sfun.obj
 0001:00000010       DCT_terminator             0000000180001010 f   DCT_sfun.obj
 0001:00000020       load_DCT_optimization_info 0000000180001020 f   DCT_sfun.obj
 0001:000000d0       unload_DCT_optimization_info 00000001800010d0 f   DCT_sfun.obj
 0001:00000100       sf_DCT_method_dispatcher   0000000180001100 f   DCT_sfun.obj
 0001:00000170       sf_DCT_process_check_sum_call 0000000180001170 f   DCT_sfun.obj
 0001:00000680       sf_DCT_get_eml_resolved_functions_info 0000000180001680 f   DCT_sfun.obj
 0001:000008c0       sf_DCT_third_party_uses_info 00000001800018c0 f   DCT_sfun.obj
 0001:00000ac0       sf_DCT_jit_fallback_info   0000000180001ac0 f   DCT_sfun.obj
 0001:00000cc0       sf_DCT_get_post_codegen_info 0000000180001cc0 f   DCT_sfun.obj
 0001:00000ee0       sf_DCT_updateBuildInfo_args_info 0000000180001ee0 f   DCT_sfun.obj
 0001:000010e0       DCT_register_exported_symbols 00000001800020e0 f   DCT_sfun.obj
 0001:000010f0       sf_c4_DCT_get_eml_resolved_functions_info 00000001800020f0 f   c4_DCT.obj
 0001:00001170       sf_c4_DCT_get_check_sum    0000000180002170 f   c4_DCT.obj
 0001:00001240       c4_DCT_method_dispatcher   0000000180002240 f   c4_DCT.obj
 0001:00002ba0       sf_c4_DCT_third_party_uses_info 0000000180003ba0 f   c4_DCT.obj
 0001:00002bf0       sf_c4_DCT_jit_fallback_info 0000000180003bf0 f   c4_DCT.obj
 0001:00002d80       sf_c4_DCT_updateBuildInfo_args_info 0000000180003d80 f   c4_DCT.obj
 0001:00003120       sf_c4_DCT_get_post_codegen_info 0000000180004120 f   c4_DCT.obj
 0001:00003640       sf_c7_DCT_get_eml_resolved_functions_info 0000000180004640 f   c7_DCT.obj
 0001:000036c0       sf_c7_DCT_get_check_sum    00000001800046c0 f   c7_DCT.obj
 0001:00003790       c7_DCT_method_dispatcher   0000000180004790 f   c7_DCT.obj
 0001:00006e00       sf_c7_DCT_third_party_uses_info 0000000180007e00 f   c7_DCT.obj
 0001:00006e50       sf_c7_DCT_jit_fallback_info 0000000180007e50 f   c7_DCT.obj
 0001:00006fe0       sf_c7_DCT_updateBuildInfo_args_info 0000000180007fe0 f   c7_DCT.obj
 0001:00007380       sf_c7_DCT_get_post_codegen_info 0000000180008380 f   c7_DCT.obj
 0001:000078a0       mexFunction                00000001800088a0 f   DCT_sfun_registry.obj
 0001:0000a030       _ssSetInputPortDirectFeedThroughFcn 000000018000b030 f   DCT_sfun_registry.obj
 0001:0000a1a0       _ssSetRWorkValueFcn        000000018000b1a0 f   DCT_sfun_registry.obj
 0001:0000a220       _ssGetRWorkValueFcn        000000018000b220 f   DCT_sfun_registry.obj
 0001:0000a290       _ssSetIWorkValueFcn        000000018000b290 f   DCT_sfun_registry.obj
 0001:0000a310       _ssGetIWorkValueFcn        000000018000b310 f   DCT_sfun_registry.obj
 0001:0000a380       _ssSetPWorkValueFcn        000000018000b380 f   DCT_sfun_registry.obj
 0001:0000a400       _ssGetPWorkValueFcn        000000018000b400 f   DCT_sfun_registry.obj
 0001:0000a470       _ssGetInputPortSignalFcn   000000018000b470 f   DCT_sfun_registry.obj
 0001:0000a800       _ssGetInputPortBufferDstPortFcn 000000018000b800 f   DCT_sfun_registry.obj
 0001:0000a880       _ssGetInputPortSignalPtrsFcn 000000018000b880 f   DCT_sfun_registry.obj
 0001:0000ac10       ssGetParameterTuningCompliance 000000018000bc10 f   DCT_sfun_registry.obj
 0001:0000ac80       _ssReadInputStringFcn      000000018000bc80 f   DCT_sfun_registry.obj
 0001:0000acf0       ssGetDTypeIdFromMxArray    000000018000bcf0 f   DCT_sfun_registry.obj
 0001:0000ae10       ssWriteRTWMx2dMatParam     000000018000be10 f   DCT_sfun_registry.obj
 0001:0000aea0       ssWriteRTWMxVectParam      000000018000bea0 f   DCT_sfun_registry.obj
 0001:0000af20       ssWriteRTWParameters       000000018000bf20 f   DCT_sfun_registry.obj
 0001:0000b4e0       ssWriteRTWParamSettings    000000018000c4e0 f   DCT_sfun_registry.obj
 0001:0000bbd0       ssWriteRTWStr              000000018000cbd0 f   DCT_sfun_registry.obj
 0001:0000bc30       ssWriteRTWWorkVect         000000018000cc30 f   DCT_sfun_registry.obj
 0001:0000c190       ssWarning                  000000018000d190 f   DCT_sfun_registry.obj
 0001:0000c280       ssWriteRTWNameValuePair    000000018000d280 f   DCT_sfun_registry.obj
 0001:0000c780       _ssSetInputPortMatrixDimensions 000000018000d780 f   DCT_sfun_registry.obj
 0001:0000c8d0       _ssSetOutputPortMatrixDimensions 000000018000d8d0 f   DCT_sfun_registry.obj
 0001:0000ca20       _ssSetInputPortVectorDimension 000000018000da20 f   DCT_sfun_registry.obj
 0001:0000cad0       _ssSetOutputPortVectorDimension 000000018000dad0 f   DCT_sfun_registry.obj
 0001:0000cb80       ssIsRunTimeParamTunable    000000018000db80 f   DCT_sfun_registry.obj
 0001:0000cbf0       ssGetSFuncBlockHandle      000000018000dbf0 f   DCT_sfun_registry.obj
 0001:0000cc60       _ssGetCurrentInputPortWidth 000000018000dc60 f   DCT_sfun_registry.obj
 0001:0000cda0       _ssGetCurrentOutputPortWidth 000000018000dda0 f   DCT_sfun_registry.obj
 0001:0000cee0       _ssGetCallSystemNumFcnCallDestinations 000000018000dee0 f   DCT_sfun_registry.obj
 0001:0000cf50       ssGetIsZeroCrossControlDisabled 000000018000df50 f   DCT_sfun_registry.obj
 0001:0000cfc0       ssSetIsInputPortUsedForContZcSignal 000000018000dfc0 f   DCT_sfun_registry.obj
 0001:0000d030       ssSetZcSignalIsZcElementDisc 000000018000e030 f   DCT_sfun_registry.obj
 0001:0000d0e0       ssSetZcSignalName          000000018000e0e0 f   DCT_sfun_registry.obj
 0001:0000d150       ssSetZcSignalWidth         000000018000e150 f   DCT_sfun_registry.obj
 0001:0000d1c0       ssSetZcSignalZcEventType   000000018000e1c0 f   DCT_sfun_registry.obj
 0001:0000d230       ssSetZcSignalType          000000018000e230 f   DCT_sfun_registry.obj
 0001:0000d2a0       ssSetZcSignalZcTol         000000018000e2a0 f   DCT_sfun_registry.obj
 0001:0000d310       ssSetZcSignalNeedsEventNotification 000000018000e310 f   DCT_sfun_registry.obj
 0001:0000d380       ssCreateAndAddZcSignalInfo 000000018000e380 f   DCT_sfun_registry.obj
 0001:0000d3f0       ssCloneAndAddZcSignalInfo  000000018000e3f0 f   DCT_sfun_registry.obj
 0001:0000d460       ssGetNumZcSignals          000000018000e460 f   DCT_sfun_registry.obj
 0001:0000d4d0       ssGetZcSignalVector        000000018000e4d0 f   DCT_sfun_registry.obj
 0001:0000d540       ssGetZcSignalName          000000018000e540 f   DCT_sfun_registry.obj
 0001:0000d5b0       ssGetZcSignalWidth         000000018000e5b0 f   DCT_sfun_registry.obj
 0001:0000d620       ssGetZcSignalZcEventType   000000018000e620 f   DCT_sfun_registry.obj
 0001:0000d690       ssGetZcSignalZcEvents      000000018000e690 f   DCT_sfun_registry.obj
 0001:0000d700       ssGetZcSignalType          000000018000e700 f   DCT_sfun_registry.obj
 0001:0000d770       ssGetZcSignalZcTol         000000018000e770 f   DCT_sfun_registry.obj
 0001:0000d7f0       ssGetZcSignalNeedsEventNotification 000000018000e7f0 f   DCT_sfun_registry.obj
 0001:0000d860       ssGetZcSignalIsZcElementDisc 000000018000e860 f   DCT_sfun_registry.obj
 0001:0000d900       ssGetIsInputPortElementContinuous 000000018000e900 f   DCT_sfun_registry.obj
 0001:0000d9a0       _ssGetAbsTol               000000018000e9a0 f   DCT_sfun_registry.obj
 0001:0000da10       _ssSetStateAbsTol          000000018000ea10 f   DCT_sfun_registry.obj
 0001:0000daf0       _ssSetInputPortReusableFcn 000000018000eaf0 f   DCT_sfun_registry.obj
 0001:0000dbf0       _ssSetOutputPortReusableFcn 000000018000ebf0 f   DCT_sfun_registry.obj
 0001:0000dcf0       _ssSetSymbolicDimsSupport  000000018000ecf0 f   DCT_sfun_registry.obj
 0001:0000dd60       _ssRegisterSymbolicDimsExpr 000000018000ed60 f   DCT_sfun_registry.obj
 0001:0000dde0       _ssRegisterSymbolicDimsMATLABExpr 000000018000ede0 f   DCT_sfun_registry.obj
 0001:0000de80       _ssRegisterSymbolicDims    000000018000ee80 f   DCT_sfun_registry.obj
 0001:0000df20       _ssRegisterSymbolicDimsString 000000018000ef20 f   DCT_sfun_registry.obj
 0001:0000dfa0       _ssRegisterSymbolicDimsIntValue 000000018000efa0 f   DCT_sfun_registry.obj
 0001:0000e010       _ssRegisterSymbolicEqualRelation 000000018000f010 f   DCT_sfun_registry.obj
 0001:0000e080       _ssRegisterSymbolicEqualValue 000000018000f080 f   DCT_sfun_registry.obj
 0001:0000e0f0       _ssAmendLeadingSymbolicDims 000000018000f0f0 f   DCT_sfun_registry.obj
 0001:0000e170       _ssAmendTrailingSymbolicDims 000000018000f170 f   DCT_sfun_registry.obj
 0001:0000e1f0       _ssRegisterSymbolicDimsPlus 000000018000f1f0 f   DCT_sfun_registry.obj
 0001:0000e270       _ssRegisterSymbolicDimsMinus 000000018000f270 f   DCT_sfun_registry.obj
 0001:0000e2f0       _ssRegisterSymbolicDimsMultiply 000000018000f2f0 f   DCT_sfun_registry.obj
 0001:0000e370       _ssRegisterSymbolicDimsDivide 000000018000f370 f   DCT_sfun_registry.obj
 0001:0000e3f0       _ssGetNumSymbolicDims      000000018000f3f0 f   DCT_sfun_registry.obj
 0001:0000e460       _ssGetSymbolicDim          000000018000f460 f   DCT_sfun_registry.obj
 0001:0000e4e0       _ssSetInputPortSymbolicDimsId 000000018000f4e0 f   DCT_sfun_registry.obj
 0001:0000e550       _ssGetCompInputPortSymbolicDimsId 000000018000f550 f   DCT_sfun_registry.obj
 0001:0000e5c0       _ssSetCompInputPortSymbolicDimsId 000000018000f5c0 f   DCT_sfun_registry.obj
 0001:0000e630       _ssSetOutputPortSymbolicDimsId 000000018000f630 f   DCT_sfun_registry.obj
 0001:0000e6a0       _ssGetCompOutputPortSymbolicDimsId 000000018000f6a0 f   DCT_sfun_registry.obj
 0001:0000e710       _ssSetCompOutputPortSymbolicDimsId 000000018000f710 f   DCT_sfun_registry.obj
 0001:0000e780       _ssGetDWorkSymbolicDimsId  000000018000f780 f   DCT_sfun_registry.obj
 0001:0000e7f0       _ssSetDWorkSymbolicDimsId  000000018000f7f0 f   DCT_sfun_registry.obj
 0001:0000e860       _ssGetCompDWorkSymbolicDimsId 000000018000f860 f   DCT_sfun_registry.obj
 0001:0000e8d0       _ssSetCompDWorkSymbolicDimsId 000000018000f8d0 f   DCT_sfun_registry.obj
 0001:0000e940       _ssCreateSLCGStringBuffer  000000018000f940 f   DCT_sfun_registry.obj
 0001:0000e9b0       _ssAddToSLCGStringBuffer   000000018000f9b0 f   DCT_sfun_registry.obj
 0001:0000ea20       sf_process_check_sum_call  000000018000fa20 f   DCT_sfun_registry.obj
 0001:0000ea70       sf_process_get_third_party_uses_info_call 000000018000fa70 f   DCT_sfun_registry.obj
 0001:0000eca0       sf_process_get_jit_fallback_info_call 000000018000fca0 f   DCT_sfun_registry.obj
 0001:0000eed0       sf_process_get_post_codegen_info_call 000000018000fed0 f   DCT_sfun_registry.obj
 0001:0000f100       sf_process_get_updateBuildInfo_args_info_call 0000000180010100 f   DCT_sfun_registry.obj
 0001:0000f330       sf_process_get_eml_resolved_functions_info_call 0000000180010330 f   DCT_sfun_registry.obj
 0001:0000f560       sf_mex_unlock_call         0000000180010560 f   DCT_sfun_registry.obj
 0001:0000f780       sf_machine_global_initializer_called 0000000180010780 f   DCT_sfun_registry.obj
 0001:0000f7b0       sf_machine_global_method_dispatcher 00000001800107b0 f   DCT_sfun_registry.obj
 0001:0000f810       sf_machine_global_terminator 0000000180010810 f   DCT_sfun_registry.obj
 0001:0000f840       sf_register_machine_exported_symbols 0000000180010840 f   DCT_sfun_registry.obj
 0001:0000f860       callCustomFcn              0000000180010860 f   DCT_sfun_registry.obj
 0001:0000f870       sf_machine_global_initializer 0000000180010870 f   DCT_sfun_registry.obj
 0001:0000f8e0       mdlGetSimState             00000001800108e0 f   DCT_sfun_registry.obj
 0001:0000f920       mdlSetSimState             0000000180010920 f   DCT_sfun_registry.obj
 0001:00010270       ProcessMexSfunctionEveryCall 0000000180011270 f   DCT_sfun_registry.obj
 0001:000113f0       __local_stdio_printf_options 00000001800123f0 f i DCT_sfun_registry.obj
 0001:00011400       _vsnprintf_l               0000000180012400 f i DCT_sfun_registry.obj
 0001:00011480       _vsprintf_l                0000000180012480 f i DCT_sfun_registry.obj
 0001:000114d0       sprintf                    00000001800124d0 f i DCT_sfun_registry.obj
 0001:00011520       mexfilerequiredapiversion  0000000180012520 f   c_mexapi_version.obj
 0001:00011550       getBitfieldFromFloat       0000000180012550 f   half_type.obj
 0001:00011580       getFloatFromBitfield       0000000180012580 f   half_type.obj
 0001:000115b0       getBitfieldFromHalf        00000001800125b0 f   half_type.obj
 0001:000115d0       getHalfFromBitfield        00000001800125d0 f   half_type.obj
 0001:00011600       halfToFloat                0000000180012600 f   half_type.obj
 0001:000116b0       halfToDouble               00000001800126b0 f   half_type.obj
 0001:000116e0       floatToHalf                00000001800126e0 f   half_type.obj
 0001:00011940       doubleToHalf               0000000180012940 f   half_type.obj
 0001:00011c2c       imlincomb_tbb_real64       0000000180012c2c f   libmwimlincomb_tbb:libmwimlincomb_tbb.dll
 0001:00011c32       sf_load_rtw_optimization_info 0000000180012c32 f   sf_runtime:sf_runtime.dll
 0001:00011c38       sf_mex_decode              0000000180012c38 f   sf_runtime:sf_runtime.dll
 0001:00011c3e       sf_init_ChartRunTimeInfo   0000000180012c3e f   sf_runtime:sf_runtime.dll
 0001:00011c44       sf_free_ChartRunTimeInfo   0000000180012c44 f   sf_runtime:sf_runtime.dll
 0001:00011c4a       sfrtGetEmlrtCtx            0000000180012c4a f   sf_runtime:sf_runtime.dll
 0001:00011c50       sfrtGetCovrtInstance       0000000180012c50 f   sf_runtime:sf_runtime.dll
 0001:00011c56       sf_get_chart_instance_ptr  0000000180012c56 f   sf_runtime:sf_runtime.dll
 0001:00011c5c       sim_mode_is_rtw_gen        0000000180012c5c f   sf_runtime:sf_runtime.dll
 0001:00011c62       sim_mode_is_external       0000000180012c62 f   sf_runtime:sf_runtime.dll
 0001:00011c68       sf_clear_rtw_identifier    0000000180012c68 f   sf_runtime:sf_runtime.dll
 0001:00011c6e       sf_get_time                0000000180012c6e f   sf_runtime:sf_runtime.dll
 0001:00011c74       sfDoAnimationWrapper       0000000180012c74 f   sf_runtime:sf_runtime.dll
 0001:00011c7a       setDataBrowseFcn           0000000180012c7a f   sf_runtime:sf_runtime.dll
 0001:00011c80       setDebuggerFlag            0000000180012c80 f   sf_runtime:sf_runtime.dll
 0001:00011c86       sf_warn_if_symbolic_dimension_param_changed 0000000180012c86 f   sf_runtime:sf_runtime.dll
 0001:00011c8c       sf_set_work_widths         0000000180012c8c f   sf_runtime:sf_runtime.dll
 0001:00011c92       sfListenerCacheSimStruct   0000000180012c92 f   sf_runtime:sf_runtime.dll
 0001:00011c98       sfListenerLightTerminate   0000000180012c98 f   sf_runtime:sf_runtime.dll
 0001:00011c9e       sfListenerInitializeRuntimeVars 0000000180012c9e f   sf_runtime:sf_runtime.dll
 0001:00011ca4       sf_mex_error_message       0000000180012ca4 f   sf_runtime:sf_runtime.dll
 0001:00011caa       sf_mex_create              0000000180012caa f   sf_runtime:sf_runtime.dll
 0001:00011cb0       sf_mex_createcellmatrix    0000000180012cb0 f   sf_runtime:sf_runtime.dll
 0001:00011cb6       sf_mex_setcell             0000000180012cb6 f   sf_runtime:sf_runtime.dll
 0001:00011cbc       sf_mex_getcell             0000000180012cbc f   sf_runtime:sf_runtime.dll
 0001:00011cc2       sf_mex_assign              0000000180012cc2 f   sf_runtime:sf_runtime.dll
 0001:00011cc8       sf_mex_dup                 0000000180012cc8 f   sf_runtime:sf_runtime.dll
 0001:00011cce       sf_mex_destroy             0000000180012cce f   sf_runtime:sf_runtime.dll
 0001:00011cd4       sf_mex_import              0000000180012cd4 f   sf_runtime:sf_runtime.dll
 0001:00011cda       ssGetInputPortSignal_wrapper 0000000180012cda f   sf_runtime:sf_runtime.dll
 0001:00011ce0       ssGetOutputPortSignal_wrapper 0000000180012ce0 f   sf_runtime:sf_runtime.dll
 0001:00011ce6       sf_mex_call                0000000180012ce6 f   sf_runtime:sf_runtime.dll
 0001:00011cec       sf_get_ChartInfoStruct_CodeGen 0000000180012cec f   sf_runtime:sf_runtime.dll
 0001:00011cf2       sf_get_hasSeparateUpdateOutputs 0000000180012cf2 f   sf_runtime:sf_runtime.dll
 0001:00011cf8       callMdlMethodAndReportError 0000000180012cf8 f   sf_runtime:sf_runtime.dll
 0001:00011cfe       call_sf_machine_global_method_dispatcher 0000000180012cfe f   sf_runtime:sf_runtime.dll
 0001:00011d04       getRuntimeInstanceInfoAsVoid 0000000180012d04 f   sf_runtime:sf_runtime.dll
 0001:00011d0a       sf_mex_error_direct_call   0000000180012d0a f   sf_runtime:sf_runtime.dll
 0001:00011d10       sf_clear_error_manager_info 0000000180012d10 f   sf_runtime:sf_runtime.dll
 0001:00011d16       mxIsChar_800               0000000180012d16 f   libmx:libmx.dll
 0001:00011d1c       mxGetScalar_800            0000000180012d1c f   libmx:libmx.dll
 0001:00011d22       mxGetPr_800                0000000180012d22 f   libmx:libmx.dll
 0001:00011d28       mxDestroyArray_800         0000000180012d28 f   libmx:libmx.dll
 0001:00011d2e       mxCreateDoubleMatrix_800   0000000180012d2e f   libmx:libmx.dll
 0001:00011d34       mxGetString_800            0000000180012d34 f   libmx:libmx.dll
 0001:00011d3a       mxDuplicateArray_800       0000000180012d3a f   libmx:libmx.dll
 0001:00011d40       mxSetCell_800              0000000180012d40 f   libmx:libmx.dll
 0001:00011d46       mxSetField_800             0000000180012d46 f   libmx:libmx.dll
 0001:00011d4c       mxCreateString_800         0000000180012d4c f   libmx:libmx.dll
 0001:00011d52       mxCreateCellMatrix_800     0000000180012d52 f   libmx:libmx.dll
 0001:00011d58       mxCreateStructMatrix_800   0000000180012d58 f   libmx:libmx.dll
 0001:00011d5e       mxGetNaN_800               0000000180012d5e f   libmx:libmx.dll
 0001:00011d64       mxCalloc_800               0000000180012d64 f   libmx:libmx.dll
 0001:00011d6a       mxGetM_800                 0000000180012d6a f   libmx:libmx.dll
 0001:00011d70       mxGetClassID_800           0000000180012d70 f   libmx:libmx.dll
 0001:00011d76       mxIsNumeric_800            0000000180012d76 f   libmx:libmx.dll
 0001:00011d7c       mxIsComplex_800            0000000180012d7c f   libmx:libmx.dll
 0001:00011d82       mxGetN_800                 0000000180012d82 f   libmx:libmx.dll
 0001:00011d88       mxCreateDoubleScalar_800   0000000180012d88 f   libmx:libmx.dll
 0001:00011d8e       mexMakeArrayPersistent_800 0000000180012d8e f   libmex:libmex.dll
 0001:00011d94       mexErrMsgTxt_800           0000000180012d94 f   libmex:libmex.dll
 0001:00011d9a       mexWarnMsgTxt_800          0000000180012d9a f   libmex:libmex.dll
 0001:00011da0       mexCallMATLAB_800          0000000180012da0 f   libmex:libmex.dll
 0001:00011da6       mexLock_800                0000000180012da6 f   libmex:libmex.dll
 0001:00011dac       mexUnlock_800              0000000180012dac f   libmex:libmex.dll
 0001:00011db2       mexIsLocked_800            0000000180012db2 f   libmex:libmex.dll
 0001:00011db8       utMalloc                   0000000180012db8 f   libut:libut.dll
 0001:00011dbe       utFree                     0000000180012dbe f   libut:libut.dll
 0001:00011dc4       muDoubleScalarFloor        0000000180012dc4 f   libmwmathutil:libmwmathutil.dll
 0001:00011dca       muDoubleScalarAbs          0000000180012dca f   libmwmathutil:libmwmathutil.dll
 0001:00011dd0       muDoubleScalarMax          0000000180012dd0 f   libmwmathutil:libmwmathutil.dll
 0001:00011dd6       muDoubleScalarMin          0000000180012dd6 f   libmwmathutil:libmwmathutil.dll
 0001:00011ddc       muDoubleScalarIsNaN        0000000180012ddc f   libmwmathutil:libmwmathutil.dll
 0001:00011de2       emlrtLicenseCheckR2022a    0000000180012de2 f   libemlrt:libemlrt.dll
 0001:00011de8       emlrtDynamicBoundsCheckR2012b 0000000180012de8 f   libemlrt:libemlrt.dll
 0001:00011dee       emlrtIntegerCheckR2012b    0000000180012dee f   libemlrt:libemlrt.dll
 0001:00011df4       covrtCreateStateflowInstanceData 0000000180012df4 f   libcovrt:libcovrt.dll
 0001:00011dfa       covrtDeleteStateflowInstanceData 0000000180012dfa f   libcovrt:libcovrt.dll
 0001:00011e00       covrtTransInitFcn          0000000180012e00 f   libcovrt:libcovrt.dll
 0001:00011e06       covrtStateInitFcn          0000000180012e06 f   libcovrt:libcovrt.dll
 0001:00011e0c       covrtChartInitFcn          0000000180012e0c f   libcovrt:libcovrt.dll
 0001:00011e12       covrtSigUpdateFcn          0000000180012e12 f   libcovrt:libcovrt.dll
 0001:00011e18       covrtEmlInitFcn            0000000180012e18 f   libcovrt:libcovrt.dll
 0001:00011e1e       covrtEmlFcnInitFcn         0000000180012e1e f   libcovrt:libcovrt.dll
 0001:00011e24       covrtEmlFcnEval            0000000180012e24 f   libcovrt:libcovrt.dll
 0001:00011e2c       __raise_securityfailure    0000000180012e2c f   MSVCRT:gs_report.obj
 0001:00011e60       __report_gsfailure         0000000180012e60 f   MSVCRT:gs_report.obj
 0001:00011f34       __report_rangecheckfailure 0000000180012f34 f   MSVCRT:gs_report.obj
 0001:00011f48       __report_securityfailure   0000000180012f48 f   MSVCRT:gs_report.obj
 0001:00011fe4       __report_securityfailureEx 0000000180012fe4 f   MSVCRT:gs_report.obj
 0001:000121d8       __GSHandlerCheck           00000001800131d8 f   MSVCRT:gshandler.obj
 0001:000121f8       __GSHandlerCheckCommon     00000001800131f8 f   MSVCRT:gshandler.obj
 0001:00012270       __security_check_cookie    0000000180013270 f   MSVCRT:amdsecgs.obj
 0001:000125cc       _CRT_INIT                  00000001800135cc f   MSVCRT:dll_dllmain.obj
 0001:000125d4       _DllMainCRTStartup         00000001800135d4 f   MSVCRT:dll_dllmain.obj
 0001:00012680       __security_init_cookie     0000000180013680 f   MSVCRT:gs_support.obj
 0001:0001272c       DllMain                    000000018001372c f   MSVCRT:dll_dllmain_stub.obj
 0001:00012750       ?__scrt_initialize_type_info@@YAXXZ 0000000180013750 f   MSVCRT:tncleanup.obj
 0001:00012760       ?__scrt_uninitialize_type_info@@YAXXZ 0000000180013760 f   MSVCRT:tncleanup.obj
 0001:0001276c       __local_stdio_scanf_options 000000018001376c f i MSVCRT:default_local_stdio_options.obj
 0001:00012774       __scrt_initialize_default_local_stdio_options 0000000180013774 f   MSVCRT:default_local_stdio_options.obj
 0001:00012790       ?configure_argv@__scrt_narrow_argv_policy@@SAHXZ 0000000180013790 f i MSVCRT:utility.obj
 0001:000127f0       ?initialize_environment@__scrt_narrow_environment_policy@@SAHXZ 00000001800137f0 f i MSVCRT:utility.obj
 0001:00012828       NtCurrentTeb               0000000180013828 f i MSVCRT:utility.obj
 0001:00012834       __scrt_acquire_startup_lock 0000000180013834 f   MSVCRT:utility.obj
 0001:00012870       __scrt_dllmain_after_initialize_c 0000000180013870 f   MSVCRT:utility.obj
 0001:000128a4       __scrt_dllmain_before_initialize_c 00000001800138a4 f   MSVCRT:utility.obj
 0001:000128bc       __scrt_dllmain_crt_thread_attach 00000001800138bc f   MSVCRT:utility.obj
 0001:000128e4       __scrt_dllmain_crt_thread_detach 00000001800138e4 f   MSVCRT:utility.obj
 0001:000128fc       __scrt_dllmain_exception_filter 00000001800138fc f   MSVCRT:utility.obj
 0001:0001295c       __scrt_dllmain_uninitialize_c 000000018001395c f   MSVCRT:utility.obj
 0001:0001298c       __scrt_dllmain_uninitialize_critical 000000018001398c f   MSVCRT:utility.obj
 0001:000129a0       __scrt_initialize_crt      00000001800139a0 f   MSVCRT:utility.obj
 0001:000129ec       __scrt_initialize_onexit_tables 00000001800139ec f   MSVCRT:utility.obj
 0001:00012a78       __scrt_is_nonwritable_in_current_image 0000000180013a78 f   MSVCRT:utility.obj
 0001:00012b10       __scrt_release_startup_lock 0000000180013b10 f   MSVCRT:utility.obj
 0001:00012b34       __scrt_uninitialize_crt    0000000180013b34 f   MSVCRT:utility.obj
 0001:00012b60       _onexit                    0000000180013b60 f   MSVCRT:utility.obj
 0001:00012b9c       at_quick_exit              0000000180013b9c f   MSVCRT:utility.obj
 0001:00012bbc       atexit                     0000000180013bbc f   MSVCRT:utility.obj
 0001:00012bd4       __scrt_get_dyn_tls_init_callback 0000000180013bd4 f   MSVCRT:dyn_tls_init.obj
 0001:00012bdc       __crt_debugger_hook        0000000180013bdc f   MSVCRT:utility_desktop.obj
 0001:00012be4       __scrt_fastfail            0000000180013be4 f   MSVCRT:utility_desktop.obj
 0001:00012d30       __scrt_get_show_window_mode 0000000180013d30 f   MSVCRT:utility_desktop.obj
 0001:00012d6c       __scrt_initialize_mta      0000000180013d6c f   MSVCRT:utility_desktop.obj
 0001:00012d74       __scrt_initialize_winrt    0000000180013d74 f   MSVCRT:utility_desktop.obj
 0001:00012d78       __scrt_is_managed_app      0000000180013d78 f   MSVCRT:utility_desktop.obj
 0001:00012dcc       __scrt_set_unhandled_exception_filter 0000000180013dcc f   MSVCRT:utility_desktop.obj
 0001:00012ddc       __scrt_stub_for_initialize_mta 0000000180013ddc f   MSVCRT:utility_desktop.obj
 0001:00012ddc       __scrt_exe_initialize_mta  0000000180013ddc f   MSVCRT:utility_desktop.obj
 0001:00012de0       __scrt_unhandled_exception_filter 0000000180013de0 f   MSVCRT:utility_desktop.obj
 0001:00012e3c       _RTC_Initialize            0000000180013e3c f   MSVCRT:initsect.obj
 0001:00012e78       _RTC_Terminate             0000000180013e78 f   MSVCRT:initsect.obj
 0001:00012eb4       _guard_check_icall_nop     0000000180013eb4 f i MSVCRT:guard_support.obj
 0001:00012eb8       ReadNoFence64              0000000180013eb8 f i MSVCRT:guard_support.obj
 0001:00012ebc       ReadPointerNoFence         0000000180013ebc f i MSVCRT:guard_support.obj
 0001:00012ec0       __castguard_check_failure_debugbreak 0000000180013ec0 f i MSVCRT:guard_support.obj
 0001:00012edc       __castguard_check_failure_fastfail 0000000180013edc f i MSVCRT:guard_support.obj
 0001:00012f00       __castguard_check_failure_nop 0000000180013f00 f i MSVCRT:guard_support.obj
 0001:00012f04       __castguard_check_failure_os_handled 0000000180013f04 f i MSVCRT:guard_support.obj
 0001:00012f80       __castguard_slow_path_check_debugbreak 0000000180013f80 f i MSVCRT:guard_support.obj
 0001:00012fb4       __castguard_slow_path_check_fastfail 0000000180013fb4 f i MSVCRT:guard_support.obj
 0001:00012ff0       __castguard_slow_path_check_nop 0000000180013ff0 f i MSVCRT:guard_support.obj
 0001:00012ff4       __castguard_slow_path_check_os_handled 0000000180013ff4 f i MSVCRT:guard_support.obj
 0001:00013064       _guard_icall_checks_enforced 0000000180014064 f i MSVCRT:guard_support.obj
 0001:0001307c       _guard_rf_checks_enforced  000000018001407c f i MSVCRT:guard_support.obj
 0001:00013080       __isa_available_init       0000000180014080 f   MSVCRT:cpu_disp.obj
 0001:0001322c       _get_startup_argv_mode     000000018001422c f   MSVCRT:argv_mode.obj
 0001:00013234       __scrt_is_ucrt_dll_in_use  0000000180014234 f   MSVCRT:ucrt_detection.obj
 0001:00013240       RtlCaptureContext          0000000180014240 f   kernel32:KERNEL32.dll
 0001:00013246       RtlLookupFunctionEntry     0000000180014246 f   kernel32:KERNEL32.dll
 0001:0001324c       RtlVirtualUnwind           000000018001424c f   kernel32:KERNEL32.dll
 0001:00013252       UnhandledExceptionFilter   0000000180014252 f   kernel32:KERNEL32.dll
 0001:00013258       SetUnhandledExceptionFilter 0000000180014258 f   kernel32:KERNEL32.dll
 0001:0001325e       GetCurrentProcess          000000018001425e f   kernel32:KERNEL32.dll
 0001:00013264       TerminateProcess           0000000180014264 f   kernel32:KERNEL32.dll
 0001:0001326a       IsProcessorFeaturePresent  000000018001426a f   kernel32:KERNEL32.dll
 0001:00013270       QueryPerformanceCounter    0000000180014270 f   kernel32:KERNEL32.dll
 0001:00013276       GetCurrentProcessId        0000000180014276 f   kernel32:KERNEL32.dll
 0001:0001327c       GetCurrentThreadId         000000018001427c f   kernel32:KERNEL32.dll
 0001:00013282       GetSystemTimeAsFileTime    0000000180014282 f   kernel32:KERNEL32.dll
 0001:00013288       DisableThreadLibraryCalls  0000000180014288 f   kernel32:KERNEL32.dll
 0001:0001328e       InitializeSListHead        000000018001428e f   kernel32:KERNEL32.dll
 0001:00013294       IsDebuggerPresent          0000000180014294 f   kernel32:KERNEL32.dll
 0001:0001329a       GetStartupInfoW            000000018001429a f   kernel32:KERNEL32.dll
 0001:000132a0       GetModuleHandleW           00000001800142a0 f   kernel32:KERNEL32.dll
 0001:000132a6       memset                     00000001800142a6 f   vcruntime:VCRUNTIME140.dll
 0001:000132ac       memcpy                     00000001800142ac f   vcruntime:VCRUNTIME140.dll
 0001:000132b2       __C_specific_handler       00000001800142b2 f   vcruntime:VCRUNTIME140.dll
 0001:000132b8       __std_type_info_destroy_list 00000001800142b8 f   vcruntime:VCRUNTIME140.dll
 0001:000132be       __current_exception        00000001800142be f   vcruntime:VCRUNTIME140.dll
 0001:000132c4       __current_exception_context 00000001800142c4 f   vcruntime:VCRUNTIME140.dll
 0001:000132ca       strcmp                     00000001800142ca f   ucrt:api-ms-win-crt-string-l1-1-0.dll
 0001:000132d0       strcat                     00000001800142d0 f   ucrt:api-ms-win-crt-string-l1-1-0.dll
 0001:000132d6       __stdio_common_vsprintf    00000001800142d6 f   ucrt:api-ms-win-crt-stdio-l1-1-0.dll
 0001:000132dc       free                       00000001800142dc f   ucrt:api-ms-win-crt-heap-l1-1-0.dll
 0001:000132e2       malloc                     00000001800142e2 f   ucrt:api-ms-win-crt-heap-l1-1-0.dll
 0001:000132e8       strlen                     00000001800142e8 f   ucrt:api-ms-win-crt-string-l1-1-0.dll
 0001:000132ee       _initterm                  00000001800142ee f   ucrt:api-ms-win-crt-runtime-l1-1-0.dll
 0001:000132f4       _initterm_e                00000001800142f4 f   ucrt:api-ms-win-crt-runtime-l1-1-0.dll
 0001:000132fa       _seh_filter_dll            00000001800142fa f   ucrt:api-ms-win-crt-runtime-l1-1-0.dll
 0001:00013300       _configure_narrow_argv     0000000180014300 f   ucrt:api-ms-win-crt-runtime-l1-1-0.dll
 0001:00013306       _initialize_narrow_environment 0000000180014306 f   ucrt:api-ms-win-crt-runtime-l1-1-0.dll
 0001:0001330c       _initialize_onexit_table   000000018001430c f   ucrt:api-ms-win-crt-runtime-l1-1-0.dll
 0001:00013312       _register_onexit_function  0000000180014312 f   ucrt:api-ms-win-crt-runtime-l1-1-0.dll
 0001:00013318       _execute_onexit_table      0000000180014318 f   ucrt:api-ms-win-crt-runtime-l1-1-0.dll
 0001:0001331e       _crt_atexit                000000018001431e f   ucrt:api-ms-win-crt-runtime-l1-1-0.dll
 0001:00013324       _crt_at_quick_exit         0000000180014324 f   ucrt:api-ms-win-crt-runtime-l1-1-0.dll
 0001:0001332a       _cexit                     000000018001432a f   ucrt:api-ms-win-crt-runtime-l1-1-0.dll
 0001:00013330       terminate                  0000000180014330 f   ucrt:api-ms-win-crt-runtime-l1-1-0.dll
 0001:00013338       __acrt_initialize          0000000180014338 f   MSVCRT:ucrt_stubs.obj
 0001:00013338       __vcrt_initialize          0000000180014338 f   MSVCRT:ucrt_stubs.obj
 0001:00013338       __scrt_stub_for_acrt_initialize 0000000180014338 f   MSVCRT:ucrt_stubs.obj
 0001:0001333c       __vcrt_thread_attach       000000018001433c f   MSVCRT:ucrt_stubs.obj
 0001:0001333c       __acrt_thread_attach       000000018001433c f   MSVCRT:ucrt_stubs.obj
 0001:0001333c       __scrt_stub_for_acrt_thread_attach 000000018001433c f   MSVCRT:ucrt_stubs.obj
 0001:00013340       __scrt_stub_for_acrt_thread_detach 0000000180014340 f   MSVCRT:ucrt_stubs.obj
 0001:00013340       __acrt_thread_detach       0000000180014340 f   MSVCRT:ucrt_stubs.obj
 0001:00013340       __vcrt_thread_detach       0000000180014340 f   MSVCRT:ucrt_stubs.obj
 0001:00013344       __scrt_stub_for_acrt_uninitialize 0000000180014344 f   MSVCRT:ucrt_stubs.obj
 0001:00013344       __acrt_uninitialize        0000000180014344 f   MSVCRT:ucrt_stubs.obj
 0001:00013344       __vcrt_uninitialize        0000000180014344 f   MSVCRT:ucrt_stubs.obj
 0001:00013348       __acrt_uninitialize_critical 0000000180014348 f   MSVCRT:ucrt_stubs.obj
 0001:00013348       __vcrt_uninitialize_critical 0000000180014348 f   MSVCRT:ucrt_stubs.obj
 0001:00013348       __scrt_stub_for_acrt_uninitialize_critical 0000000180014348 f   MSVCRT:ucrt_stubs.obj
 0001:0001334c       _is_c_termination_complete 000000018001434c f   MSVCRT:ucrt_stubs.obj
 0001:0001334c       __scrt_stub_for_is_c_termination_complete 000000018001434c f   MSVCRT:ucrt_stubs.obj
 0001:00013360       _guard_dispatch_icall_nop  0000000180014360 f   MSVCRT:guard_dispatch.obj
 0001:00013380       _guard_xfg_dispatch_icall_nop 0000000180014380 f   MSVCRT:guard_xfg_dispatch.obj
 0002:00000000       __imp_GetSystemTimeAsFileTime 0000000180015000     kernel32:KERNEL32.dll
 0002:00000008       __imp_IsProcessorFeaturePresent 0000000180015008     kernel32:KERNEL32.dll
 0002:00000010       __imp_RtlCaptureContext    0000000180015010     kernel32:KERNEL32.dll
 0002:00000018       __imp_RtlLookupFunctionEntry 0000000180015018     kernel32:KERNEL32.dll
 0002:00000020       __imp_QueryPerformanceCounter 0000000180015020     kernel32:KERNEL32.dll
 0002:00000028       __imp_GetCurrentProcessId  0000000180015028     kernel32:KERNEL32.dll
 0002:00000030       __imp_GetCurrentThreadId   0000000180015030     kernel32:KERNEL32.dll
 0002:00000038       __imp_DisableThreadLibraryCalls 0000000180015038     kernel32:KERNEL32.dll
 0002:00000040       __imp_InitializeSListHead  0000000180015040     kernel32:KERNEL32.dll
 0002:00000048       __imp_IsDebuggerPresent    0000000180015048     kernel32:KERNEL32.dll
 0002:00000050       __imp_GetStartupInfoW      0000000180015050     kernel32:KERNEL32.dll
 0002:00000058       __imp_GetModuleHandleW     0000000180015058     kernel32:KERNEL32.dll
 0002:00000060       __imp_GetCurrentProcess    0000000180015060     kernel32:KERNEL32.dll
 0002:00000068       __imp_SetUnhandledExceptionFilter 0000000180015068     kernel32:KERNEL32.dll
 0002:00000070       __imp_UnhandledExceptionFilter 0000000180015070     kernel32:KERNEL32.dll
 0002:00000078       __imp_RtlVirtualUnwind     0000000180015078     kernel32:KERNEL32.dll
 0002:00000080       __imp_TerminateProcess     0000000180015080     kernel32:KERNEL32.dll
 0002:00000088       \177KERNEL32_NULL_THUNK_DATA 0000000180015088     kernel32:KERNEL32.dll
 0002:00000090       __imp_memset               0000000180015090     vcruntime:VCRUNTIME140.dll
 0002:00000098       __imp_memcpy               0000000180015098     vcruntime:VCRUNTIME140.dll
 0002:000000a0       __imp___C_specific_handler 00000001800150a0     vcruntime:VCRUNTIME140.dll
 0002:000000a8       __imp___std_type_info_destroy_list 00000001800150a8     vcruntime:VCRUNTIME140.dll
 0002:000000b0       __imp___current_exception  00000001800150b0     vcruntime:VCRUNTIME140.dll
 0002:000000b8       __imp___current_exception_context 00000001800150b8     vcruntime:VCRUNTIME140.dll
 0002:000000c0       \177VCRUNTIME140_NULL_THUNK_DATA 00000001800150c0     vcruntime:VCRUNTIME140.dll
 0002:000000c8       __imp_malloc               00000001800150c8     ucrt:api-ms-win-crt-heap-l1-1-0.dll
 0002:000000d0       __imp_free                 00000001800150d0     ucrt:api-ms-win-crt-heap-l1-1-0.dll
 0002:000000d8       \177api-ms-win-crt-heap-l1-1-0_NULL_THUNK_DATA 00000001800150d8     ucrt:api-ms-win-crt-heap-l1-1-0.dll
 0002:000000e0       __imp__seh_filter_dll      00000001800150e0     ucrt:api-ms-win-crt-runtime-l1-1-0.dll
 0002:000000e8       __imp__configure_narrow_argv 00000001800150e8     ucrt:api-ms-win-crt-runtime-l1-1-0.dll
 0002:000000f0       __imp__initialize_onexit_table 00000001800150f0     ucrt:api-ms-win-crt-runtime-l1-1-0.dll
 0002:000000f8       __imp__register_onexit_function 00000001800150f8     ucrt:api-ms-win-crt-runtime-l1-1-0.dll
 0002:00000100       __imp__execute_onexit_table 0000000180015100     ucrt:api-ms-win-crt-runtime-l1-1-0.dll
 0002:00000108       __imp__crt_atexit          0000000180015108     ucrt:api-ms-win-crt-runtime-l1-1-0.dll
 0002:00000110       __imp__initialize_narrow_environment 0000000180015110     ucrt:api-ms-win-crt-runtime-l1-1-0.dll
 0002:00000118       __imp__initterm_e          0000000180015118     ucrt:api-ms-win-crt-runtime-l1-1-0.dll
 0002:00000120       __imp__crt_at_quick_exit   0000000180015120     ucrt:api-ms-win-crt-runtime-l1-1-0.dll
 0002:00000128       __imp__cexit               0000000180015128     ucrt:api-ms-win-crt-runtime-l1-1-0.dll
 0002:00000130       __imp_terminate            0000000180015130     ucrt:api-ms-win-crt-runtime-l1-1-0.dll
 0002:00000138       __imp__initterm            0000000180015138     ucrt:api-ms-win-crt-runtime-l1-1-0.dll
 0002:00000140       \177api-ms-win-crt-runtime-l1-1-0_NULL_THUNK_DATA 0000000180015140     ucrt:api-ms-win-crt-runtime-l1-1-0.dll
 0002:00000148       __imp___stdio_common_vsprintf 0000000180015148     ucrt:api-ms-win-crt-stdio-l1-1-0.dll
 0002:00000150       \177api-ms-win-crt-stdio-l1-1-0_NULL_THUNK_DATA 0000000180015150     ucrt:api-ms-win-crt-stdio-l1-1-0.dll
 0002:00000158       __imp_strlen               0000000180015158     ucrt:api-ms-win-crt-string-l1-1-0.dll
 0002:00000160       __imp_strcat               0000000180015160     ucrt:api-ms-win-crt-string-l1-1-0.dll
 0002:00000168       __imp_strcmp               0000000180015168     ucrt:api-ms-win-crt-string-l1-1-0.dll
 0002:00000170       \177api-ms-win-crt-string-l1-1-0_NULL_THUNK_DATA 0000000180015170     ucrt:api-ms-win-crt-string-l1-1-0.dll
 0002:00000178       __imp_covrtCreateStateflowInstanceData 0000000180015178     libcovrt:libcovrt.dll
 0002:00000180       __imp_covrtEmlFcnEval      0000000180015180     libcovrt:libcovrt.dll
 0002:00000188       __imp_covrtEmlFcnInitFcn   0000000180015188     libcovrt:libcovrt.dll
 0002:00000190       __imp_covrtEmlInitFcn      0000000180015190     libcovrt:libcovrt.dll
 0002:00000198       __imp_covrtSigUpdateFcn    0000000180015198     libcovrt:libcovrt.dll
 0002:000001a0       __imp_covrtChartInitFcn    00000001800151a0     libcovrt:libcovrt.dll
 0002:000001a8       __imp_covrtStateInitFcn    00000001800151a8     libcovrt:libcovrt.dll
 0002:000001b0       __imp_covrtTransInitFcn    00000001800151b0     libcovrt:libcovrt.dll
 0002:000001b8       __imp_covrtDeleteStateflowInstanceData 00000001800151b8     libcovrt:libcovrt.dll
 0002:000001c0       \177libcovrt_NULL_THUNK_DATA 00000001800151c0     libcovrt:libcovrt.dll
 0002:000001c8       __imp_emlrtIntegerCheckR2012b 00000001800151c8     libemlrt:libemlrt.dll
 0002:000001d0       __imp_emlrtDynamicBoundsCheckR2012b 00000001800151d0     libemlrt:libemlrt.dll
 0002:000001d8       __imp_emlrtLicenseCheckR2022a 00000001800151d8     libemlrt:libemlrt.dll
 0002:000001e0       \177libemlrt_NULL_THUNK_DATA 00000001800151e0     libemlrt:libemlrt.dll
 0002:000001e8       __imp_mexIsLocked_800      00000001800151e8     libmex:libmex.dll
 0002:000001f0       __imp_mexMakeArrayPersistent_800 00000001800151f0     libmex:libmex.dll
 0002:000001f8       __imp_mexErrMsgTxt_800     00000001800151f8     libmex:libmex.dll
 0002:00000200       __imp_mexWarnMsgTxt_800    0000000180015200     libmex:libmex.dll
 0002:00000208       __imp_mexCallMATLAB_800    0000000180015208     libmex:libmex.dll
 0002:00000210       __imp_mexLock_800          0000000180015210     libmex:libmex.dll
 0002:00000218       __imp_mexUnlock_800        0000000180015218     libmex:libmex.dll
 0002:00000220       \177libmex_NULL_THUNK_DATA 0000000180015220     libmex:libmex.dll
 0002:00000228       __imp_imlincomb_tbb_real64 0000000180015228     libmwimlincomb_tbb:libmwimlincomb_tbb.dll
 0002:00000230       \177libmwimlincomb_tbb_NULL_THUNK_DATA 0000000180015230     libmwimlincomb_tbb:libmwimlincomb_tbb.dll
 0002:00000238       __imp_muDoubleScalarIsNaN  0000000180015238     libmwmathutil:libmwmathutil.dll
 0002:00000240       __imp_muDoubleScalarFloor  0000000180015240     libmwmathutil:libmwmathutil.dll
 0002:00000248       __imp_muDoubleScalarMin    0000000180015248     libmwmathutil:libmwmathutil.dll
 0002:00000250       __imp_muDoubleScalarMax    0000000180015250     libmwmathutil:libmwmathutil.dll
 0002:00000258       __imp_muDoubleScalarAbs    0000000180015258     libmwmathutil:libmwmathutil.dll
 0002:00000260       \177libmwmathutil_NULL_THUNK_DATA 0000000180015260     libmwmathutil:libmwmathutil.dll
 0002:00000268       __imp_mxGetM_800           0000000180015268     libmx:libmx.dll
 0002:00000270       __imp_mxGetScalar_800      0000000180015270     libmx:libmx.dll
 0002:00000278       __imp_mxCreateDoubleScalar_800 0000000180015278     libmx:libmx.dll
 0002:00000280       __imp_mxGetN_800           0000000180015280     libmx:libmx.dll
 0002:00000288       __imp_mxIsComplex_800      0000000180015288     libmx:libmx.dll
 0002:00000290       __imp_mxIsNumeric_800      0000000180015290     libmx:libmx.dll
 0002:00000298       __imp_mxGetClassID_800     0000000180015298     libmx:libmx.dll
 0002:000002a0       __imp_mxIsChar_800         00000001800152a0     libmx:libmx.dll
 0002:000002a8       __imp_mxCalloc_800         00000001800152a8     libmx:libmx.dll
 0002:000002b0       __imp_mxGetNaN_800         00000001800152b0     libmx:libmx.dll
 0002:000002b8       __imp_mxCreateStructMatrix_800 00000001800152b8     libmx:libmx.dll
 0002:000002c0       __imp_mxCreateCellMatrix_800 00000001800152c0     libmx:libmx.dll
 0002:000002c8       __imp_mxCreateString_800   00000001800152c8     libmx:libmx.dll
 0002:000002d0       __imp_mxSetField_800       00000001800152d0     libmx:libmx.dll
 0002:000002d8       __imp_mxSetCell_800        00000001800152d8     libmx:libmx.dll
 0002:000002e0       __imp_mxDuplicateArray_800 00000001800152e0     libmx:libmx.dll
 0002:000002e8       __imp_mxGetString_800      00000001800152e8     libmx:libmx.dll
 0002:000002f0       __imp_mxCreateDoubleMatrix_800 00000001800152f0     libmx:libmx.dll
 0002:000002f8       __imp_mxDestroyArray_800   00000001800152f8     libmx:libmx.dll
 0002:00000300       __imp_mxGetPr_800          0000000180015300     libmx:libmx.dll
 0002:00000308       \177libmx_NULL_THUNK_DATA  0000000180015308     libmx:libmx.dll
 0002:00000310       __imp_utFree               0000000180015310     libut:libut.dll
 0002:00000318       __imp_utMalloc             0000000180015318     libut:libut.dll
 0002:00000320       \177libut_NULL_THUNK_DATA  0000000180015320     libut:libut.dll
 0002:00000328       __imp_getRuntimeInstanceInfoAsVoid 0000000180015328     sf_runtime:sf_runtime.dll
 0002:00000330       __imp_call_sf_machine_global_method_dispatcher 0000000180015330     sf_runtime:sf_runtime.dll
 0002:00000338       __imp_callMdlMethodAndReportError 0000000180015338     sf_runtime:sf_runtime.dll
 0002:00000340       __imp_sf_mex_error_direct_call 0000000180015340     sf_runtime:sf_runtime.dll
 0002:00000348       __imp_sf_clear_error_manager_info 0000000180015348     sf_runtime:sf_runtime.dll
 0002:00000350       __imp_sf_get_ChartInfoStruct_CodeGen 0000000180015350     sf_runtime:sf_runtime.dll
 0002:00000358       __imp_sf_mex_call          0000000180015358     sf_runtime:sf_runtime.dll
 0002:00000360       __imp_ssGetOutputPortSignal_wrapper 0000000180015360     sf_runtime:sf_runtime.dll
 0002:00000368       __imp_ssGetInputPortSignal_wrapper 0000000180015368     sf_runtime:sf_runtime.dll
 0002:00000370       __imp_sf_mex_import        0000000180015370     sf_runtime:sf_runtime.dll
 0002:00000378       __imp_sf_mex_destroy       0000000180015378     sf_runtime:sf_runtime.dll
 0002:00000380       __imp_sf_mex_dup           0000000180015380     sf_runtime:sf_runtime.dll
 0002:00000388       __imp_sf_mex_assign        0000000180015388     sf_runtime:sf_runtime.dll
 0002:00000390       __imp_sf_mex_getcell       0000000180015390     sf_runtime:sf_runtime.dll
 0002:00000398       __imp_sf_mex_setcell       0000000180015398     sf_runtime:sf_runtime.dll
 0002:000003a0       __imp_sf_mex_createcellmatrix 00000001800153a0     sf_runtime:sf_runtime.dll
 0002:000003a8       __imp_sf_mex_create        00000001800153a8     sf_runtime:sf_runtime.dll
 0002:000003b0       __imp_sf_mex_error_message 00000001800153b0     sf_runtime:sf_runtime.dll
 0002:000003b8       __imp_sfListenerInitializeRuntimeVars 00000001800153b8     sf_runtime:sf_runtime.dll
 0002:000003c0       __imp_sfListenerLightTerminate 00000001800153c0     sf_runtime:sf_runtime.dll
 0002:000003c8       __imp_sfListenerCacheSimStruct 00000001800153c8     sf_runtime:sf_runtime.dll
 0002:000003d0       __imp_sf_set_work_widths   00000001800153d0     sf_runtime:sf_runtime.dll
 0002:000003d8       __imp_sf_warn_if_symbolic_dimension_param_changed 00000001800153d8     sf_runtime:sf_runtime.dll
 0002:000003e0       __imp_setDebuggerFlag      00000001800153e0     sf_runtime:sf_runtime.dll
 0002:000003e8       __imp_setDataBrowseFcn     00000001800153e8     sf_runtime:sf_runtime.dll
 0002:000003f0       __imp_sfDoAnimationWrapper 00000001800153f0     sf_runtime:sf_runtime.dll
 0002:000003f8       __imp_sf_get_time          00000001800153f8     sf_runtime:sf_runtime.dll
 0002:00000400       __imp_sf_clear_rtw_identifier 0000000180015400     sf_runtime:sf_runtime.dll
 0002:00000408       __imp_sim_mode_is_external 0000000180015408     sf_runtime:sf_runtime.dll
 0002:00000410       __imp_sim_mode_is_rtw_gen  0000000180015410     sf_runtime:sf_runtime.dll
 0002:00000418       __imp_sf_get_chart_instance_ptr 0000000180015418     sf_runtime:sf_runtime.dll
 0002:00000420       __imp_sfrtGetCovrtInstance 0000000180015420     sf_runtime:sf_runtime.dll
 0002:00000428       __imp_sfrtGetEmlrtCtx      0000000180015428     sf_runtime:sf_runtime.dll
 0002:00000430       __imp_sf_free_ChartRunTimeInfo 0000000180015430     sf_runtime:sf_runtime.dll
 0002:00000438       __imp_sf_init_ChartRunTimeInfo 0000000180015438     sf_runtime:sf_runtime.dll
 0002:00000440       __imp_sf_mex_decode        0000000180015440     sf_runtime:sf_runtime.dll
 0002:00000448       __imp_sf_load_rtw_optimization_info 0000000180015448     sf_runtime:sf_runtime.dll
 0002:00000450       __imp_sf_get_hasSeparateUpdateOutputs 0000000180015450     sf_runtime:sf_runtime.dll
 0002:00000458       \177sf_runtime_NULL_THUNK_DATA 0000000180015458     sf_runtime:sf_runtime.dll
 0002:00000460       __guard_check_icall_fptr   0000000180015460     MSVCRT:guard_support.obj
 0002:00000468       __guard_xfg_check_icall_fptr 0000000180015468     MSVCRT:guard_support.obj
 0002:00000470       __guard_dispatch_icall_fptr 0000000180015470     MSVCRT:guard_support.obj
 0002:00000478       __guard_xfg_dispatch_icall_fptr 0000000180015478     MSVCRT:guard_support.obj
 0002:00000480       __guard_xfg_table_dispatch_icall_fptr 0000000180015480     MSVCRT:guard_support.obj
 0002:00000488       __castguard_check_failure_os_handled_fptr 0000000180015488     MSVCRT:guard_support.obj
 0002:00000490       __guard_memcpy_fptr        0000000180015490     vcruntime:softmemtag.obj
 0002:00000498       __xc_a                     0000000180015498     MSVCRT:initializers.obj
 0002:000004a0       __xc_z                     00000001800154a0     MSVCRT:initializers.obj
 0002:000004a8       __xi_a                     00000001800154a8     MSVCRT:initializers.obj
 0002:000004b0       __xi_z                     00000001800154b0     MSVCRT:initializers.obj
 0002:000004b8       __xp_a                     00000001800154b8     MSVCRT:initializers.obj
 0002:000004c0       __xp_z                     00000001800154c0     MSVCRT:initializers.obj
 0002:000004c8       __xt_a                     00000001800154c8     MSVCRT:initializers.obj
 0002:000004d0       __xt_z                     00000001800154d0     MSVCRT:initializers.obj
 0002:000004e0       __real@41a935fb7a000000    00000001800154e0     DCT_sfun.obj
 0002:000004e8       __real@41b0622748000000    00000001800154e8     DCT_sfun.obj
 0002:000004f0       __real@41b82a9620000000    00000001800154f0     DCT_sfun.obj
 0002:000004f8       __real@41c25c6bf7000000    00000001800154f8     DCT_sfun.obj
 0002:00000500       __real@41d15c5627c00000    0000000180015500     DCT_sfun.obj
 0002:00000508       __real@41d2f55d52800000    0000000180015508     DCT_sfun.obj
 0002:00000510       __real@41d6fe0789400000    0000000180015510     DCT_sfun.obj
 0002:00000518       __real@41e09c63e4c00000    0000000180015518     DCT_sfun.obj
 0002:00000520       __real@41e3190c0f400000    0000000180015520     DCT_sfun.obj
 0002:00000528       __real@41e7780042400000    0000000180015528     DCT_sfun.obj
 0002:00000530       __real@41e96e2a0c400000    0000000180015530     DCT_sfun.obj
 0002:00000538       __real@41efb6cb0a600000    0000000180015538     DCT_sfun.obj
 0002:00000548       __real@3ff0000000000000    0000000180015548     c4_DCT.obj
 0002:00000550       __real@4008000000000000    0000000180015550     c4_DCT.obj
 0002:00000558       __real@4010000000000000    0000000180015558     c4_DCT.obj
 0002:00000560       __real@4132c00000000000    0000000180015560     c4_DCT.obj
 0002:00000568       __real@41e095244e200000    0000000180015568     c4_DCT.obj
 0002:00000570       __real@41e2ab92c1c00000    0000000180015570     c4_DCT.obj
 0002:00000578       __real@41e99475b1600000    0000000180015578     c4_DCT.obj
 0002:00000580       __real@41eb3d68f6600000    0000000180015580     c4_DCT.obj
 0002:00000590       __real@0000000000000000    0000000180015590     c7_DCT.obj
 0002:00000598       __real@3cb0000000000000    0000000180015598     c7_DCT.obj
 0002:000005a0       __real@406fe00000000000    00000001800155a0     c7_DCT.obj
 0002:000005a8       __real@41a96d398e000000    00000001800155a8     c7_DCT.obj
 0002:000005b0       __real@41d76506ad000000    00000001800155b0     c7_DCT.obj
 0002:000005b8       __real@41e55d5dc5400000    00000001800155b8     c7_DCT.obj
 0002:000005c0       __real@41efd5ef81200000    00000001800155c0     c7_DCT.obj
 0002:000005d0       __xmm@80000000000000008000000000000000 00000001800155d0     c7_DCT.obj
 0002:000005e0       DYNAMIC_DIMENSION_DEF      00000001800155e0     DCT_sfun_registry.obj
 0002:000005f8       __real@41602cbca0000000    00000001800155f8     DCT_sfun_registry.obj
 0002:00000600       __real@bff0000000000000    0000000180015600     DCT_sfun_registry.obj
 0002:00000608       __real@77800000            0000000180015608     half_type.obj
 0002:00000620       _pDefaultRawDllMain        0000000180015620     MSVCRT:dll_dllmain.obj
 0002:00000620       _pRawDllMain               0000000180015620     MSVCRT:dll_dllmain.obj
 0002:00000630       __xmm@ffffffffffffffffffffffffffffffff 0000000180015630     MSVCRT:utility.obj
 0002:00000640       _load_config_used          0000000180015640     MSVCRT:loadcfg.obj
 0002:00000800       __CastGuardVftablesStart   0000000180015800     MSVCRT:guard_support.obj
 0002:00000880       __CastGuardVftablesEnd     0000000180015880     MSVCRT:guard_support.obj
 0002:00000900       __volatile_metadata        0000000180015900     <linker-defined>
 0002:00000d18       __rtc_iaa                  0000000180015d18     MSVCRT:initsect.obj
 0002:00000d20       __rtc_izz                  0000000180015d20     MSVCRT:initsect.obj
 0002:00000d28       __rtc_taa                  0000000180015d28     MSVCRT:initsect.obj
 0002:00000d30       __rtc_tzz                  0000000180015d30     MSVCRT:initsect.obj
 0002:000018f4       __IMPORT_DESCRIPTOR_libmwimlincomb_tbb 00000001800168f4     libmwimlincomb_tbb:libmwimlincomb_tbb.dll
 0002:00001908       __IMPORT_DESCRIPTOR_sf_runtime 0000000180016908     sf_runtime:sf_runtime.dll
 0002:0000191c       __IMPORT_DESCRIPTOR_libmx  000000018001691c     libmx:libmx.dll
 0002:00001930       __IMPORT_DESCRIPTOR_libmex 0000000180016930     libmex:libmex.dll
 0002:00001944       __IMPORT_DESCRIPTOR_libut  0000000180016944     libut:libut.dll
 0002:00001958       __IMPORT_DESCRIPTOR_libmwmathutil 0000000180016958     libmwmathutil:libmwmathutil.dll
 0002:0000196c       __IMPORT_DESCRIPTOR_libemlrt 000000018001696c     libemlrt:libemlrt.dll
 0002:00001980       __IMPORT_DESCRIPTOR_libcovrt 0000000180016980     libcovrt:libcovrt.dll
 0002:00001994       __IMPORT_DESCRIPTOR_KERNEL32 0000000180016994     kernel32:KERNEL32.dll
 0002:000019a8       __IMPORT_DESCRIPTOR_VCRUNTIME140 00000001800169a8     vcruntime:VCRUNTIME140.dll
 0002:000019bc       __IMPORT_DESCRIPTOR_api-ms-win-crt-string-l1-1-0 00000001800169bc     ucrt:api-ms-win-crt-string-l1-1-0.dll
 0002:000019d0       __IMPORT_DESCRIPTOR_api-ms-win-crt-stdio-l1-1-0 00000001800169d0     ucrt:api-ms-win-crt-stdio-l1-1-0.dll
 0002:000019e4       __IMPORT_DESCRIPTOR_api-ms-win-crt-heap-l1-1-0 00000001800169e4     ucrt:api-ms-win-crt-heap-l1-1-0.dll
 0002:000019f8       __IMPORT_DESCRIPTOR_api-ms-win-crt-runtime-l1-1-0 00000001800169f8     ucrt:api-ms-win-crt-runtime-l1-1-0.dll
 0002:00001a0c       __NULL_IMPORT_DESCRIPTOR   0000000180016a0c     libmwimlincomb_tbb:libmwimlincomb_tbb.dll
 0003:000029c0       DYNAMIC_DIMENSION          000000018001a9c0     DCT_sfun_registry.obj
 0003:00004e70       __security_cookie          000000018001ce70     MSVCRT:gs_cookie.obj
 0003:00004e78       __security_cookie_complement 000000018001ce78     MSVCRT:gs_cookie.obj
 0003:00004e80       _fltused                   000000018001ce80     MSVCRT:fltused.obj
 0003:00004e84       __scrt_native_dllmain_reason 000000018001ce84     MSVCRT:utility.obj
 0003:00004e88       __isa_available            000000018001ce88     MSVCRT:cpu_disp.obj
 0003:00004e8c       __isa_enabled              000000018001ce8c     MSVCRT:cpu_disp.obj
 0003:00004e90       __memset_fast_string_threshold 000000018001ce90     MSVCRT:cpu_disp.obj
 0003:00004e98       __memset_nt_threshold      000000018001ce98     MSVCRT:cpu_disp.obj
 0003:00004ea0       __scrt_ucrt_dll_is_in_use  000000018001cea0     MSVCRT:ucrt_stubs.obj
 0003:00006000       ?__type_info_root_node@@3U__type_info_node@@A 000000018001e000     MSVCRT:tncleanup.obj
 0003:00006010       ?_OptionsStorage@?1??__local_stdio_printf_options@@9@4_KA 000000018001e010     MSVCRT:default_local_stdio_options.obj
 0003:00006018       ?_OptionsStorage@?1??__local_stdio_scanf_options@@9@4_KA 000000018001e018     MSVCRT:default_local_stdio_options.obj
 0003:00006020       __scrt_current_native_startup_state 000000018001e020     MSVCRT:utility.obj
 0003:00006028       __scrt_native_startup_lock 000000018001e028     MSVCRT:utility.obj
 0003:00006068       __scrt_debugger_hook_flag  000000018001e068     MSVCRT:utility_desktop.obj
 0003:0000606c       __favor                    000000018001e06c     MSVCRT:cpu_disp.obj
 0003:00006070       ?_OptionsStorage@?1??__local_stdio_printf_options@@9@9 000000018001e070     <common>
 0003:00006078       __dyn_tls_init_callback    000000018001e078     <common>

 entry point at        0001:000125d4

 Static symbols

 0000:00000000       .debug$S                   0000000180000000     DCT_sfun.exp
 0000:00000000       _volmd                     0000000180000000     DCT_sfun.obj
 0000:00000000       _volmd                     0000000180000000     DCT_sfun_registry.obj
 0000:00000000       _volmd                     0000000180000000     c4_DCT.obj
 0000:00000000       _volmd                     0000000180000000     c7_DCT.obj
 0000:00000000       .debug$S                   0000000180000000     ucrt:api-ms-win-crt-heap-l1-1-0.dll
 0000:00000000       .debug$S                   0000000180000000     ucrt:api-ms-win-crt-heap-l1-1-0.dll
 0000:00000000       .debug$S                   0000000180000000     ucrt:api-ms-win-crt-runtime-l1-1-0.dll
 0000:00000000       .debug$S                   0000000180000000     ucrt:api-ms-win-crt-runtime-l1-1-0.dll
 0000:00000000       .debug$S                   0000000180000000     ucrt:api-ms-win-crt-runtime-l1-1-0.dll
 0000:00000000       .debug$S                   0000000180000000     ucrt:api-ms-win-crt-runtime-l1-1-0.dll
 0000:00000000       .debug$S                   0000000180000000     ucrt:api-ms-win-crt-runtime-l1-1-0.dll
 0000:00000000       .debug$S                   0000000180000000     ucrt:api-ms-win-crt-runtime-l1-1-0.dll
 0000:00000000       .debug$S                   0000000180000000     ucrt:api-ms-win-crt-runtime-l1-1-0.dll
 0000:00000000       .debug$S                   0000000180000000     ucrt:api-ms-win-crt-runtime-l1-1-0.dll
 0000:00000000       .debug$S                   0000000180000000     ucrt:api-ms-win-crt-runtime-l1-1-0.dll
 0000:00000000       .debug$S                   0000000180000000     ucrt:api-ms-win-crt-runtime-l1-1-0.dll
 0000:00000000       .debug$S                   0000000180000000     ucrt:api-ms-win-crt-runtime-l1-1-0.dll
 0000:00000000       .debug$S                   0000000180000000     ucrt:api-ms-win-crt-runtime-l1-1-0.dll
 0000:00000000       .debug$S                   0000000180000000     ucrt:api-ms-win-crt-stdio-l1-1-0.dll
 0000:00000000       .debug$S                   0000000180000000     ucrt:api-ms-win-crt-string-l1-1-0.dll
 0000:00000000       .debug$S                   0000000180000000     ucrt:api-ms-win-crt-string-l1-1-0.dll
 0000:00000000       .debug$S                   0000000180000000     ucrt:api-ms-win-crt-string-l1-1-0.dll
 0000:00000000       .debug$S                   0000000180000000     kernel32:KERNEL32.dll
 0000:00000000       .debug$S                   0000000180000000     kernel32:KERNEL32.dll
 0000:00000000       .debug$S                   0000000180000000     kernel32:KERNEL32.dll
 0000:00000000       .debug$S                   0000000180000000     kernel32:KERNEL32.dll
 0000:00000000       .debug$S                   0000000180000000     kernel32:KERNEL32.dll
 0000:00000000       .debug$S                   0000000180000000     kernel32:KERNEL32.dll
 0000:00000000       .debug$S                   0000000180000000     kernel32:KERNEL32.dll
 0000:00000000       .debug$S                   0000000180000000     kernel32:KERNEL32.dll
 0000:00000000       .debug$S                   0000000180000000     kernel32:KERNEL32.dll
 0000:00000000       .debug$S                   0000000180000000     kernel32:KERNEL32.dll
 0000:00000000       .debug$S                   0000000180000000     kernel32:KERNEL32.dll
 0000:00000000       .debug$S                   0000000180000000     kernel32:KERNEL32.dll
 0000:00000000       .debug$S                   0000000180000000     kernel32:KERNEL32.dll
 0000:00000000       .debug$S                   0000000180000000     kernel32:KERNEL32.dll
 0000:00000000       .debug$S                   0000000180000000     kernel32:KERNEL32.dll
 0000:00000000       .debug$S                   0000000180000000     kernel32:KERNEL32.dll
 0000:00000000       .debug$S                   0000000180000000     kernel32:KERNEL32.dll
 0000:00000000       .debug$S                   0000000180000000     libcovrt:libcovrt.dll
 0000:00000000       .debug$S                   0000000180000000     libcovrt:libcovrt.dll
 0000:00000000       .debug$S                   0000000180000000     libcovrt:libcovrt.dll
 0000:00000000       .debug$S                   0000000180000000     libcovrt:libcovrt.dll
 0000:00000000       .debug$S                   0000000180000000     libcovrt:libcovrt.dll
 0000:00000000       .debug$S                   0000000180000000     libcovrt:libcovrt.dll
 0000:00000000       .debug$S                   0000000180000000     libcovrt:libcovrt.dll
 0000:00000000       .debug$S                   0000000180000000     libcovrt:libcovrt.dll
 0000:00000000       .debug$S                   0000000180000000     libcovrt:libcovrt.dll
 0000:00000000       .debug$S                   0000000180000000     libemlrt:libemlrt.dll
 0000:00000000       .debug$S                   0000000180000000     libemlrt:libemlrt.dll
 0000:00000000       .debug$S                   0000000180000000     libemlrt:libemlrt.dll
 0000:00000000       .debug$S                   0000000180000000     libmex:libmex.dll
 0000:00000000       .debug$S                   0000000180000000     libmex:libmex.dll
 0000:00000000       .debug$S                   0000000180000000     libmex:libmex.dll
 0000:00000000       .debug$S                   0000000180000000     libmex:libmex.dll
 0000:00000000       .debug$S                   0000000180000000     libmex:libmex.dll
 0000:00000000       .debug$S                   0000000180000000     libmex:libmex.dll
 0000:00000000       .debug$S                   0000000180000000     libmex:libmex.dll
 0000:00000000       .debug$S                   0000000180000000     libmwimlincomb_tbb:libmwimlincomb_tbb.dll
 0000:00000000       .debug$S                   0000000180000000     libmwmathutil:libmwmathutil.dll
 0000:00000000       .debug$S                   0000000180000000     libmwmathutil:libmwmathutil.dll
 0000:00000000       .debug$S                   0000000180000000     libmwmathutil:libmwmathutil.dll
 0000:00000000       .debug$S                   0000000180000000     libmwmathutil:libmwmathutil.dll
 0000:00000000       .debug$S                   0000000180000000     libmwmathutil:libmwmathutil.dll
 0000:00000000       .debug$S                   0000000180000000     libmx:libmx.dll
 0000:00000000       .debug$S                   0000000180000000     libmx:libmx.dll
 0000:00000000       .debug$S                   0000000180000000     libmx:libmx.dll
 0000:00000000       .debug$S                   0000000180000000     libmx:libmx.dll
 0000:00000000       .debug$S                   0000000180000000     libmx:libmx.dll
 0000:00000000       .debug$S                   0000000180000000     libmx:libmx.dll
 0000:00000000       .debug$S                   0000000180000000     libmx:libmx.dll
 0000:00000000       .debug$S                   0000000180000000     libmx:libmx.dll
 0000:00000000       .debug$S                   0000000180000000     libmx:libmx.dll
 0000:00000000       .debug$S                   0000000180000000     libmx:libmx.dll
 0000:00000000       .debug$S                   0000000180000000     libmx:libmx.dll
 0000:00000000       .debug$S                   0000000180000000     libmx:libmx.dll
 0000:00000000       .debug$S                   0000000180000000     libmx:libmx.dll
 0000:00000000       .debug$S                   0000000180000000     libmx:libmx.dll
 0000:00000000       .debug$S                   0000000180000000     libmx:libmx.dll
 0000:00000000       .debug$S                   0000000180000000     libmx:libmx.dll
 0000:00000000       .debug$S                   0000000180000000     libmx:libmx.dll
 0000:00000000       .debug$S                   0000000180000000     libmx:libmx.dll
 0000:00000000       .debug$S                   0000000180000000     libmx:libmx.dll
 0000:00000000       .debug$S                   0000000180000000     libmx:libmx.dll
 0000:00000000       .debug$S                   0000000180000000     libut:libut.dll
 0000:00000000       .debug$S                   0000000180000000     libut:libut.dll
 0000:00000000       .debug$S                   0000000180000000     sf_runtime:sf_runtime.dll
 0000:00000000       .debug$S                   0000000180000000     sf_runtime:sf_runtime.dll
 0000:00000000       .debug$S                   0000000180000000     sf_runtime:sf_runtime.dll
 0000:00000000       .debug$S                   0000000180000000     sf_runtime:sf_runtime.dll
 0000:00000000       .debug$S                   0000000180000000     sf_runtime:sf_runtime.dll
 0000:00000000       .debug$S                   0000000180000000     sf_runtime:sf_runtime.dll
 0000:00000000       .debug$S                   0000000180000000     sf_runtime:sf_runtime.dll
 0000:00000000       .debug$S                   0000000180000000     sf_runtime:sf_runtime.dll
 0000:00000000       .debug$S                   0000000180000000     sf_runtime:sf_runtime.dll
 0000:00000000       .debug$S                   0000000180000000     sf_runtime:sf_runtime.dll
 0000:00000000       .debug$S                   0000000180000000     sf_runtime:sf_runtime.dll
 0000:00000000       .debug$S                   0000000180000000     sf_runtime:sf_runtime.dll
 0000:00000000       .debug$S                   0000000180000000     sf_runtime:sf_runtime.dll
 0000:00000000       .debug$S                   0000000180000000     sf_runtime:sf_runtime.dll
 0000:00000000       .debug$S                   0000000180000000     sf_runtime:sf_runtime.dll
 0000:00000000       .debug$S                   0000000180000000     sf_runtime:sf_runtime.dll
 0000:00000000       .debug$S                   0000000180000000     sf_runtime:sf_runtime.dll
 0000:00000000       .debug$S                   0000000180000000     sf_runtime:sf_runtime.dll
 0000:00000000       .debug$S                   0000000180000000     sf_runtime:sf_runtime.dll
 0000:00000000       .debug$S                   0000000180000000     sf_runtime:sf_runtime.dll
 0000:00000000       .debug$S                   0000000180000000     sf_runtime:sf_runtime.dll
 0000:00000000       .debug$S                   0000000180000000     sf_runtime:sf_runtime.dll
 0000:00000000       .debug$S                   0000000180000000     sf_runtime:sf_runtime.dll
 0000:00000000       .debug$S                   0000000180000000     sf_runtime:sf_runtime.dll
 0000:00000000       .debug$S                   0000000180000000     sf_runtime:sf_runtime.dll
 0000:00000000       .debug$S                   0000000180000000     sf_runtime:sf_runtime.dll
 0000:00000000       .debug$S                   0000000180000000     sf_runtime:sf_runtime.dll
 0000:00000000       .debug$S                   0000000180000000     sf_runtime:sf_runtime.dll
 0000:00000000       .debug$S                   0000000180000000     sf_runtime:sf_runtime.dll
 0000:00000000       .debug$S                   0000000180000000     sf_runtime:sf_runtime.dll
 0000:00000000       .debug$S                   0000000180000000     sf_runtime:sf_runtime.dll
 0000:00000000       .debug$S                   0000000180000000     sf_runtime:sf_runtime.dll
 0000:00000000       .debug$S                   0000000180000000     sf_runtime:sf_runtime.dll
 0000:00000000       .debug$S                   0000000180000000     sf_runtime:sf_runtime.dll
 0000:00000000       .debug$S                   0000000180000000     sf_runtime:sf_runtime.dll
 0000:00000000       .debug$S                   0000000180000000     sf_runtime:sf_runtime.dll
 0000:00000000       .debug$S                   0000000180000000     sf_runtime:sf_runtime.dll
 0000:00000000       .debug$S                   0000000180000000     sf_runtime:sf_runtime.dll
 0000:00000000       _volmd                     0000000180000000     MSVCRT:cpu_disp.obj
 0002:fffeb000       __guard_ehcont_?dllmain_dispatch@@YAHQEAUHINSTANCE__@@KQEAX@Z 0000000180000000     MSVCRT:dll_dllmain.obj
 0002:fffeb000       __guard_fids_?dllmain_dispatch@@YAHQEAUHINSTANCE__@@KQEAX@Z 0000000180000000     MSVCRT:dll_dllmain.obj
 0000:00000000       _volmd                     0000000180000000     MSVCRT:gs_report.obj
 0000:00000000       _volmd                     0000000180000000     MSVCRT:gs_report.obj
 0000:00000000       _volmd                     0000000180000000     MSVCRT:gs_report.obj
 0002:fffeb000       __guard_fids__             0000000180000000     MSVCRT:guard_support.obj
 0002:fffeb000       __guard_fids__             0000000180000000     MSVCRT:guard_support.obj
 0002:fffeb000       __guard_fids__guard_icall_checks_enforced 0000000180000000     MSVCRT:guard_support.obj
 0000:00000000       _volmd                     0000000180000000     MSVCRT:guard_support.obj
 0000:00000000       _volmd                     0000000180000000     MSVCRT:guard_support.obj
 0000:00000000       _volmd                     0000000180000000     MSVCRT:guard_support.obj
 0000:00000000       _volmd                     0000000180000000     MSVCRT:guard_support.obj
 0000:00000000       _volmd                     0000000180000000     MSVCRT:guard_support.obj
 0000:00000000       _volmd                     0000000180000000     MSVCRT:guard_support.obj
 0002:fffeb000       __guard_ehcont___scrt_is_nonwritable_in_current_image 0000000180000000     MSVCRT:utility.obj
 0000:00000000       _volmd                     0000000180000000     MSVCRT:utility.obj
 0000:00000000       _volmd                     0000000180000000     MSVCRT:utility.obj
 0000:00000000       _volmd                     0000000180000000     MSVCRT:utility.obj
 0002:fffeb000       __guard_fids___scrt_set_unhandled_exception_filter 0000000180000000     MSVCRT:utility_desktop.obj
 0000:00000000       _volmd                     0000000180000000     MSVCRT:utility_desktop.obj
 0000:00000000       .debug$S                   0000000180000000     vcruntime:VCRUNTIME140.dll
 0000:00000000       .debug$S                   0000000180000000     vcruntime:VCRUNTIME140.dll
 0000:00000000       .debug$S                   0000000180000000     vcruntime:VCRUNTIME140.dll
 0000:00000000       .debug$S                   0000000180000000     vcruntime:VCRUNTIME140.dll
 0000:00000000       .debug$S                   0000000180000000     vcruntime:VCRUNTIME140.dll
 0000:00000000       .debug$S                   0000000180000000     vcruntime:VCRUNTIME140.dll
 0002:fffeb000       __guard_fids__             0000000180000000     vcruntime:softmemtag.obj
 0000:00000010       _volmd                     0000000180000010     DCT_sfun.obj
 0000:00000010       _volmd                     0000000180000010     DCT_sfun_registry.obj
 0000:00000010       _volmd                     0000000180000010     c4_DCT.obj
 0000:00000010       _volmd                     0000000180000010     c7_DCT.obj
 0000:00000020       _volmd                     0000000180000020     DCT_sfun.obj
 0000:00000020       _volmd                     0000000180000020     DCT_sfun_registry.obj
 0000:00000020       _volmd                     0000000180000020     c4_DCT.obj
 0000:00000020       _volmd                     0000000180000020     c7_DCT.obj
 0000:00000030       _volmd                     0000000180000030     DCT_sfun.obj
 0000:00000030       _volmd                     0000000180000030     DCT_sfun_registry.obj
 0000:00000030       _volmd                     0000000180000030     c7_DCT.obj
 0000:00000040       _volmd                     0000000180000040     DCT_sfun.obj
 0000:00000040       _volmd                     0000000180000040     DCT_sfun_registry.obj
 0000:00000040       _volmd                     0000000180000040     c7_DCT.obj
 0000:00000050       _volmd                     0000000180000050     DCT_sfun.obj
 0000:00000050       _volmd                     0000000180000050     DCT_sfun_registry.obj
 0000:00000050       _volmd                     0000000180000050     c7_DCT.obj
 0000:00000060       _volmd                     0000000180000060     DCT_sfun_registry.obj
 0000:00000070       _volmd                     0000000180000070     DCT_sfun_registry.obj
 0000:00000080       _volmd                     0000000180000080     DCT_sfun_registry.obj
 0000:00000090       _volmd                     0000000180000090     DCT_sfun_registry.obj
 0000:000000a0       _volmd                     00000001800000a0     DCT_sfun_registry.obj
 0000:000000b0       _volmd                     00000001800000b0     DCT_sfun_registry.obj
 0000:000000c0       _volmd                     00000001800000c0     DCT_sfun_registry.obj
 0000:000000d0       _volmd                     00000001800000d0     DCT_sfun_registry.obj
 0000:000000e0       _volmd                     00000001800000e0     DCT_sfun_registry.obj
 0000:000000f0       _volmd                     00000001800000f0     DCT_sfun_registry.obj
 0000:00000100       _volmd                     0000000180000100     DCT_sfun_registry.obj
 0001:000012c0       initialize_c4_DCT          00000001800022c0 f   c4_DCT.obj
 0001:00001360       initialize_params_c4_DCT   0000000180002360 f   c4_DCT.obj
 0001:00001370       mdl_start_c4_DCT           0000000180002370 f   c4_DCT.obj
 0001:00001380       mdl_terminate_c4_DCT       0000000180002380 f   c4_DCT.obj
 0001:00001390       mdl_setup_runtime_resources_c4_DCT 0000000180002390 f   c4_DCT.obj
 0001:00001600       mdl_cleanup_runtime_resources_c4_DCT 0000000180002600 f   c4_DCT.obj
 0001:00001640       enable_c4_DCT              0000000180002640 f   c4_DCT.obj
 0001:00001670       disable_c4_DCT             0000000180002670 f   c4_DCT.obj
 0001:000016a0       sf_gateway_c4_DCT          00000001800026a0 f   c4_DCT.obj
 0001:00001b20       c4_do_animation_call_c4_DCT 0000000180002b20 f   c4_DCT.obj
 0001:00001b60       get_sim_state_c4_DCT       0000000180002b60 f   c4_DCT.obj
 0001:00001dd0       set_sim_state_c4_DCT       0000000180002dd0 f   c4_DCT.obj
 0001:00001ff0       initSimStructsc4_DCT       0000000180002ff0 f   c4_DCT.obj
 0001:00002000       c4_rgb2ycbcr               0000000180003000 f   c4_DCT.obj
 0001:000025e0       c4_imlincomb               00000001800035e0 f   c4_DCT.obj
 0001:000027d0       c4_emlrt_marshallIn        00000001800037d0 f   c4_DCT.obj
 0001:00002840       c4_b_emlrt_marshallIn      0000000180003840 f   c4_DCT.obj
 0001:00002940       c4_c_emlrt_marshallIn      0000000180003940 f   c4_DCT.obj
 0001:000029b0       c4_d_emlrt_marshallIn      00000001800039b0 f   c4_DCT.obj
 0001:00002a40       c4_chart_data_browse_helper 0000000180003a40 f   c4_DCT.obj
 0001:00002ac0       init_dsm_address_info      0000000180003ac0 f   c4_DCT.obj
 0001:00002ad0       init_simulink_io_address   0000000180003ad0 f   c4_DCT.obj
 0001:00002db0       sf_get_sim_state_info_c4_DCT 0000000180003db0 f   c4_DCT.obj
 0001:00002e70       sf_opaque_initialize_c4_DCT 0000000180003e70 f   c4_DCT.obj
 0001:00002ea0       sf_opaque_enable_c4_DCT    0000000180003ea0 f   c4_DCT.obj
 0001:00002ec0       sf_opaque_disable_c4_DCT   0000000180003ec0 f   c4_DCT.obj
 0001:00002ee0       sf_opaque_gateway_c4_DCT   0000000180003ee0 f   c4_DCT.obj
 0001:00002f00       sf_opaque_get_sim_state_c4_DCT 0000000180003f00 f   c4_DCT.obj
 0001:00002f30       sf_opaque_set_sim_state_c4_DCT 0000000180003f30 f   c4_DCT.obj
 0001:00002f60       sf_opaque_cleanup_runtime_resources_c4_DCT 0000000180003f60 f   c4_DCT.obj
 0001:00003000       sf_opaque_mdl_start_c4_DCT 0000000180004000 f   c4_DCT.obj
 0001:00003020       sf_opaque_mdl_terminate_c4_DCT 0000000180004020 f   c4_DCT.obj
 0001:00003040       mdlProcessParameters_c4_DCT 0000000180004040 f   c4_DCT.obj
 0001:000032e0       mdlSetWorkWidths_c4_DCT    00000001800042e0 f   c4_DCT.obj
 0001:00003370       mdlRTW_c4_DCT              0000000180004370 f   c4_DCT.obj
 0001:000033b0       mdlSetupRuntimeResources_c4_DCT 00000001800043b0 f   c4_DCT.obj
 0001:00003810       initialize_c7_DCT          0000000180004810 f   c7_DCT.obj
 0001:000038b0       initialize_params_c7_DCT   00000001800048b0 f   c7_DCT.obj
 0001:000038c0       mdl_start_c7_DCT           00000001800048c0 f   c7_DCT.obj
 0001:000038d0       mdl_terminate_c7_DCT       00000001800048d0 f   c7_DCT.obj
 0001:000038e0       mdl_setup_runtime_resources_c7_DCT 00000001800048e0 f   c7_DCT.obj
 0001:00003b50       mdl_cleanup_runtime_resources_c7_DCT 0000000180004b50 f   c7_DCT.obj
 0001:00003b90       enable_c7_DCT              0000000180004b90 f   c7_DCT.obj
 0001:00003bc0       disable_c7_DCT             0000000180004bc0 f   c7_DCT.obj
 0001:00003bf0       sf_gateway_c7_DCT          0000000180004bf0 f   c7_DCT.obj
 0001:00003fd0       c7_do_animation_call_c7_DCT 0000000180004fd0 f   c7_DCT.obj
 0001:00004010       get_sim_state_c7_DCT       0000000180005010 f   c7_DCT.obj
 0001:00004180       set_sim_state_c7_DCT       0000000180005180 f   c7_DCT.obj
 0001:00004290       initSimStructsc7_DCT       0000000180005290 f   c7_DCT.obj
[...]
 0003:00002318       $SG27423                   000000018001a318     c7_DCT.obj
 0003:00002328       $SG27424                   000000018001a328     c7_DCT.obj
 0003:00002340       $SG27372                   000000018001a340     c7_DCT.obj
 0003:00002390       $SG27374                   000000018001a390     c7_DCT.obj
 0003:000023e0       $SG27376                   000000018001a3e0     c7_DCT.obj
 0003:00002430       $SG27378                   000000018001a430     c7_DCT.obj
 0003:00002480       $SG27380                   000000018001a480     c7_DCT.obj
 0003:000024d0       $SG27382                   000000018001a4d0     c7_DCT.obj
 0003:00002520       $SG27384                   000000018001a520     c7_DCT.obj
 0003:00002570       $SG27386                   000000018001a570     c7_DCT.obj
 0003:000025c0       $SG27388                   000000018001a5c0     c7_DCT.obj
 0003:00002610       $SG27390                   000000018001a610     c7_DCT.obj
 0003:00002660       $SG27392                   000000018001a660     c7_DCT.obj
 0003:000026b0       $SG27394                   000000018001a6b0     c7_DCT.obj
 0003:00002700       $SG27396                   000000018001a700     c7_DCT.obj
 0003:00002750       $SG27398                   000000018001a750     c7_DCT.obj
 0003:000027a0       $SG27400                   000000018001a7a0     c7_DCT.obj
 0003:000027f0       $SG27402                   000000018001a7f0     c7_DCT.obj
 0003:00002840       $SG27404                   000000018001a840     c7_DCT.obj
 0003:00002890       $SG27406                   000000018001a890     c7_DCT.obj
 0003:000028e0       $SG27408                   000000018001a8e0     c7_DCT.obj
 0003:00002930       $SG27448                   000000018001a930     c7_DCT.obj
 0003:00002960       $SG27463                   000000018001a960     c7_DCT.obj
 0003:000029c8       $SG26201                   000000018001a9c8     DCT_sfun_registry.obj
 0003:000029e4       $SG26203                   000000018001a9e4     DCT_sfun_registry.obj
 0003:000029e8       $SG26239                   000000018001a9e8     DCT_sfun_registry.obj
 0003:00002a00       $SG26241                   000000018001aa00     DCT_sfun_registry.obj
 0003:00002a04       $SG26279                   000000018001aa04     DCT_sfun_registry.obj
 0003:00002a08       $SG26277                   000000018001aa08     DCT_sfun_registry.obj
 0003:00002a20       $SG26315                   000000018001aa20     DCT_sfun_registry.obj
 0003:00002a40       $SG26317                   000000018001aa40     DCT_sfun_registry.obj
 0003:00002a44       $SG26355                   000000018001aa44     DCT_sfun_registry.obj
 0003:00002a48       $SG26353                   000000018001aa48     DCT_sfun_registry.obj
 0003:00002a68       $SG26375                   000000018001aa68     DCT_sfun_registry.obj
 0003:00002a78       $SG26393                   000000018001aa78     DCT_sfun_registry.obj
 0003:00002a90       $SG26424                   000000018001aa90     DCT_sfun_registry.obj
 0003:00002a94       $SG26524                   000000018001aa94     DCT_sfun_registry.obj
 0003:00002a9c       $SG28259                   000000018001aa9c     DCT_sfun_registry.obj
 0003:00002aa0       $SG26525                   000000018001aaa0     DCT_sfun_registry.obj
 0003:00002ab4       $SG26530                   000000018001aab4     DCT_sfun_registry.obj
 0003:00002abc       $SG28337                   000000018001aabc     DCT_sfun_registry.obj
 0003:00002ac0       $SG26531                   000000018001aac0     DCT_sfun_registry.obj
 0003:00002adc       $SG27301                   000000018001aadc     DCT_sfun_registry.obj
 0003:00002ae4       $SG28744                   000000018001aae4     DCT_sfun_registry.obj
 0003:00002af0       $SG26672                   000000018001aaf0     DCT_sfun_registry.obj
 0003:00002b18       _sfcnName                  000000018001ab18     DCT_sfun_registry.obj
 0003:00002b38       $SG27094                   000000018001ab38     DCT_sfun_registry.obj
 0003:00002b40       $SG26689                   000000018001ab40     DCT_sfun_registry.obj
 0003:00002bb8       $SG27095                   000000018001abb8     DCT_sfun_registry.obj
 0003:00002bc0       $SG27109                   000000018001abc0     DCT_sfun_registry.obj
 0003:00002bd0       $SG27299                   000000018001abd0     DCT_sfun_registry.obj
 0003:00002c10       $SG27300                   000000018001ac10     DCT_sfun_registry.obj
 0003:00002c18       $SG27306                   000000018001ac18     DCT_sfun_registry.obj
 0003:00002c20       $SG27305                   000000018001ac20     DCT_sfun_registry.obj
 0003:00002c68       $SG27307                   000000018001ac68     DCT_sfun_registry.obj
 0003:00002c70       $SG27308                   000000018001ac70     DCT_sfun_registry.obj
 0003:00002cc8       $SG27309                   000000018001acc8     DCT_sfun_registry.obj
 0003:00002cd0       $SG27310                   000000018001acd0     DCT_sfun_registry.obj
 0003:00002cd8       $SG27332                   000000018001acd8     DCT_sfun_registry.obj
 0003:00002d18       $SG27333                   000000018001ad18     DCT_sfun_registry.obj
 0003:00002d20       $SG27334                   000000018001ad20     DCT_sfun_registry.obj
 0003:00002d28       $SG27339                   000000018001ad28     DCT_sfun_registry.obj
 0003:00002d30       $SG27338                   000000018001ad30     DCT_sfun_registry.obj
 0003:00002d78       $SG27340                   000000018001ad78     DCT_sfun_registry.obj
 0003:00002d80       $SG27341                   000000018001ad80     DCT_sfun_registry.obj
 0003:00002dd8       $SG27342                   000000018001add8     DCT_sfun_registry.obj
 0003:00002de0       $SG27343                   000000018001ade0     DCT_sfun_registry.obj
 0003:00002de8       $SG27368                   000000018001ade8     DCT_sfun_registry.obj
 0003:00002df0       $SG27367                   000000018001adf0     DCT_sfun_registry.obj
 0003:00002e40       $SG27369                   000000018001ae40     DCT_sfun_registry.obj
 0003:00002e48       $SG27382                   000000018001ae48     DCT_sfun_registry.obj
 0003:00002e50       $SG27381                   000000018001ae50     DCT_sfun_registry.obj
 0003:00002eb0       $SG27383                   000000018001aeb0     DCT_sfun_registry.obj
 0003:00002eb8       $SG27396                   000000018001aeb8     DCT_sfun_registry.obj
 0003:00002ec0       $SG27395                   000000018001aec0     DCT_sfun_registry.obj
 0003:00002f20       $SG27397                   000000018001af20     DCT_sfun_registry.obj
 0003:00002f28       $SG28243                   000000018001af28     DCT_sfun_registry.obj
 0003:00002f40       $SG27621                   000000018001af40     DCT_sfun_registry.obj
 0003:00002fb8       $SG28311                   000000018001afb8     DCT_sfun_registry.obj
 0003:00002fc0       $SG27624                   000000018001afc0     DCT_sfun_registry.obj
 0003:00003034       $SG28312                   000000018001b034     DCT_sfun_registry.obj
 0003:00003040       $SG27629                   000000018001b040     DCT_sfun_registry.obj
 0003:000030b8       $SG28313                   000000018001b0b8     DCT_sfun_registry.obj
 0003:000030c0       $SG27637                   000000018001b0c0     DCT_sfun_registry.obj
 0003:00003130       $SG27912                   000000018001b130     DCT_sfun_registry.obj
 0003:000031a8       $SG28319                   000000018001b1a8     DCT_sfun_registry.obj
 0003:000031b0       $SG27917                   000000018001b1b0     DCT_sfun_registry.obj
 0003:00003228       $SG28322                   000000018001b228     DCT_sfun_registry.obj
 0003:00003230       $SG28256                   000000018001b230     DCT_sfun_registry.obj
 0003:000032a8       $SG28325                   000000018001b2a8     DCT_sfun_registry.obj
 0003:000032b0       $SG28314                   000000018001b2b0     DCT_sfun_registry.obj
 0003:00003328       $SG28331                   000000018001b328     DCT_sfun_registry.obj
 0003:00003330       $SG28316                   000000018001b330     DCT_sfun_registry.obj
 0003:000033b0       $SG28326                   000000018001b3b0     DCT_sfun_registry.obj
 0003:00003430       $SG28327                   000000018001b430     DCT_sfun_registry.obj
 0003:00003440       $SG28329                   000000018001b440     DCT_sfun_registry.obj
 0003:0000344c       $SG28333                   000000018001b44c     DCT_sfun_registry.obj
 0003:00003458       $SG28335                   000000018001b458     DCT_sfun_registry.obj
 0003:00003468       $SG28458                   000000018001b468     DCT_sfun_registry.obj
 0003:00003498       $SG28459                   000000018001b498     DCT_sfun_registry.obj
 0003:000034a0       $SG28340                   000000018001b4a0     DCT_sfun_registry.obj
 0003:00003588       $SG28460                   000000018001b588     DCT_sfun_registry.obj
 0003:00003590       $SG28462                   000000018001b590     DCT_sfun_registry.obj
 0003:000035c8       $SG28463                   000000018001b5c8     DCT_sfun_registry.obj
 0003:000035d0       $SG28464                   000000018001b5d0     DCT_sfun_registry.obj
 0003:000035d8       $SG28467                   000000018001b5d8     DCT_sfun_registry.obj
 0003:00003610       $SG28468                   000000018001b610     DCT_sfun_registry.obj
 0003:00003618       $SG28469                   000000018001b618     DCT_sfun_registry.obj
 0003:00003620       $SG28471                   000000018001b620     DCT_sfun_registry.obj
 0003:00003658       $SG28472                   000000018001b658     DCT_sfun_registry.obj
 0003:00003660       $SG28473                   000000018001b660     DCT_sfun_registry.obj
 0003:00003668       $SG28475                   000000018001b668     DCT_sfun_registry.obj
 0003:000036a0       $SG28476                   000000018001b6a0     DCT_sfun_registry.obj
 0003:000036a8       $SG28477                   000000018001b6a8     DCT_sfun_registry.obj
 0003:000036b0       $SG28480                   000000018001b6b0     DCT_sfun_registry.obj
 0003:000036b8       $SG28482                   000000018001b6b8     DCT_sfun_registry.obj
 0003:000036d0       $SG28483                   000000018001b6d0     DCT_sfun_registry.obj
 0003:00003708       $SG28484                   000000018001b708     DCT_sfun_registry.obj
 0003:00003710       $SG28485                   000000018001b710     DCT_sfun_registry.obj
 0003:00003718       $SG28652                   000000018001b718     DCT_sfun_registry.obj
 0003:00003738       $SG28657                   000000018001b738     DCT_sfun_registry.obj
 0003:00003750       $SG28653                   000000018001b750     DCT_sfun_registry.obj
 0003:000037e0       $SG28658                   000000018001b7e0     DCT_sfun_registry.obj
 0003:00003870       $SG28662                   000000018001b870     DCT_sfun_registry.obj
 0003:00003888       $SG28677                   000000018001b888     DCT_sfun_registry.obj
 0003:000038a8       $SG28682                   000000018001b8a8     DCT_sfun_registry.obj
 0003:000038d0       $SG28663                   000000018001b8d0     DCT_sfun_registry.obj
 0003:00003960       $SG28667                   000000018001b960     DCT_sfun_registry.obj
 0003:00003980       $SG28668                   000000018001b980     DCT_sfun_registry.obj
 0003:00003a10       $SG28672                   000000018001ba10     DCT_sfun_registry.obj
 0003:00003a30       $SG28673                   000000018001ba30     DCT_sfun_registry.obj
 0003:00003ac0       $SG28678                   000000018001bac0     DCT_sfun_registry.obj
 0003:00003b50       $SG28683                   000000018001bb50     DCT_sfun_registry.obj
 0003:00003be0       $SG28687                   000000018001bbe0     DCT_sfun_registry.obj
 0003:00003c08       $SG28702                   000000018001bc08     DCT_sfun_registry.obj
 0003:00003c20       $SG28688                   000000018001bc20     DCT_sfun_registry.obj
 0003:00003cb0       $SG28692                   000000018001bcb0     DCT_sfun_registry.obj
 0003:00003cd0       $SG28693                   000000018001bcd0     DCT_sfun_registry.obj
 0003:00003d60       $SG28697                   000000018001bd60     DCT_sfun_registry.obj
 0003:00003d80       $SG28698                   000000018001bd80     DCT_sfun_registry.obj
 0003:00003e10       $SG28703                   000000018001be10     DCT_sfun_registry.obj
 0003:00003ea0       $SG28707                   000000018001bea0     DCT_sfun_registry.obj
 0003:00003ec0       $SG28708                   000000018001bec0     DCT_sfun_registry.obj
 0003:00003f50       $SG28712                   000000018001bf50     DCT_sfun_registry.obj
 0003:00003f70       $SG28713                   000000018001bf70     DCT_sfun_registry.obj
 0003:00004000       $SG28717                   000000018001c000     DCT_sfun_registry.obj
 0003:00004020       $SG28718                   000000018001c020     DCT_sfun_registry.obj
 0003:000040b0       $SG28722                   000000018001c0b0     DCT_sfun_registry.obj
 0003:000040d0       $SG28723                   000000018001c0d0     DCT_sfun_registry.obj
 0003:00004160       $SG28727                   000000018001c160     DCT_sfun_registry.obj
 0003:00004180       $SG28728                   000000018001c180     DCT_sfun_registry.obj
 0003:00004210       $SG28732                   000000018001c210     DCT_sfun_registry.obj
 0003:00004230       $SG28733                   000000018001c230     DCT_sfun_registry.obj
 0003:000042c0       $SG28738                   000000018001c2c0     DCT_sfun_registry.obj
 0003:000042d8       $SG28749                   000000018001c2d8     DCT_sfun_registry.obj
 0003:000042f0       $SG28739                   000000018001c2f0     DCT_sfun_registry.obj
 0003:00004380       $SG28745                   000000018001c380     DCT_sfun_registry.obj
 0003:00004410       $SG28750                   000000018001c410     DCT_sfun_registry.obj
 0003:000044a0       $SG28754                   000000018001c4a0     DCT_sfun_registry.obj
 0003:000044b0       $SG28755                   000000018001c4b0     DCT_sfun_registry.obj
 0003:00004540       $SG28759                   000000018001c540     DCT_sfun_registry.obj
 0003:00004560       $SG28760                   000000018001c560     DCT_sfun_registry.obj
 0003:000045f0       $SG28764                   000000018001c5f0     DCT_sfun_registry.obj
 0003:00004610       $SG28765                   000000018001c610     DCT_sfun_registry.obj
 0003:000046a0       $SG28769                   000000018001c6a0     DCT_sfun_registry.obj
 0003:000046b0       $SG28770                   000000018001c6b0     DCT_sfun_registry.obj
 0003:00004740       $SG28774                   000000018001c740     DCT_sfun_registry.obj
 0003:00004750       $SG28775                   000000018001c750     DCT_sfun_registry.obj
 0003:000047e0       $SG28779                   000000018001c7e0     DCT_sfun_registry.obj
 0003:000047f8       $SG28784                   000000018001c7f8     DCT_sfun_registry.obj
 0003:00004810       $SG28780                   000000018001c810     DCT_sfun_registry.obj
 0003:000048a0       $SG28785                   000000018001c8a0     DCT_sfun_registry.obj
 0003:00004930       $SG28789                   000000018001c930     DCT_sfun_registry.obj
 0003:00004940       $SG28790                   000000018001c940     DCT_sfun_registry.obj
 0003:000049d0       $SG28798                   000000018001c9d0     DCT_sfun_registry.obj
 0003:000049e0       $SG28799                   000000018001c9e0     DCT_sfun_registry.obj
 0003:00004a70       $SG28805                   000000018001ca70     DCT_sfun_registry.obj
 0003:00004a80       $SG28806                   000000018001ca80     DCT_sfun_registry.obj
 0003:00004b10       $SG28810                   000000018001cb10     DCT_sfun_registry.obj
 0003:00004b20       $SG28811                   000000018001cb20     DCT_sfun_registry.obj
 0003:00004bb0       $SG28816                   000000018001cbb0     DCT_sfun_registry.obj
 0003:00004bc0       $SG28817                   000000018001cbc0     DCT_sfun_registry.obj
 0003:00004c50       $SG28821                   000000018001cc50     DCT_sfun_registry.obj
 0003:00004cc8       $SG28863                   000000018001ccc8     DCT_sfun_registry.obj
 0003:00004ce0       $SG28851                   000000018001cce0     DCT_sfun_registry.obj
 0003:00004df8       $SG28873                   000000018001cdf8     DCT_sfun_registry.obj
 0003:00004e08       $SG28885                   000000018001ce08     DCT_sfun_registry.obj
 0003:00004e18       $SG28895                   000000018001ce18     DCT_sfun_registry.obj
 0003:00004e28       $SG28907                   000000018001ce28     DCT_sfun_registry.obj
 0003:00004e38       $SG28917                   000000018001ce38     DCT_sfun_registry.obj
 0003:00004e48       $SG28927                   000000018001ce48     DCT_sfun_registry.obj
 0003:00004eb0       sRtwOptimizationInfoStruct 000000018001ceb0     DCT_sfun.obj
 0003:00004eb8       sOptimizationInfoFlags     000000018001ceb8     DCT_sfun.obj
 0003:00004ec0       $SG26281                   000000018001cec0     c4_DCT.obj
 0003:00004ec1       $SG26288                   000000018001cec1     c4_DCT.obj
 0003:00004ec2       $SG26295                   000000018001cec2     c4_DCT.obj
 0003:00004ec3       $SG26302                   000000018001cec3     c4_DCT.obj
 0003:00004ec4       $SG26309                   000000018001cec4     c4_DCT.obj
 0003:00004ec5       $SG26474                   000000018001cec5     c4_DCT.obj
 0003:00004ec6       $SG26839                   000000018001cec6     c4_DCT.obj
 0003:00004ec7       $SG26840                   000000018001cec7     c4_DCT.obj
 0003:00004ec8       _sfTime_                   000000018001cec8     c4_DCT.obj
 0003:00004ed0       ?newstr@?1??sf_c4_DCT_get_post_codegen_info@@9@9 000000018001ced0     c4_DCT.obj
 0003:00005499       $SG26992                   000000018001d499     c4_DCT.obj
 0003:000054a0       $SG26303                   000000018001d4a0     c7_DCT.obj
 0003:000054a1       $SG26310                   000000018001d4a1     c7_DCT.obj
 0003:000054a2       $SG26317                   000000018001d4a2     c7_DCT.obj
 0003:000054a3       $SG26324                   000000018001d4a3     c7_DCT.obj
 0003:000054a4       $SG26331                   000000018001d4a4     c7_DCT.obj
 0003:000054a5       $SG26587                   000000018001d4a5     c7_DCT.obj
 0003:000054a6       $SG27259                   000000018001d4a6     c7_DCT.obj
 0003:000054a7       $SG27260                   000000018001d4a7     c7_DCT.obj
 0003:000054a8       _sfTime_                   000000018001d4a8     c7_DCT.obj
 0003:000054b0       ?newstr@?1??sf_c7_DCT_get_post_codegen_info@@9@9 000000018001d4b0     c7_DCT.obj
 0003:00005a75       $SG27412                   000000018001da75     c7_DCT.obj
 0003:00005a78       sfGlobalMdlStartCallCounts 000000018001da78     DCT_sfun_registry.obj
 0003:00005a7c       $SG28307                   000000018001da7c     DCT_sfun_registry.obj
 0003:00005a80       GS_ExceptionRecord         000000018001da80     MSVCRT:gs_report.obj
 0003:00005b20       GS_ContextRecord           000000018001db20     MSVCRT:gs_report.obj
 0003:00005ff0       ?__proc_attached@@3HA      000000018001dff0     MSVCRT:dll_dllmain.obj
 0003:00006030       ?is_initialized_as_dll@@3_NA 000000018001e030     MSVCRT:utility.obj
 0003:00006031       ?module_local_atexit_table_initialized@@3_NA 000000018001e031     MSVCRT:utility.obj
 0003:00006038       ?module_local_atexit_table@@3U_onexit_table_t@@A 000000018001e038     MSVCRT:utility.obj
 0003:00006050       ?module_local_at_quick_exit_table@@3U_onexit_table_t@@A 000000018001e050     MSVCRT:utility.obj
