 LCTCompression_sfun

 Timestamp is 628e2025 (Wed May 25 20:25:09 2022)

 Preferred load address is 0000000180000000

 Start         Length     Name                   Class
 0001:00000000 00013390H .text$mn                CODE
 0001:00013390 00000036H .text$mn$00             CODE
 0001:000133c6 00000092H .text$x                 CODE
 0002:00000000 00000460H .idata$5                DATA
 0002:00000460 00000038H .00cfg                  DATA
 0002:00000498 00000008H .CRT$XCA                DATA
 0002:000004a0 00000008H .CRT$XCZ                DATA
 0002:000004a8 00000008H .CRT$XIA                DATA
 0002:000004b0 00000008H .CRT$XIZ                DATA
 0002:000004b8 00000008H .CRT$XPA                DATA
 0002:000004c0 00000008H .CRT$XPZ                DATA
 0002:000004c8 00000008H .CRT$XTA                DATA
 0002:000004d0 00000010H .CRT$XTZ                DATA
 0002:000004d8 00000000H .gehcont$y              DATA
 0002:000004d8 00000000H .gfids$y                DATA
 0002:000004e0 00000320H .rdata                  DATA
 0002:00000800 00000080H .rdata$CastGuardVftablesA DATA
 0002:00000880 00000080H .rdata$CastGuardVftablesC DATA
 0002:00000900 0000019cH .rdata$voltmd           DATA
 0002:00000a9c 0000027cH .rdata$zzzdbg           DATA
 0002:00000d18 00000008H .rtc$IAA                DATA
 0002:00000d20 00000008H .rtc$IZZ                DATA
 0002:00000d28 00000008H .rtc$TAA                DATA
 0002:00000d30 00000008H .rtc$TZZ                DATA
 0002:00000d38 00000b48H .xdata                  DATA
 0002:00001880 00000080H .edata                  DATA
 0002:00001900 00000118H .idata$2                DATA
 0002:00001a18 00000018H .idata$3                DATA
 0002:00001a30 00000460H .idata$4                DATA
 0002:00001e90 00000beeH .idata$6                DATA
 0003:00000000 00004fa0H .data                   DATA
 0003:00004fa0 000011f0H .bss                    DATA
 0004:00000000 00000dbcH .pdata                  DATA

  Address         Publics by Value              Rva+Base               Lib:Object

 0000:00000000       __hybrid_auxiliary_iat     0000000000000000     <absolute>
 0000:00000000       __hybrid_auxiliary_iat_copy 0000000000000000     <absolute>
 0000:00000000       __dynamic_value_reloc_table 0000000000000000     <absolute>
 0000:00000000       __guard_longjmp_count      0000000000000000     <absolute>
 0000:00000000       __guard_iat_count          0000000000000000     <absolute>
 0000:00000000       __guard_eh_cont_table      0000000000000000     <absolute>
 0000:00000000       __guard_iat_table          0000000000000000     <absolute>
 0000:00000000       __arm64x_redirection_metadata 0000000000000000     <absolute>
 0000:00000000       __arm64x_extra_rfe_table_size 0000000000000000     <absolute>
 0000:00000000       __x64_code_ranges_to_entry_points_count 0000000000000000     <absolute>
 0000:00000000       __AbsoluteZero             0000000000000000     <absolute>
 0000:00000000       __guard_eh_cont_count      0000000000000000     <absolute>
 0000:00000000       __hybrid_code_map_count    0000000000000000     <absolute>
 0000:00000000       ___safe_se_handler_count   0000000000000000     <absolute>
 0000:00000000       ___safe_se_handler_table   0000000000000000     <absolute>
 0000:00000000       __guard_check_icall_a64n_fptr 0000000000000000     <absolute>
 0000:00000000       __hybrid_code_map          0000000000000000     <absolute>
 0000:00000000       __guard_fids_table         0000000000000000     <absolute>
 0000:00000000       __guard_longjmp_table      0000000000000000     <absolute>
 0000:00000000       __x64_code_ranges_to_entry_points 0000000000000000     <absolute>
 0000:00000000       __enclave_config           0000000000000000     <absolute>
 0000:00000000       __arm64x_redirection_metadata_count 0000000000000000     <absolute>
 0000:00000000       __arm64x_native_entrypoint 0000000000000000     <absolute>
 0000:00000000       __arm64x_extra_rfe_table   0000000000000000     <absolute>
 0000:00000000       __guard_fids_count         0000000000000000     <absolute>
 0000:00000100       __guard_flags              0000000000000100     <absolute>
 0000:00000000       __ImageBase                0000000180000000     <linker-defined>
 0001:00000000       LCTCompression_initializer 0000000180001000 f   LCTCompression_sfun.obj
 0001:00000010       LCTCompression_terminator  0000000180001010 f   LCTCompression_sfun.obj
 0001:00000020       load_LCTCompression_optimization_info 0000000180001020 f   LCTCompression_sfun.obj
 0001:000000d0       unload_LCTCompression_optimization_info 00000001800010d0 f   LCTCompression_sfun.obj
 0001:00000100       sf_LCTCompression_method_dispatcher 0000000180001100 f   LCTCompression_sfun.obj
 0001:00000170       sf_LCTCompression_process_check_sum_call 0000000180001170 f   LCTCompression_sfun.obj
 0001:00000680       sf_LCTCompression_get_eml_resolved_functions_info 0000000180001680 f   LCTCompression_sfun.obj
 0001:000008c0       sf_LCTCompression_third_party_uses_info 00000001800018c0 f   LCTCompression_sfun.obj
 0001:00000ac0       sf_LCTCompression_jit_fallback_info 0000000180001ac0 f   LCTCompression_sfun.obj
 0001:00000cc0       sf_LCTCompression_get_post_codegen_info 0000000180001cc0 f   LCTCompression_sfun.obj
 0001:00000ee0       sf_LCTCompression_updateBuildInfo_args_info 0000000180001ee0 f   LCTCompression_sfun.obj
 0001:000010e0       LCTCompression_register_exported_symbols 00000001800020e0 f   LCTCompression_sfun.obj
 0001:000010f0       sf_c4_LCTCompression_get_eml_resolved_functions_info 00000001800020f0 f   c4_LCTCompression.obj
 0001:00001170       sf_c4_LCTCompression_get_check_sum 0000000180002170 f   c4_LCTCompression.obj
 0001:00001240       c4_LCTCompression_method_dispatcher 0000000180002240 f   c4_LCTCompression.obj
 0001:00002ba0       sf_c4_LCTCompression_third_party_uses_info 0000000180003ba0 f   c4_LCTCompression.obj
 0001:00002bf0       sf_c4_LCTCompression_jit_fallback_info 0000000180003bf0 f   c4_LCTCompression.obj
 0001:00002d80       sf_c4_LCTCompression_updateBuildInfo_args_info 0000000180003d80 f   c4_LCTCompression.obj
 0001:00003120       sf_c4_LCTCompression_get_post_codegen_info 0000000180004120 f   c4_LCTCompression.obj
 0001:00003640       sf_c7_LCTCompression_get_eml_resolved_functions_info 0000000180004640 f   c7_LCTCompression.obj
 0001:000036c0       sf_c7_LCTCompression_get_check_sum 00000001800046c0 f   c7_LCTCompression.obj
 0001:00003790       c7_LCTCompression_method_dispatcher 0000000180004790 f   c7_LCTCompression.obj
 0001:00006e40       sf_c7_LCTCompression_third_party_uses_info 0000000180007e40 f   c7_LCTCompression.obj
 0001:00006e90       sf_c7_LCTCompression_jit_fallback_info 0000000180007e90 f   c7_LCTCompression.obj
 0001:00007020       sf_c7_LCTCompression_updateBuildInfo_args_info 0000000180008020 f   c7_LCTCompression.obj
 0001:000073c0       sf_c7_LCTCompression_get_post_codegen_info 00000001800083c0 f   c7_LCTCompression.obj
 0001:000078e0       mexFunction                00000001800088e0 f   LCTCompression_sfun_registry.obj
 0001:0000a070       _ssSetInputPortDirectFeedThroughFcn 000000018000b070 f   LCTCompression_sfun_registry.obj
 0001:0000a1e0       _ssSetRWorkValueFcn        000000018000b1e0 f   LCTCompression_sfun_registry.obj
 0001:0000a260       _ssGetRWorkValueFcn        000000018000b260 f   LCTCompression_sfun_registry.obj
 0001:0000a2d0       _ssSetIWorkValueFcn        000000018000b2d0 f   LCTCompression_sfun_registry.obj
 0001:0000a350       _ssGetIWorkValueFcn        000000018000b350 f   LCTCompression_sfun_registry.obj
 0001:0000a3c0       _ssSetPWorkValueFcn        000000018000b3c0 f   LCTCompression_sfun_registry.obj
 0001:0000a440       _ssGetPWorkValueFcn        000000018000b440 f   LCTCompression_sfun_registry.obj
 0001:0000a4b0       _ssGetInputPortSignalFcn   000000018000b4b0 f   LCTCompression_sfun_registry.obj
 0001:0000a840       _ssGetInputPortBufferDstPortFcn 000000018000b840 f   LCTCompression_sfun_registry.obj
 0001:0000a8c0       _ssGetInputPortSignalPtrsFcn 000000018000b8c0 f   LCTCompression_sfun_registry.obj
 0001:0000ac50       ssGetParameterTuningCompliance 000000018000bc50 f   LCTCompression_sfun_registry.obj
 0001:0000acc0       _ssReadInputStringFcn      000000018000bcc0 f   LCTCompression_sfun_registry.obj
 0001:0000ad30       ssGetDTypeIdFromMxArray    000000018000bd30 f   LCTCompression_sfun_registry.obj
 0001:0000ae50       ssWriteRTWMx2dMatParam     000000018000be50 f   LCTCompression_sfun_registry.obj
 0001:0000aee0       ssWriteRTWMxVectParam      000000018000bee0 f   LCTCompression_sfun_registry.obj
 0001:0000af60       ssWriteRTWParameters       000000018000bf60 f   LCTCompression_sfun_registry.obj
 0001:0000b520       ssWriteRTWParamSettings    000000018000c520 f   LCTCompression_sfun_registry.obj
 0001:0000bc10       ssWriteRTWStr              000000018000cc10 f   LCTCompression_sfun_registry.obj
 0001:0000bc70       ssWriteRTWWorkVect         000000018000cc70 f   LCTCompression_sfun_registry.obj
 0001:0000c1d0       ssWarning                  000000018000d1d0 f   LCTCompression_sfun_registry.obj
 0001:0000c2c0       ssWriteRTWNameValuePair    000000018000d2c0 f   LCTCompression_sfun_registry.obj
 0001:0000c7c0       _ssSetInputPortMatrixDimensions 000000018000d7c0 f   LCTCompression_sfun_registry.obj
 0001:0000c910       _ssSetOutputPortMatrixDimensions 000000018000d910 f   LCTCompression_sfun_registry.obj
 0001:0000ca60       _ssSetInputPortVectorDimension 000000018000da60 f   LCTCompression_sfun_registry.obj
 0001:0000cb10       _ssSetOutputPortVectorDimension 000000018000db10 f   LCTCompression_sfun_registry.obj
 0001:0000cbc0       ssIsRunTimeParamTunable    000000018000dbc0 f   LCTCompression_sfun_registry.obj
 0001:0000cc30       ssGetSFuncBlockHandle      000000018000dc30 f   LCTCompression_sfun_registry.obj
 0001:0000cca0       _ssGetCurrentInputPortWidth 000000018000dca0 f   LCTCompression_sfun_registry.obj
 0001:0000cde0       _ssGetCurrentOutputPortWidth 000000018000dde0 f   LCTCompression_sfun_registry.obj
 0001:0000cf20       _ssGetCallSystemNumFcnCallDestinations 000000018000df20 f   LCTCompression_sfun_registry.obj
 0001:0000cf90       ssGetIsZeroCrossControlDisabled 000000018000df90 f   LCTCompression_sfun_registry.obj
 0001:0000d000       ssSetIsInputPortUsedForContZcSignal 000000018000e000 f   LCTCompression_sfun_registry.obj
 0001:0000d070       ssSetZcSignalIsZcElementDisc 000000018000e070 f   LCTCompression_sfun_registry.obj
 0001:0000d120       ssSetZcSignalName          000000018000e120 f   LCTCompression_sfun_registry.obj
 0001:0000d190       ssSetZcSignalWidth         000000018000e190 f   LCTCompression_sfun_registry.obj
 0001:0000d200       ssSetZcSignalZcEventType   000000018000e200 f   LCTCompression_sfun_registry.obj
 0001:0000d270       ssSetZcSignalType          000000018000e270 f   LCTCompression_sfun_registry.obj
 0001:0000d2e0       ssSetZcSignalZcTol         000000018000e2e0 f   LCTCompression_sfun_registry.obj
 0001:0000d350       ssSetZcSignalNeedsEventNotification 000000018000e350 f   LCTCompression_sfun_registry.obj
 0001:0000d3c0       ssCreateAndAddZcSignalInfo 000000018000e3c0 f   LCTCompression_sfun_registry.obj
 0001:0000d430       ssCloneAndAddZcSignalInfo  000000018000e430 f   LCTCompression_sfun_registry.obj
 0001:0000d4a0       ssGetNumZcSignals          000000018000e4a0 f   LCTCompression_sfun_registry.obj
 0001:0000d510       ssGetZcSignalVector        000000018000e510 f   LCTCompression_sfun_registry.obj
 0001:0000d580       ssGetZcSignalName          000000018000e580 f   LCTCompression_sfun_registry.obj
 0001:0000d5f0       ssGetZcSignalWidth         000000018000e5f0 f   LCTCompression_sfun_registry.obj
 0001:0000d660       ssGetZcSignalZcEventType   000000018000e660 f   LCTCompression_sfun_registry.obj
 0001:0000d6d0       ssGetZcSignalZcEvents      000000018000e6d0 f   LCTCompression_sfun_registry.obj
 0001:0000d740       ssGetZcSignalType          000000018000e740 f   LCTCompression_sfun_registry.obj
 0001:0000d7b0       ssGetZcSignalZcTol         000000018000e7b0 f   LCTCompression_sfun_registry.obj
 0001:0000d830       ssGetZcSignalNeedsEventNotification 000000018000e830 f   LCTCompression_sfun_registry.obj
 0001:0000d8a0       ssGetZcSignalIsZcElementDisc 000000018000e8a0 f   LCTCompression_sfun_registry.obj
 0001:0000d940       ssGetIsInputPortElementContinuous 000000018000e940 f   LCTCompression_sfun_registry.obj
 0001:0000d9e0       _ssGetAbsTol               000000018000e9e0 f   LCTCompression_sfun_registry.obj
 0001:0000da50       _ssSetStateAbsTol          000000018000ea50 f   LCTCompression_sfun_registry.obj
 0001:0000db30       _ssSetInputPortReusableFcn 000000018000eb30 f   LCTCompression_sfun_registry.obj
 0001:0000dc30       _ssSetOutputPortReusableFcn 000000018000ec30 f   LCTCompression_sfun_registry.obj
 0001:0000dd30       _ssSetSymbolicDimsSupport  000000018000ed30 f   LCTCompression_sfun_registry.obj
 0001:0000dda0       _ssRegisterSymbolicDimsExpr 000000018000eda0 f   LCTCompression_sfun_registry.obj
 0001:0000de20       _ssRegisterSymbolicDimsMATLABExpr 000000018000ee20 f   LCTCompression_sfun_registry.obj
 0001:0000dec0       _ssRegisterSymbolicDims    000000018000eec0 f   LCTCompression_sfun_registry.obj
 0001:0000df60       _ssRegisterSymbolicDimsString 000000018000ef60 f   LCTCompression_sfun_registry.obj
 0001:0000dfe0       _ssRegisterSymbolicDimsIntValue 000000018000efe0 f   LCTCompression_sfun_registry.obj
 0001:0000e050       _ssRegisterSymbolicEqualRelation 000000018000f050 f   LCTCompression_sfun_registry.obj
 0001:0000e0c0       _ssRegisterSymbolicEqualValue 000000018000f0c0 f   LCTCompression_sfun_registry.obj
 0001:0000e130       _ssAmendLeadingSymbolicDims 000000018000f130 f   LCTCompression_sfun_registry.obj
 0001:0000e1b0       _ssAmendTrailingSymbolicDims 000000018000f1b0 f   LCTCompression_sfun_registry.obj
 0001:0000e230       _ssRegisterSymbolicDimsPlus 000000018000f230 f   LCTCompression_sfun_registry.obj
 0001:0000e2b0       _ssRegisterSymbolicDimsMinus 000000018000f2b0 f   LCTCompression_sfun_registry.obj
 0001:0000e330       _ssRegisterSymbolicDimsMultiply 000000018000f330 f   LCTCompression_sfun_registry.obj
 0001:0000e3b0       _ssRegisterSymbolicDimsDivide 000000018000f3b0 f   LCTCompression_sfun_registry.obj
 0001:0000e430       _ssGetNumSymbolicDims      000000018000f430 f   LCTCompression_sfun_registry.obj
 0001:0000e4a0       _ssGetSymbolicDim          000000018000f4a0 f   LCTCompression_sfun_registry.obj
 0001:0000e520       _ssSetInputPortSymbolicDimsId 000000018000f520 f   LCTCompression_sfun_registry.obj
 0001:0000e590       _ssGetCompInputPortSymbolicDimsId 000000018000f590 f   LCTCompression_sfun_registry.obj
 0001:0000e600       _ssSetCompInputPortSymbolicDimsId 000000018000f600 f   LCTCompression_sfun_registry.obj
 0001:0000e670       _ssSetOutputPortSymbolicDimsId 000000018000f670 f   LCTCompression_sfun_registry.obj
 0001:0000e6e0       _ssGetCompOutputPortSymbolicDimsId 000000018000f6e0 f   LCTCompression_sfun_registry.obj
 0001:0000e750       _ssSetCompOutputPortSymbolicDimsId 000000018000f750 f   LCTCompression_sfun_registry.obj
 0001:0000e7c0       _ssGetDWorkSymbolicDimsId  000000018000f7c0 f   LCTCompression_sfun_registry.obj
 0001:0000e830       _ssSetDWorkSymbolicDimsId  000000018000f830 f   LCTCompression_sfun_registry.obj
 0001:0000e8a0       _ssGetCompDWorkSymbolicDimsId 000000018000f8a0 f   LCTCompression_sfun_registry.obj
 0001:0000e910       _ssSetCompDWorkSymbolicDimsId 000000018000f910 f   LCTCompression_sfun_registry.obj
 0001:0000e980       _ssCreateSLCGStringBuffer  000000018000f980 f   LCTCompression_sfun_registry.obj
 0001:0000e9f0       _ssAddToSLCGStringBuffer   000000018000f9f0 f   LCTCompression_sfun_registry.obj
 0001:0000ea60       sf_process_check_sum_call  000000018000fa60 f   LCTCompression_sfun_registry.obj
 0001:0000eab0       sf_process_get_third_party_uses_info_call 000000018000fab0 f   LCTCompression_sfun_registry.obj
 0001:0000ece0       sf_process_get_jit_fallback_info_call 000000018000fce0 f   LCTCompression_sfun_registry.obj
 0001:0000ef10       sf_process_get_post_codegen_info_call 000000018000ff10 f   LCTCompression_sfun_registry.obj
 0001:0000f140       sf_process_get_updateBuildInfo_args_info_call 0000000180010140 f   LCTCompression_sfun_registry.obj
 0001:0000f370       sf_process_get_eml_resolved_functions_info_call 0000000180010370 f   LCTCompression_sfun_registry.obj
 0001:0000f5a0       sf_mex_unlock_call         00000001800105a0 f   LCTCompression_sfun_registry.obj
 0001:0000f7c0       sf_machine_global_initializer_called 00000001800107c0 f   LCTCompression_sfun_registry.obj
 0001:0000f7f0       sf_machine_global_method_dispatcher 00000001800107f0 f   LCTCompression_sfun_registry.obj
 0001:0000f850       sf_machine_global_terminator 0000000180010850 f   LCTCompression_sfun_registry.obj
 0001:0000f880       sf_register_machine_exported_symbols 0000000180010880 f   LCTCompression_sfun_registry.obj
 0001:0000f8a0       callCustomFcn              00000001800108a0 f   LCTCompression_sfun_registry.obj
 0001:0000f8b0       sf_machine_global_initializer 00000001800108b0 f   LCTCompression_sfun_registry.obj
 0001:0000f920       mdlGetSimState             0000000180010920 f   LCTCompression_sfun_registry.obj
 0001:0000f960       mdlSetSimState             0000000180010960 f   LCTCompression_sfun_registry.obj
 0001:000102b0       ProcessMexSfunctionEveryCall 00000001800112b0 f   LCTCompression_sfun_registry.obj
 0001:00011430       __local_stdio_printf_options 0000000180012430 f i LCTCompression_sfun_registry.obj
 0001:00011440       _vsnprintf_l               0000000180012440 f i LCTCompression_sfun_registry.obj
 0001:000114c0       _vsprintf_l                00000001800124c0 f i LCTCompression_sfun_registry.obj
 0001:00011510       sprintf                    0000000180012510 f i LCTCompression_sfun_registry.obj
 0001:00011560       mexfilerequiredapiversion  0000000180012560 f   c_mexapi_version.obj
 0001:00011590       getBitfieldFromFloat       0000000180012590 f   half_type.obj
 0001:000115c0       getFloatFromBitfield       00000001800125c0 f   half_type.obj
 0001:000115f0       getBitfieldFromHalf        00000001800125f0 f   half_type.obj
 0001:00011610       getHalfFromBitfield        0000000180012610 f   half_type.obj
 0001:00011640       halfToFloat                0000000180012640 f   half_type.obj
 0001:000116f0       halfToDouble               00000001800126f0 f   half_type.obj
 0001:00011720       floatToHalf                0000000180012720 f   half_type.obj
 0001:00011980       doubleToHalf               0000000180012980 f   half_type.obj
 0001:00011c6c       imlincomb_tbb_real64       0000000180012c6c f   libmwimlincomb_tbb:libmwimlincomb_tbb.dll
 0001:00011c72       sf_load_rtw_optimization_info 0000000180012c72 f   sf_runtime:sf_runtime.dll
 0001:00011c78       sf_mex_decode              0000000180012c78 f   sf_runtime:sf_runtime.dll
 0001:00011c7e       sf_init_ChartRunTimeInfo   0000000180012c7e f   sf_runtime:sf_runtime.dll
 0001:00011c84       sf_free_ChartRunTimeInfo   0000000180012c84 f   sf_runtime:sf_runtime.dll
 0001:00011c8a       sfrtGetEmlrtCtx            0000000180012c8a f   sf_runtime:sf_runtime.dll
 0001:00011c90       sfrtGetCovrtInstance       0000000180012c90 f   sf_runtime:sf_runtime.dll
 0001:00011c96       sf_get_chart_instance_ptr  0000000180012c96 f   sf_runtime:sf_runtime.dll
 0001:00011c9c       sim_mode_is_rtw_gen        0000000180012c9c f   sf_runtime:sf_runtime.dll
 0001:00011ca2       sim_mode_is_external       0000000180012ca2 f   sf_runtime:sf_runtime.dll
 0001:00011ca8       sf_clear_rtw_identifier    0000000180012ca8 f   sf_runtime:sf_runtime.dll
 0001:00011cae       sf_get_time                0000000180012cae f   sf_runtime:sf_runtime.dll
 0001:00011cb4       sfDoAnimationWrapper       0000000180012cb4 f   sf_runtime:sf_runtime.dll
 0001:00011cba       setDataBrowseFcn           0000000180012cba f   sf_runtime:sf_runtime.dll
 0001:00011cc0       setDebuggerFlag            0000000180012cc0 f   sf_runtime:sf_runtime.dll
 0001:00011cc6       sf_warn_if_symbolic_dimension_param_changed 0000000180012cc6 f   sf_runtime:sf_runtime.dll
 0001:00011ccc       sf_set_work_widths         0000000180012ccc f   sf_runtime:sf_runtime.dll
 0001:00011cd2       sfListenerCacheSimStruct   0000000180012cd2 f   sf_runtime:sf_runtime.dll
 0001:00011cd8       sfListenerLightTerminate   0000000180012cd8 f   sf_runtime:sf_runtime.dll
 0001:00011cde       sfListenerInitializeRuntimeVars 0000000180012cde f   sf_runtime:sf_runtime.dll
 0001:00011ce4       sf_mex_error_message       0000000180012ce4 f   sf_runtime:sf_runtime.dll
 0001:00011cea       sf_mex_create              0000000180012cea f   sf_runtime:sf_runtime.dll
 0001:00011cf0       sf_mex_createcellmatrix    0000000180012cf0 f   sf_runtime:sf_runtime.dll
 0001:00011cf6       sf_mex_setcell             0000000180012cf6 f   sf_runtime:sf_runtime.dll
 0001:00011cfc       sf_mex_getcell             0000000180012cfc f   sf_runtime:sf_runtime.dll
 0001:00011d02       sf_mex_assign              0000000180012d02 f   sf_runtime:sf_runtime.dll
 0001:00011d08       sf_mex_dup                 0000000180012d08 f   sf_runtime:sf_runtime.dll
 0001:00011d0e       sf_mex_destroy             0000000180012d0e f   sf_runtime:sf_runtime.dll
 0001:00011d14       sf_mex_import              0000000180012d14 f   sf_runtime:sf_runtime.dll
 0001:00011d1a       ssGetInputPortSignal_wrapper 0000000180012d1a f   sf_runtime:sf_runtime.dll
 0001:00011d20       ssGetOutputPortSignal_wrapper 0000000180012d20 f   sf_runtime:sf_runtime.dll
 0001:00011d26       sf_mex_call                0000000180012d26 f   sf_runtime:sf_runtime.dll
 0001:00011d2c       sf_get_ChartInfoStruct_CodeGen 0000000180012d2c f   sf_runtime:sf_runtime.dll
 0001:00011d32       sf_get_hasSeparateUpdateOutputs 0000000180012d32 f   sf_runtime:sf_runtime.dll
 0001:00011d38       callMdlMethodAndReportError 0000000180012d38 f   sf_runtime:sf_runtime.dll
 0001:00011d3e       call_sf_machine_global_method_dispatcher 0000000180012d3e f   sf_runtime:sf_runtime.dll
 0001:00011d44       getRuntimeInstanceInfoAsVoid 0000000180012d44 f   sf_runtime:sf_runtime.dll
 0001:00011d4a       sf_mex_error_direct_call   0000000180012d4a f   sf_runtime:sf_runtime.dll
 0001:00011d50       sf_clear_error_manager_info 0000000180012d50 f   sf_runtime:sf_runtime.dll
 0001:00011d56       mxIsChar_800               0000000180012d56 f   libmx:libmx.dll
 0001:00011d5c       mxGetScalar_800            0000000180012d5c f   libmx:libmx.dll
 0001:00011d62       mxGetPr_800                0000000180012d62 f   libmx:libmx.dll
 0001:00011d68       mxDestroyArray_800         0000000180012d68 f   libmx:libmx.dll
 0001:00011d6e       mxCreateDoubleMatrix_800   0000000180012d6e f   libmx:libmx.dll
 0001:00011d74       mxGetString_800            0000000180012d74 f   libmx:libmx.dll
 0001:00011d7a       mxDuplicateArray_800       0000000180012d7a f   libmx:libmx.dll
 0001:00011d80       mxSetCell_800              0000000180012d80 f   libmx:libmx.dll
 0001:00011d86       mxSetField_800             0000000180012d86 f   libmx:libmx.dll
 0001:00011d8c       mxCreateString_800         0000000180012d8c f   libmx:libmx.dll
 0001:00011d92       mxCreateCellMatrix_800     0000000180012d92 f   libmx:libmx.dll
 0001:00011d98       mxCreateStructMatrix_800   0000000180012d98 f   libmx:libmx.dll
 0001:00011d9e       mxGetNaN_800               0000000180012d9e f   libmx:libmx.dll
 0001:00011da4       mxCalloc_800               0000000180012da4 f   libmx:libmx.dll
 0001:00011daa       mxGetM_800                 0000000180012daa f   libmx:libmx.dll
 0001:00011db0       mxGetClassID_800           0000000180012db0 f   libmx:libmx.dll
 0001:00011db6       mxIsNumeric_800            0000000180012db6 f   libmx:libmx.dll
 0001:00011dbc       mxIsComplex_800            0000000180012dbc f   libmx:libmx.dll
 0001:00011dc2       mxGetN_800                 0000000180012dc2 f   libmx:libmx.dll
 0001:00011dc8       mxCreateDoubleScalar_800   0000000180012dc8 f   libmx:libmx.dll
 0001:00011dce       mexMakeArrayPersistent_800 0000000180012dce f   libmex:libmex.dll
 0001:00011dd4       mexErrMsgTxt_800           0000000180012dd4 f   libmex:libmex.dll
 0001:00011dda       mexWarnMsgTxt_800          0000000180012dda f   libmex:libmex.dll
 0001:00011de0       mexCallMATLAB_800          0000000180012de0 f   libmex:libmex.dll
 0001:00011de6       mexLock_800                0000000180012de6 f   libmex:libmex.dll
 0001:00011dec       mexUnlock_800              0000000180012dec f   libmex:libmex.dll
 0001:00011df2       mexIsLocked_800            0000000180012df2 f   libmex:libmex.dll
 0001:00011df8       utMalloc                   0000000180012df8 f   libut:libut.dll
 0001:00011dfe       utFree                     0000000180012dfe f   libut:libut.dll
 0001:00011e04       muDoubleScalarFloor        0000000180012e04 f   libmwmathutil:libmwmathutil.dll
 0001:00011e0a       muDoubleScalarAbs          0000000180012e0a f   libmwmathutil:libmwmathutil.dll
 0001:00011e10       muDoubleScalarMax          0000000180012e10 f   libmwmathutil:libmwmathutil.dll
 0001:00011e16       muDoubleScalarMin          0000000180012e16 f   libmwmathutil:libmwmathutil.dll
 0001:00011e1c       muDoubleScalarIsNaN        0000000180012e1c f   libmwmathutil:libmwmathutil.dll
 0001:00011e22       emlrtLicenseCheckR2022a    0000000180012e22 f   libemlrt:libemlrt.dll
 0001:00011e28       emlrtDynamicBoundsCheckR2012b 0000000180012e28 f   libemlrt:libemlrt.dll
 0001:00011e2e       emlrtIntegerCheckR2012b    0000000180012e2e f   libemlrt:libemlrt.dll
 0001:00011e34       covrtCreateStateflowInstanceData 0000000180012e34 f   libcovrt:libcovrt.dll
 0001:00011e3a       covrtDeleteStateflowInstanceData 0000000180012e3a f   libcovrt:libcovrt.dll
 0001:00011e40       covrtTransInitFcn          0000000180012e40 f   libcovrt:libcovrt.dll
 0001:00011e46       covrtStateInitFcn          0000000180012e46 f   libcovrt:libcovrt.dll
 0001:00011e4c       covrtChartInitFcn          0000000180012e4c f   libcovrt:libcovrt.dll
 0001:00011e52       covrtSigUpdateFcn          0000000180012e52 f   libcovrt:libcovrt.dll
 0001:00011e58       covrtEmlInitFcn            0000000180012e58 f   libcovrt:libcovrt.dll
 0001:00011e5e       covrtEmlFcnInitFcn         0000000180012e5e f   libcovrt:libcovrt.dll
 0001:00011e64       covrtEmlFcnEval            0000000180012e64 f   libcovrt:libcovrt.dll
 0001:00011e6c       __raise_securityfailure    0000000180012e6c f   MSVCRT:gs_report.obj
 0001:00011ea0       __report_gsfailure         0000000180012ea0 f   MSVCRT:gs_report.obj
 0001:00011f74       __report_rangecheckfailure 0000000180012f74 f   MSVCRT:gs_report.obj
 0001:00011f88       __report_securityfailure   0000000180012f88 f   MSVCRT:gs_report.obj
 0001:00012024       __report_securityfailureEx 0000000180013024 f   MSVCRT:gs_report.obj
 0001:00012218       __GSHandlerCheck           0000000180013218 f   MSVCRT:gshandler.obj
 0001:00012238       __GSHandlerCheckCommon     0000000180013238 f   MSVCRT:gshandler.obj
 0001:000122b0       __security_check_cookie    00000001800132b0 f   MSVCRT:amdsecgs.obj
 0001:0001260c       _CRT_INIT                  000000018001360c f   MSVCRT:dll_dllmain.obj
 0001:00012614       _DllMainCRTStartup         0000000180013614 f   MSVCRT:dll_dllmain.obj
 0001:000126c0       __security_init_cookie     00000001800136c0 f   MSVCRT:gs_support.obj
 0001:0001276c       DllMain                    000000018001376c f   MSVCRT:dll_dllmain_stub.obj
 0001:00012790       ?__scrt_initialize_type_info@@YAXXZ 0000000180013790 f   MSVCRT:tncleanup.obj
 0001:000127a0       ?__scrt_uninitialize_type_info@@YAXXZ 00000001800137a0 f   MSVCRT:tncleanup.obj
 0001:000127ac       __local_stdio_scanf_options 00000001800137ac f i MSVCRT:default_local_stdio_options.obj
 0001:000127b4       __scrt_initialize_default_local_stdio_options 00000001800137b4 f   MSVCRT:default_local_stdio_options.obj
 0001:000127d0       ?configure_argv@__scrt_narrow_argv_policy@@SAHXZ 00000001800137d0 f i MSVCRT:utility.obj
 0001:00012830       ?initialize_environment@__scrt_narrow_environment_policy@@SAHXZ 0000000180013830 f i MSVCRT:utility.obj
 0001:00012868       NtCurrentTeb               0000000180013868 f i MSVCRT:utility.obj
 0001:00012874       __scrt_acquire_startup_lock 0000000180013874 f   MSVCRT:utility.obj
 0001:000128b0       __scrt_dllmain_after_initialize_c 00000001800138b0 f   MSVCRT:utility.obj
 0001:000128e4       __scrt_dllmain_before_initialize_c 00000001800138e4 f   MSVCRT:utility.obj
 0001:000128fc       __scrt_dllmain_crt_thread_attach 00000001800138fc f   MSVCRT:utility.obj
 0001:00012924       __scrt_dllmain_crt_thread_detach 0000000180013924 f   MSVCRT:utility.obj
 0001:0001293c       __scrt_dllmain_exception_filter 000000018001393c f   MSVCRT:utility.obj
 0001:0001299c       __scrt_dllmain_uninitialize_c 000000018001399c f   MSVCRT:utility.obj
 0001:000129cc       __scrt_dllmain_uninitialize_critical 00000001800139cc f   MSVCRT:utility.obj
 0001:000129e0       __scrt_initialize_crt      00000001800139e0 f   MSVCRT:utility.obj
 0001:00012a2c       __scrt_initialize_onexit_tables 0000000180013a2c f   MSVCRT:utility.obj
 0001:00012ab8       __scrt_is_nonwritable_in_current_image 0000000180013ab8 f   MSVCRT:utility.obj
 0001:00012b50       __scrt_release_startup_lock 0000000180013b50 f   MSVCRT:utility.obj
 0001:00012b74       __scrt_uninitialize_crt    0000000180013b74 f   MSVCRT:utility.obj
 0001:00012ba0       _onexit                    0000000180013ba0 f   MSVCRT:utility.obj
 0001:00012bdc       at_quick_exit              0000000180013bdc f   MSVCRT:utility.obj
 0001:00012bfc       atexit                     0000000180013bfc f   MSVCRT:utility.obj
 0001:00012c14       __scrt_get_dyn_tls_init_callback 0000000180013c14 f   MSVCRT:dyn_tls_init.obj
 0001:00012c1c       __crt_debugger_hook        0000000180013c1c f   MSVCRT:utility_desktop.obj
 0001:00012c24       __scrt_fastfail            0000000180013c24 f   MSVCRT:utility_desktop.obj
 0001:00012d70       __scrt_get_show_window_mode 0000000180013d70 f   MSVCRT:utility_desktop.obj
 0001:00012dac       __scrt_initialize_mta      0000000180013dac f   MSVCRT:utility_desktop.obj
 0001:00012db4       __scrt_initialize_winrt    0000000180013db4 f   MSVCRT:utility_desktop.obj
 0001:00012db8       __scrt_is_managed_app      0000000180013db8 f   MSVCRT:utility_desktop.obj
 0001:00012e0c       __scrt_set_unhandled_exception_filter 0000000180013e0c f   MSVCRT:utility_desktop.obj
 0001:00012e1c       __scrt_exe_initialize_mta  0000000180013e1c f   MSVCRT:utility_desktop.obj
 0001:00012e1c       __scrt_stub_for_initialize_mta 0000000180013e1c f   MSVCRT:utility_desktop.obj
 0001:00012e20       __scrt_unhandled_exception_filter 0000000180013e20 f   MSVCRT:utility_desktop.obj
 0001:00012e7c       _RTC_Initialize            0000000180013e7c f   MSVCRT:initsect.obj
 0001:00012eb8       _RTC_Terminate             0000000180013eb8 f   MSVCRT:initsect.obj
 0001:00012ef4       _guard_check_icall_nop     0000000180013ef4 f i MSVCRT:guard_support.obj
 0001:00012ef8       ReadNoFence64              0000000180013ef8 f i MSVCRT:guard_support.obj
 0001:00012efc       ReadPointerNoFence         0000000180013efc f i MSVCRT:guard_support.obj
 0001:00012f00       __castguard_check_failure_debugbreak 0000000180013f00 f i MSVCRT:guard_support.obj
 0001:00012f1c       __castguard_check_failure_fastfail 0000000180013f1c f i MSVCRT:guard_support.obj
 0001:00012f40       __castguard_check_failure_nop 0000000180013f40 f i MSVCRT:guard_support.obj
 0001:00012f44       __castguard_check_failure_os_handled 0000000180013f44 f i MSVCRT:guard_support.obj
 0001:00012fc0       __castguard_slow_path_check_debugbreak 0000000180013fc0 f i MSVCRT:guard_support.obj
 0001:00012ff4       __castguard_slow_path_check_fastfail 0000000180013ff4 f i MSVCRT:guard_support.obj
 0001:00013030       __castguard_slow_path_check_nop 0000000180014030 f i MSVCRT:guard_support.obj
 0001:00013034       __castguard_slow_path_check_os_handled 0000000180014034 f i MSVCRT:guard_support.obj
 0001:000130a4       _guard_icall_checks_enforced 00000001800140a4 f i MSVCRT:guard_support.obj
 0001:000130bc       _guard_rf_checks_enforced  00000001800140bc f i MSVCRT:guard_support.obj
 0001:000130c0       __isa_available_init       00000001800140c0 f   MSVCRT:cpu_disp.obj
 0001:0001326c       _get_startup_argv_mode     000000018001426c f   MSVCRT:argv_mode.obj
 0001:00013274       __scrt_is_ucrt_dll_in_use  0000000180014274 f   MSVCRT:ucrt_detection.obj
 0001:00013280       RtlCaptureContext          0000000180014280 f   kernel32:KERNEL32.dll
 0001:00013286       RtlLookupFunctionEntry     0000000180014286 f   kernel32:KERNEL32.dll
 0001:0001328c       RtlVirtualUnwind           000000018001428c f   kernel32:KERNEL32.dll
 0001:00013292       UnhandledExceptionFilter   0000000180014292 f   kernel32:KERNEL32.dll
 0001:00013298       SetUnhandledExceptionFilter 0000000180014298 f   kernel32:KERNEL32.dll
 0001:0001329e       GetCurrentProcess          000000018001429e f   kernel32:KERNEL32.dll
 0001:000132a4       TerminateProcess           00000001800142a4 f   kernel32:KERNEL32.dll
 0001:000132aa       IsProcessorFeaturePresent  00000001800142aa f   kernel32:KERNEL32.dll
 0001:000132b0       QueryPerformanceCounter    00000001800142b0 f   kernel32:KERNEL32.dll
 0001:000132b6       GetCurrentProcessId        00000001800142b6 f   kernel32:KERNEL32.dll
 0001:000132bc       GetCurrentThreadId         00000001800142bc f   kernel32:KERNEL32.dll
 0001:000132c2       GetSystemTimeAsFileTime    00000001800142c2 f   kernel32:KERNEL32.dll
 0001:000132c8       DisableThreadLibraryCalls  00000001800142c8 f   kernel32:KERNEL32.dll
 0001:000132ce       InitializeSListHead        00000001800142ce f   kernel32:KERNEL32.dll
 0001:000132d4       IsDebuggerPresent          00000001800142d4 f   kernel32:KERNEL32.dll
 0001:000132da       GetStartupInfoW            00000001800142da f   kernel32:KERNEL32.dll
 0001:000132e0       GetModuleHandleW           00000001800142e0 f   kernel32:KERNEL32.dll
 0001:000132e6       memset                     00000001800142e6 f   vcruntime:VCRUNTIME140.dll
 0001:000132ec       memcpy                     00000001800142ec f   vcruntime:VCRUNTIME140.dll
 0001:000132f2       __C_specific_handler       00000001800142f2 f   vcruntime:VCRUNTIME140.dll
 0001:000132f8       __std_type_info_destroy_list 00000001800142f8 f   vcruntime:VCRUNTIME140.dll
 0001:000132fe       __current_exception        00000001800142fe f   vcruntime:VCRUNTIME140.dll
 0001:00013304       __current_exception_context 0000000180014304 f   vcruntime:VCRUNTIME140.dll
 0001:0001330a       strcmp                     000000018001430a f   ucrt:api-ms-win-crt-string-l1-1-0.dll
 0001:00013310       strcat                     0000000180014310 f   ucrt:api-ms-win-crt-string-l1-1-0.dll
 0001:00013316       __stdio_common_vsprintf    0000000180014316 f   ucrt:api-ms-win-crt-stdio-l1-1-0.dll
 0001:0001331c       free                       000000018001431c f   ucrt:api-ms-win-crt-heap-l1-1-0.dll
 0001:00013322       malloc                     0000000180014322 f   ucrt:api-ms-win-crt-heap-l1-1-0.dll
 0001:00013328       strlen                     0000000180014328 f   ucrt:api-ms-win-crt-string-l1-1-0.dll
 0001:0001332e       _initterm                  000000018001432e f   ucrt:api-ms-win-crt-runtime-l1-1-0.dll
 0001:00013334       _initterm_e                0000000180014334 f   ucrt:api-ms-win-crt-runtime-l1-1-0.dll
 0001:0001333a       _seh_filter_dll            000000018001433a f   ucrt:api-ms-win-crt-runtime-l1-1-0.dll
 0001:00013340       _configure_narrow_argv     0000000180014340 f   ucrt:api-ms-win-crt-runtime-l1-1-0.dll
 0001:00013346       _initialize_narrow_environment 0000000180014346 f   ucrt:api-ms-win-crt-runtime-l1-1-0.dll
 0001:0001334c       _initialize_onexit_table   000000018001434c f   ucrt:api-ms-win-crt-runtime-l1-1-0.dll
 0001:00013352       _register_onexit_function  0000000180014352 f   ucrt:api-ms-win-crt-runtime-l1-1-0.dll
 0001:00013358       _execute_onexit_table      0000000180014358 f   ucrt:api-ms-win-crt-runtime-l1-1-0.dll
 0001:0001335e       _crt_atexit                000000018001435e f   ucrt:api-ms-win-crt-runtime-l1-1-0.dll
 0001:00013364       _crt_at_quick_exit         0000000180014364 f   ucrt:api-ms-win-crt-runtime-l1-1-0.dll
 0001:0001336a       _cexit                     000000018001436a f   ucrt:api-ms-win-crt-runtime-l1-1-0.dll
 0001:00013370       terminate                  0000000180014370 f   ucrt:api-ms-win-crt-runtime-l1-1-0.dll
 0001:00013378       __acrt_initialize          0000000180014378 f   MSVCRT:ucrt_stubs.obj
 0001:00013378       __scrt_stub_for_acrt_initialize 0000000180014378 f   MSVCRT:ucrt_stubs.obj
 0001:00013378       __vcrt_initialize          0000000180014378 f   MSVCRT:ucrt_stubs.obj
 0001:0001337c       __scrt_stub_for_acrt_thread_attach 000000018001437c f   MSVCRT:ucrt_stubs.obj
 0001:0001337c       __acrt_thread_attach       000000018001437c f   MSVCRT:ucrt_stubs.obj
 0001:0001337c       __vcrt_thread_attach       000000018001437c f   MSVCRT:ucrt_stubs.obj
 0001:00013380       __vcrt_thread_detach       0000000180014380 f   MSVCRT:ucrt_stubs.obj
 0001:00013380       __acrt_thread_detach       0000000180014380 f   MSVCRT:ucrt_stubs.obj
 0001:00013380       __scrt_stub_for_acrt_thread_detach 0000000180014380 f   MSVCRT:ucrt_stubs.obj
 0001:00013384       __scrt_stub_for_acrt_uninitialize 0000000180014384 f   MSVCRT:ucrt_stubs.obj
 0001:00013384       __vcrt_uninitialize        0000000180014384 f   MSVCRT:ucrt_stubs.obj
 0001:00013384       __acrt_uninitialize        0000000180014384 f   MSVCRT:ucrt_stubs.obj
 0001:00013388       __acrt_uninitialize_critical 0000000180014388 f   MSVCRT:ucrt_stubs.obj
 0001:00013388       __scrt_stub_for_acrt_uninitialize_critical 0000000180014388 f   MSVCRT:ucrt_stubs.obj
 0001:00013388       __vcrt_uninitialize_critical 0000000180014388 f   MSVCRT:ucrt_stubs.obj
 0001:0001338c       __scrt_stub_for_is_c_termination_complete 000000018001438c f   MSVCRT:ucrt_stubs.obj
 0001:0001338c       _is_c_termination_complete 000000018001438c f   MSVCRT:ucrt_stubs.obj
 0001:000133a0       _guard_dispatch_icall_nop  00000001800143a0 f   MSVCRT:guard_dispatch.obj
 0001:000133c0       _guard_xfg_dispatch_icall_nop 00000001800143c0 f   MSVCRT:guard_xfg_dispatch.obj
 0002:00000000       __imp_GetSystemTimeAsFileTime 0000000180015000     kernel32:KERNEL32.dll
 0002:00000008       __imp_IsProcessorFeaturePresent 0000000180015008     kernel32:KERNEL32.dll
 0002:00000010       __imp_RtlCaptureContext    0000000180015010     kernel32:KERNEL32.dll
 0002:00000018       __imp_RtlLookupFunctionEntry 0000000180015018     kernel32:KERNEL32.dll
 0002:00000020       __imp_QueryPerformanceCounter 0000000180015020     kernel32:KERNEL32.dll
 0002:00000028       __imp_GetCurrentProcessId  0000000180015028     kernel32:KERNEL32.dll
 0002:00000030       __imp_GetCurrentThreadId   0000000180015030     kernel32:KERNEL32.dll
 0002:00000038       __imp_DisableThreadLibraryCalls 0000000180015038     kernel32:KERNEL32.dll
 0002:00000040       __imp_InitializeSListHead  0000000180015040     kernel32:KERNEL32.dll
 0002:00000048       __imp_IsDebuggerPresent    0000000180015048     kernel32:KERNEL32.dll
 0002:00000050       __imp_GetStartupInfoW      0000000180015050     kernel32:KERNEL32.dll
 0002:00000058       __imp_GetModuleHandleW     0000000180015058     kernel32:KERNEL32.dll
 0002:00000060       __imp_GetCurrentProcess    0000000180015060     kernel32:KERNEL32.dll
 0002:00000068       __imp_SetUnhandledExceptionFilter 0000000180015068     kernel32:KERNEL32.dll
 0002:00000070       __imp_UnhandledExceptionFilter 0000000180015070     kernel32:KERNEL32.dll
 0002:00000078       __imp_RtlVirtualUnwind     0000000180015078     kernel32:KERNEL32.dll
 0002:00000080       __imp_TerminateProcess     0000000180015080     kernel32:KERNEL32.dll
 0002:00000088       \177KERNEL32_NULL_THUNK_DATA 0000000180015088     kernel32:KERNEL32.dll
 0002:00000090       __imp_memset               0000000180015090     vcruntime:VCRUNTIME140.dll
 0002:00000098       __imp_memcpy               0000000180015098     vcruntime:VCRUNTIME140.dll
 0002:000000a0       __imp___C_specific_handler 00000001800150a0     vcruntime:VCRUNTIME140.dll
 0002:000000a8       __imp___std_type_info_destroy_list 00000001800150a8     vcruntime:VCRUNTIME140.dll
 0002:000000b0       __imp___current_exception  00000001800150b0     vcruntime:VCRUNTIME140.dll
 0002:000000b8       __imp___current_exception_context 00000001800150b8     vcruntime:VCRUNTIME140.dll
 0002:000000c0       \177VCRUNTIME140_NULL_THUNK_DATA 00000001800150c0     vcruntime:VCRUNTIME140.dll
 0002:000000c8       __imp_malloc               00000001800150c8     ucrt:api-ms-win-crt-heap-l1-1-0.dll
 0002:000000d0       __imp_free                 00000001800150d0     ucrt:api-ms-win-crt-heap-l1-1-0.dll
 0002:000000d8       \177api-ms-win-crt-heap-l1-1-0_NULL_THUNK_DATA 00000001800150d8     ucrt:api-ms-win-crt-heap-l1-1-0.dll
 0002:000000e0       __imp__seh_filter_dll      00000001800150e0     ucrt:api-ms-win-crt-runtime-l1-1-0.dll
 0002:000000e8       __imp__configure_narrow_argv 00000001800150e8     ucrt:api-ms-win-crt-runtime-l1-1-0.dll
 0002:000000f0       __imp__initialize_onexit_table 00000001800150f0     ucrt:api-ms-win-crt-runtime-l1-1-0.dll
 0002:000000f8       __imp__register_onexit_function 00000001800150f8     ucrt:api-ms-win-crt-runtime-l1-1-0.dll
 0002:00000100       __imp__execute_onexit_table 0000000180015100     ucrt:api-ms-win-crt-runtime-l1-1-0.dll
 0002:00000108       __imp__crt_atexit          0000000180015108     ucrt:api-ms-win-crt-runtime-l1-1-0.dll
 0002:00000110       __imp__initialize_narrow_environment 0000000180015110     ucrt:api-ms-win-crt-runtime-l1-1-0.dll
 0002:00000118       __imp__initterm_e          0000000180015118     ucrt:api-ms-win-crt-runtime-l1-1-0.dll
 0002:00000120       __imp__crt_at_quick_exit   0000000180015120     ucrt:api-ms-win-crt-runtime-l1-1-0.dll
 0002:00000128       __imp__cexit               0000000180015128     ucrt:api-ms-win-crt-runtime-l1-1-0.dll
 0002:00000130       __imp_terminate            0000000180015130     ucrt:api-ms-win-crt-runtime-l1-1-0.dll
 0002:00000138       __imp__initterm            0000000180015138     ucrt:api-ms-win-crt-runtime-l1-1-0.dll
 0002:00000140       \177api-ms-win-crt-runtime-l1-1-0_NULL_THUNK_DATA 0000000180015140     ucrt:api-ms-win-crt-runtime-l1-1-0.dll
 0002:00000148       __imp___stdio_common_vsprintf 0000000180015148     ucrt:api-ms-win-crt-stdio-l1-1-0.dll
 0002:00000150       \177api-ms-win-crt-stdio-l1-1-0_NULL_THUNK_DATA 0000000180015150     ucrt:api-ms-win-crt-stdio-l1-1-0.dll
 0002:00000158       __imp_strlen               0000000180015158     ucrt:api-ms-win-crt-string-l1-1-0.dll
 0002:00000160       __imp_strcat               0000000180015160     ucrt:api-ms-win-crt-string-l1-1-0.dll
 0002:00000168       __imp_strcmp               0000000180015168     ucrt:api-ms-win-crt-string-l1-1-0.dll
 0002:00000170       \177api-ms-win-crt-string-l1-1-0_NULL_THUNK_DATA 0000000180015170     ucrt:api-ms-win-crt-string-l1-1-0.dll
 0002:00000178       __imp_covrtCreateStateflowInstanceData 0000000180015178     libcovrt:libcovrt.dll
 0002:00000180       __imp_covrtEmlFcnEval      0000000180015180     libcovrt:libcovrt.dll
 0002:00000188       __imp_covrtEmlFcnInitFcn   0000000180015188     libcovrt:libcovrt.dll
 0002:00000190       __imp_covrtEmlInitFcn      0000000180015190     libcovrt:libcovrt.dll
 0002:00000198       __imp_covrtSigUpdateFcn    0000000180015198     libcovrt:libcovrt.dll
 0002:000001a0       __imp_covrtChartInitFcn    00000001800151a0     libcovrt:libcovrt.dll
 0002:000001a8       __imp_covrtStateInitFcn    00000001800151a8     libcovrt:libcovrt.dll
 0002:000001b0       __imp_covrtTransInitFcn    00000001800151b0     libcovrt:libcovrt.dll
 0002:000001b8       __imp_covrtDeleteStateflowInstanceData 00000001800151b8     libcovrt:libcovrt.dll
 0002:000001c0       \177libcovrt_NULL_THUNK_DATA 00000001800151c0     libcovrt:libcovrt.dll
 0002:000001c8       __imp_emlrtIntegerCheckR2012b 00000001800151c8     libemlrt:libemlrt.dll
 0002:000001d0       __imp_emlrtDynamicBoundsCheckR2012b 00000001800151d0     libemlrt:libemlrt.dll
 0002:000001d8       __imp_emlrtLicenseCheckR2022a 00000001800151d8     libemlrt:libemlrt.dll
 0002:000001e0       \177libemlrt_NULL_THUNK_DATA 00000001800151e0     libemlrt:libemlrt.dll
 0002:000001e8       __imp_mexIsLocked_800      00000001800151e8     libmex:libmex.dll
 0002:000001f0       __imp_mexMakeArrayPersistent_800 00000001800151f0     libmex:libmex.dll
 0002:000001f8       __imp_mexErrMsgTxt_800     00000001800151f8     libmex:libmex.dll
 0002:00000200       __imp_mexWarnMsgTxt_800    0000000180015200     libmex:libmex.dll
 0002:00000208       __imp_mexCallMATLAB_800    0000000180015208     libmex:libmex.dll
 0002:00000210       __imp_mexLock_800          0000000180015210     libmex:libmex.dll
 0002:00000218       __imp_mexUnlock_800        0000000180015218     libmex:libmex.dll
 0002:00000220       \177libmex_NULL_THUNK_DATA 0000000180015220     libmex:libmex.dll
 0002:00000228       __imp_imlincomb_tbb_real64 0000000180015228     libmwimlincomb_tbb:libmwimlincomb_tbb.dll
 0002:00000230       \177libmwimlincomb_tbb_NULL_THUNK_DATA 0000000180015230     libmwimlincomb_tbb:libmwimlincomb_tbb.dll
 0002:00000238       __imp_muDoubleScalarIsNaN  0000000180015238     libmwmathutil:libmwmathutil.dll
 0002:00000240       __imp_muDoubleScalarFloor  0000000180015240     libmwmathutil:libmwmathutil.dll
 0002:00000248       __imp_muDoubleScalarMin    0000000180015248     libmwmathutil:libmwmathutil.dll
 0002:00000250       __imp_muDoubleScalarMax    0000000180015250     libmwmathutil:libmwmathutil.dll
 0002:00000258       __imp_muDoubleScalarAbs    0000000180015258     libmwmathutil:libmwmathutil.dll
 0002:00000260       \177libmwmathutil_NULL_THUNK_DATA 0000000180015260     libmwmathutil:libmwmathutil.dll
 0002:00000268       __imp_mxGetM_800           0000000180015268     libmx:libmx.dll
 0002:00000270       __imp_mxGetScalar_800      0000000180015270     libmx:libmx.dll
 0002:00000278       __imp_mxCreateDoubleScalar_800 0000000180015278     libmx:libmx.dll
 0002:00000280       __imp_mxGetN_800           0000000180015280     libmx:libmx.dll
 0002:00000288       __imp_mxIsComplex_800      0000000180015288     libmx:libmx.dll
 0002:00000290       __imp_mxIsNumeric_800      0000000180015290     libmx:libmx.dll
 0002:00000298       __imp_mxGetClassID_800     0000000180015298     libmx:libmx.dll
 0002:000002a0       __imp_mxIsChar_800         00000001800152a0     libmx:libmx.dll
 0002:000002a8       __imp_mxCalloc_800         00000001800152a8     libmx:libmx.dll
 0002:000002b0       __imp_mxGetNaN_800         00000001800152b0     libmx:libmx.dll
 0002:000002b8       __imp_mxCreateStructMatrix_800 00000001800152b8     libmx:libmx.dll
 0002:000002c0       __imp_mxCreateCellMatrix_800 00000001800152c0     libmx:libmx.dll
 0002:000002c8       __imp_mxCreateString_800   00000001800152c8     libmx:libmx.dll
 0002:000002d0       __imp_mxSetField_800       00000001800152d0     libmx:libmx.dll
 0002:000002d8       __imp_mxSetCell_800        00000001800152d8     libmx:libmx.dll
 0002:000002e0       __imp_mxDuplicateArray_800 00000001800152e0     libmx:libmx.dll
 0002:000002e8       __imp_mxGetString_800      00000001800152e8     libmx:libmx.dll
 0002:000002f0       __imp_mxCreateDoubleMatrix_800 00000001800152f0     libmx:libmx.dll
 0002:000002f8       __imp_mxDestroyArray_800   00000001800152f8     libmx:libmx.dll
 0002:00000300       __imp_mxGetPr_800          0000000180015300     libmx:libmx.dll
 0002:00000308       \177libmx_NULL_THUNK_DATA  0000000180015308     libmx:libmx.dll
 0002:00000310       __imp_utFree               0000000180015310     libut:libut.dll
 0002:00000318       __imp_utMalloc             0000000180015318     libut:libut.dll
 0002:00000320       \177libut_NULL_THUNK_DATA  0000000180015320     libut:libut.dll
 0002:00000328       __imp_getRuntimeInstanceInfoAsVoid 0000000180015328     sf_runtime:sf_runtime.dll
 0002:00000330       __imp_call_sf_machine_global_method_dispatcher 0000000180015330     sf_runtime:sf_runtime.dll
 0002:00000338       __imp_callMdlMethodAndReportError 0000000180015338     sf_runtime:sf_runtime.dll
 0002:00000340       __imp_sf_mex_error_direct_call 0000000180015340     sf_runtime:sf_runtime.dll
 0002:00000348       __imp_sf_clear_error_manager_info 0000000180015348     sf_runtime:sf_runtime.dll
 0002:00000350       __imp_sf_get_ChartInfoStruct_CodeGen 0000000180015350     sf_runtime:sf_runtime.dll
 0002:00000358       __imp_sf_mex_call          0000000180015358     sf_runtime:sf_runtime.dll
 0002:00000360       __imp_ssGetOutputPortSignal_wrapper 0000000180015360     sf_runtime:sf_runtime.dll
 0002:00000368       __imp_ssGetInputPortSignal_wrapper 0000000180015368     sf_runtime:sf_runtime.dll
 0002:00000370       __imp_sf_mex_import        0000000180015370     sf_runtime:sf_runtime.dll
 0002:00000378       __imp_sf_mex_destroy       0000000180015378     sf_runtime:sf_runtime.dll
 0002:00000380       __imp_sf_mex_dup           0000000180015380     sf_runtime:sf_runtime.dll
 0002:00000388       __imp_sf_mex_assign        0000000180015388     sf_runtime:sf_runtime.dll
 0002:00000390       __imp_sf_mex_getcell       0000000180015390     sf_runtime:sf_runtime.dll
 0002:00000398       __imp_sf_mex_setcell       0000000180015398     sf_runtime:sf_runtime.dll
 0002:000003a0       __imp_sf_mex_createcellmatrix 00000001800153a0     sf_runtime:sf_runtime.dll
 0002:000003a8       __imp_sf_mex_create        00000001800153a8     sf_runtime:sf_runtime.dll
 0002:000003b0       __imp_sf_mex_error_message 00000001800153b0     sf_runtime:sf_runtime.dll
 0002:000003b8       __imp_sfListenerInitializeRuntimeVars 00000001800153b8     sf_runtime:sf_runtime.dll
 0002:000003c0       __imp_sfListenerLightTerminate 00000001800153c0     sf_runtime:sf_runtime.dll
 0002:000003c8       __imp_sfListenerCacheSimStruct 00000001800153c8     sf_runtime:sf_runtime.dll
 0002:000003d0       __imp_sf_set_work_widths   00000001800153d0     sf_runtime:sf_runtime.dll
 0002:000003d8       __imp_sf_warn_if_symbolic_dimension_param_changed 00000001800153d8     sf_runtime:sf_runtime.dll
 0002:000003e0       __imp_setDebuggerFlag      00000001800153e0     sf_runtime:sf_runtime.dll
 0002:000003e8       __imp_setDataBrowseFcn     00000001800153e8     sf_runtime:sf_runtime.dll
 0002:000003f0       __imp_sfDoAnimationWrapper 00000001800153f0     sf_runtime:sf_runtime.dll
 0002:000003f8       __imp_sf_get_time          00000001800153f8     sf_runtime:sf_runtime.dll
 0002:00000400       __imp_sf_clear_rtw_identifier 0000000180015400     sf_runtime:sf_runtime.dll
 0002:00000408       __imp_sim_mode_is_external 0000000180015408     sf_runtime:sf_runtime.dll
 0002:00000410       __imp_sim_mode_is_rtw_gen  0000000180015410     sf_runtime:sf_runtime.dll
 0002:00000418       __imp_sf_get_chart_instance_ptr 0000000180015418     sf_runtime:sf_runtime.dll
 0002:00000420       __imp_sfrtGetCovrtInstance 0000000180015420     sf_runtime:sf_runtime.dll
 0002:00000428       __imp_sfrtGetEmlrtCtx      0000000180015428     sf_runtime:sf_runtime.dll
 0002:00000430       __imp_sf_free_ChartRunTimeInfo 0000000180015430     sf_runtime:sf_runtime.dll
 0002:00000438       __imp_sf_init_ChartRunTimeInfo 0000000180015438     sf_runtime:sf_runtime.dll
 0002:00000440       __imp_sf_mex_decode        0000000180015440     sf_runtime:sf_runtime.dll
 0002:00000448       __imp_sf_load_rtw_optimization_info 0000000180015448     sf_runtime:sf_runtime.dll
 0002:00000450       __imp_sf_get_hasSeparateUpdateOutputs 0000000180015450     sf_runtime:sf_runtime.dll
 0002:00000458       \177sf_runtime_NULL_THUNK_DATA 0000000180015458     sf_runtime:sf_runtime.dll
 0002:00000460       __guard_check_icall_fptr   0000000180015460     MSVCRT:guard_support.obj
 0002:00000468       __guard_xfg_check_icall_fptr 0000000180015468     MSVCRT:guard_support.obj
 0002:00000470       __guard_dispatch_icall_fptr 0000000180015470     MSVCRT:guard_support.obj
 0002:00000478       __guard_xfg_dispatch_icall_fptr 0000000180015478     MSVCRT:guard_support.obj
 0002:00000480       __guard_xfg_table_dispatch_icall_fptr 0000000180015480     MSVCRT:guard_support.obj
 0002:00000488       __castguard_check_failure_os_handled_fptr 0000000180015488     MSVCRT:guard_support.obj
 0002:00000490       __guard_memcpy_fptr        0000000180015490     vcruntime:softmemtag.obj
 0002:00000498       __xc_a                     0000000180015498     MSVCRT:initializers.obj
 0002:000004a0       __xc_z                     00000001800154a0     MSVCRT:initializers.obj
 0002:000004a8       __xi_a                     00000001800154a8     MSVCRT:initializers.obj
 0002:000004b0       __xi_z                     00000001800154b0     MSVCRT:initializers.obj
 0002:000004b8       __xp_a                     00000001800154b8     MSVCRT:initializers.obj
 0002:000004c0       __xp_z                     00000001800154c0     MSVCRT:initializers.obj
 0002:000004c8       __xt_a                     00000001800154c8     MSVCRT:initializers.obj
 0002:000004d0       __xt_z                     00000001800154d0     MSVCRT:initializers.obj
 0002:000004e0       __real@41a1f76caa000000    00000001800154e0     LCTCompression_sfun.obj
 0002:000004e8       __real@41a935fb7a000000    00000001800154e8     LCTCompression_sfun.obj
 0002:000004f0       __real@41b82a9620000000    00000001800154f0     LCTCompression_sfun.obj
 0002:000004f8       __real@41c25c6bf7000000    00000001800154f8     LCTCompression_sfun.obj
 0002:00000500       __real@41d2662c99000000    0000000180015500     LCTCompression_sfun.obj
 0002:00000508       __real@41d6fe0789400000    0000000180015508     LCTCompression_sfun.obj
 0002:00000510       __real@41e1b57e32000000    0000000180015510     LCTCompression_sfun.obj
 0002:00000518       __real@41e2e4a531a00000    0000000180015518     LCTCompression_sfun.obj
 0002:00000520       __real@41e77a70ff000000    0000000180015520     LCTCompression_sfun.obj
 0002:00000528       __real@41e8560812800000    0000000180015528     LCTCompression_sfun.obj
 0002:00000530       __real@41ed90faca200000    0000000180015530     LCTCompression_sfun.obj
 0002:00000538       __real@41eea48528600000    0000000180015538     LCTCompression_sfun.obj
 0002:00000548       __real@3ff0000000000000    0000000180015548     c4_LCTCompression.obj
 0002:00000550       __real@4008000000000000    0000000180015550     c4_LCTCompression.obj
 0002:00000558       __real@4010000000000000    0000000180015558     c4_LCTCompression.obj
 0002:00000560       __real@4132c00000000000    0000000180015560     c4_LCTCompression.obj
 0002:00000568       __real@41e095244e200000    0000000180015568     c4_LCTCompression.obj
 0002:00000570       __real@41e2ab92c1c00000    0000000180015570     c4_LCTCompression.obj
 0002:00000578       __real@41e99475b1600000    0000000180015578     c4_LCTCompression.obj
 0002:00000580       __real@41eb3d68f6600000    0000000180015580     c4_LCTCompression.obj
 0002:00000590       __real@0000000000000000    0000000180015590     c7_LCTCompression.obj
 0002:00000598       __real@3cb0000000000000    0000000180015598     c7_LCTCompression.obj
 0002:000005a0       __real@406fe00000000000    00000001800155a0     c7_LCTCompression.obj
 0002:000005a8       __real@419b262d14000000    00000001800155a8     c7_LCTCompression.obj
 0002:000005b0       __real@41b541df78000000    00000001800155b0     c7_LCTCompression.obj
 0002:000005b8       __real@41ba760599000000    00000001800155b8     c7_LCTCompression.obj
 0002:000005c0       __real@41de8bdfa5c00000    00000001800155c0     c7_LCTCompression.obj
 0002:000005d0       __xmm@80000000000000008000000000000000 00000001800155d0     c7_LCTCompression.obj
 0002:000005e0       DYNAMIC_DIMENSION_DEF      00000001800155e0     LCTCompression_sfun_registry.obj
 0002:000005f8       __real@41602cbca0000000    00000001800155f8     LCTCompression_sfun_registry.obj
 0002:00000600       __real@bff0000000000000    0000000180015600     LCTCompression_sfun_registry.obj
 0002:00000608       __real@77800000            0000000180015608     half_type.obj
 0002:00000620       _pDefaultRawDllMain        0000000180015620     MSVCRT:dll_dllmain.obj
 0002:00000620       _pRawDllMain               0000000180015620     MSVCRT:dll_dllmain.obj
 0002:00000630       __xmm@ffffffffffffffffffffffffffffffff 0000000180015630     MSVCRT:utility.obj
 0002:00000640       _load_config_used          0000000180015640     MSVCRT:loadcfg.obj
 0002:00000800       __CastGuardVftablesStart   0000000180015800     MSVCRT:guard_support.obj
 0002:00000880       __CastGuardVftablesEnd     0000000180015880     MSVCRT:guard_support.obj
 0002:00000900       __volatile_metadata        0000000180015900     <linker-defined>
 0002:00000d18       __rtc_iaa                  0000000180015d18     MSVCRT:initsect.obj
 0002:00000d20       __rtc_izz                  0000000180015d20     MSVCRT:initsect.obj
 0002:00000d28       __rtc_taa                  0000000180015d28     MSVCRT:initsect.obj
 0002:00000d30       __rtc_tzz                  0000000180015d30     MSVCRT:initsect.obj
 0002:00001900       __IMPORT_DESCRIPTOR_libmwimlincomb_tbb 0000000180016900     libmwimlincomb_tbb:libmwimlincomb_tbb.dll
 0002:00001914       __IMPORT_DESCRIPTOR_sf_runtime 0000000180016914     sf_runtime:sf_runtime.dll
 0002:00001928       __IMPORT_DESCRIPTOR_libmx  0000000180016928     libmx:libmx.dll
 0002:0000193c       __IMPORT_DESCRIPTOR_libmex 000000018001693c     libmex:libmex.dll
 0002:00001950       __IMPORT_DESCRIPTOR_libut  0000000180016950     libut:libut.dll
 0002:00001964       __IMPORT_DESCRIPTOR_libmwmathutil 0000000180016964     libmwmathutil:libmwmathutil.dll
 0002:00001978       __IMPORT_DESCRIPTOR_libemlrt 0000000180016978     libemlrt:libemlrt.dll
 0002:0000198c       __IMPORT_DESCRIPTOR_libcovrt 000000018001698c     libcovrt:libcovrt.dll
 0002:000019a0       __IMPORT_DESCRIPTOR_KERNEL32 00000001800169a0     kernel32:KERNEL32.dll
 0002:000019b4       __IMPORT_DESCRIPTOR_VCRUNTIME140 00000001800169b4     vcruntime:VCRUNTIME140.dll
 0002:000019c8       __IMPORT_DESCRIPTOR_api-ms-win-crt-string-l1-1-0 00000001800169c8     ucrt:api-ms-win-crt-string-l1-1-0.dll
 0002:000019dc       __IMPORT_DESCRIPTOR_api-ms-win-crt-stdio-l1-1-0 00000001800169dc     ucrt:api-ms-win-crt-stdio-l1-1-0.dll
 0002:000019f0       __IMPORT_DESCRIPTOR_api-ms-win-crt-heap-l1-1-0 00000001800169f0     ucrt:api-ms-win-crt-heap-l1-1-0.dll
 0002:00001a04       __IMPORT_DESCRIPTOR_api-ms-win-crt-runtime-l1-1-0 0000000180016a04     ucrt:api-ms-win-crt-runtime-l1-1-0.dll
 0002:00001a18       __NULL_IMPORT_DESCRIPTOR   0000000180016a18     libmwimlincomb_tbb:libmwimlincomb_tbb.dll
 0003:00002a60       DYNAMIC_DIMENSION          000000018001aa60     LCTCompression_sfun_registry.obj
 0003:00004f60       __security_cookie          000000018001cf60     MSVCRT:gs_cookie.obj
 0003:00004f68       __security_cookie_complement 000000018001cf68     MSVCRT:gs_cookie.obj
 0003:00004f70       _fltused                   000000018001cf70     MSVCRT:fltused.obj
 0003:00004f74       __scrt_native_dllmain_reason 000000018001cf74     MSVCRT:utility.obj
 0003:00004f78       __isa_available            000000018001cf78     MSVCRT:cpu_disp.obj
 0003:00004f7c       __isa_enabled              000000018001cf7c     MSVCRT:cpu_disp.obj
 0003:00004f80       __memset_fast_string_threshold 000000018001cf80     MSVCRT:cpu_disp.obj
 0003:00004f88       __memset_nt_threshold      000000018001cf88     MSVCRT:cpu_disp.obj
 0003:00004f90       __scrt_ucrt_dll_is_in_use  000000018001cf90     MSVCRT:ucrt_stubs.obj
 0003:00006110       ?__type_info_root_node@@3U__type_info_node@@A 000000018001e110     MSVCRT:tncleanup.obj
 0003:00006120       ?_OptionsStorage@?1??__local_stdio_printf_options@@9@4_KA 000000018001e120     MSVCRT:default_local_stdio_options.obj
 0003:00006128       ?_OptionsStorage@?1??__local_stdio_scanf_options@@9@4_KA 000000018001e128     MSVCRT:default_local_stdio_options.obj
 0003:00006130       __scrt_current_native_startup_state 000000018001e130     MSVCRT:utility.obj
 0003:00006138       __scrt_native_startup_lock 000000018001e138     MSVCRT:utility.obj
 0003:00006178       __scrt_debugger_hook_flag  000000018001e178     MSVCRT:utility_desktop.obj
 0003:0000617c       __favor                    000000018001e17c     MSVCRT:cpu_disp.obj
 0003:00006180       ?_OptionsStorage@?1??__local_stdio_printf_options@@9@9 000000018001e180     <common>
 0003:00006188       __dyn_tls_init_callback    000000018001e188     <common>

 entry point at        0001:00012614

 Static symbols

 0000:00000000       .debug$S                   0000000180000000     LCTCompression_sfun.exp
 0000:00000000       _volmd                     0000000180000000     LCTCompression_sfun.obj
 0000:00000000       _volmd                     0000000180000000     LCTCompression_sfun_registry.obj
 0000:00000000       _volmd                     0000000180000000     c4_LCTCompression.obj
 0000:00000000       _volmd                     0000000180000000     c7_LCTCompression.obj
 0000:00000000       .debug$S                   0000000180000000     ucrt:api-ms-win-crt-heap-l1-1-0.dll
 0000:00000000       .debug$S                   0000000180000000     ucrt:api-ms-win-crt-heap-l1-1-0.dll
 0000:00000000       .debug$S                   0000000180000000     ucrt:api-ms-win-crt-runtime-l1-1-0.dll
 0000:00000000       .debug$S                   0000000180000000     ucrt:api-ms-win-crt-runtime-l1-1-0.dll
 0000:00000000       .debug$S                   0000000180000000     ucrt:api-ms-win-crt-runtime-l1-1-0.dll
 0000:00000000       .debug$S                   0000000180000000     ucrt:api-ms-win-crt-runtime-l1-1-0.dll
 0000:00000000       .debug$S                   0000000180000000     ucrt:api-ms-win-crt-runtime-l1-1-0.dll
 0000:00000000       .debug$S                   0000000180000000     ucrt:api-ms-win-crt-runtime-l1-1-0.dll
 0000:00000000       .debug$S                   0000000180000000     ucrt:api-ms-win-crt-runtime-l1-1-0.dll
 0000:00000000       .debug$S                   0000000180000000     ucrt:api-ms-win-crt-runtime-l1-1-0.dll
 0000:00000000       .debug$S                   0000000180000000     ucrt:api-ms-win-crt-runtime-l1-1-0.dll
 0000:00000000       .debug$S                   0000000180000000     ucrt:api-ms-win-crt-runtime-l1-1-0.dll
 0000:00000000       .debug$S                   0000000180000000     ucrt:api-ms-win-crt-runtime-l1-1-0.dll
 0000:00000000       .debug$S                   0000000180000000     ucrt:api-ms-win-crt-runtime-l1-1-0.dll
 0000:00000000       .debug$S                   0000000180000000     ucrt:api-ms-win-crt-stdio-l1-1-0.dll
 0000:00000000       .debug$S                   0000000180000000     ucrt:api-ms-win-crt-string-l1-1-0.dll
 0000:00000000       .debug$S                   0000000180000000     ucrt:api-ms-win-crt-string-l1-1-0.dll
 0000:00000000       .debug$S                   0000000180000000     ucrt:api-ms-win-crt-string-l1-1-0.dll
 0000:00000000       .debug$S                   0000000180000000     kernel32:KERNEL32.dll
 0000:00000000       .debug$S                   0000000180000000     kernel32:KERNEL32.dll
 0000:00000000       .debug$S                   0000000180000000     kernel32:KERNEL32.dll
 0000:00000000       .debug$S                   0000000180000000     kernel32:KERNEL32.dll
 0000:00000000       .debug$S                   0000000180000000     kernel32:KERNEL32.dll
 0000:00000000       .debug$S                   0000000180000000     kernel32:KERNEL32.dll
 0000:00000000       .debug$S                   0000000180000000     kernel32:KERNEL32.dll
 0000:00000000       .debug$S                   0000000180000000     kernel32:KERNEL32.dll
 0000:00000000       .debug$S                   0000000180000000     kernel32:KERNEL32.dll
 0000:00000000       .debug$S                   0000000180000000     kernel32:KERNEL32.dll
 0000:00000000       .debug$S                   0000000180000000     kernel32:KERNEL32.dll
 0000:00000000       .debug$S                   0000000180000000     kernel32:KERNEL32.dll
 0000:00000000       .debug$S                   0000000180000000     kernel32:KERNEL32.dll
 0000:00000000       .debug$S                   0000000180000000     kernel32:KERNEL32.dll
 0000:00000000       .debug$S                   0000000180000000     kernel32:KERNEL32.dll
 0000:00000000       .debug$S                   0000000180000000     kernel32:KERNEL32.dll
 0000:00000000       .debug$S                   0000000180000000     kernel32:KERNEL32.dll
 0000:00000000       .debug$S                   0000000180000000     libcovrt:libcovrt.dll
 0000:00000000       .debug$S                   0000000180000000     libcovrt:libcovrt.dll
 0000:00000000       .debug$S                   0000000180000000     libcovrt:libcovrt.dll
 0000:00000000       .debug$S                   0000000180000000     libcovrt:libcovrt.dll
 0000:00000000       .debug$S                   0000000180000000     libcovrt:libcovrt.dll
 0000:00000000       .debug$S                   0000000180000000     libcovrt:libcovrt.dll
 0000:00000000       .debug$S                   0000000180000000     libcovrt:libcovrt.dll
 0000:00000000       .debug$S                   0000000180000000     libcovrt:libcovrt.dll
 0000:00000000       .debug$S                   0000000180000000     libcovrt:libcovrt.dll
 0000:00000000       .debug$S                   0000000180000000     libemlrt:libemlrt.dll
 0000:00000000       .debug$S                   0000000180000000     libemlrt:libemlrt.dll
 0000:00000000       .debug$S                   0000000180000000     libemlrt:libemlrt.dll
 0000:00000000       .debug$S                   0000000180000000     libmex:libmex.dll
 0000:00000000       .debug$S                   0000000180000000     libmex:libmex.dll
 0000:00000000       .debug$S                   0000000180000000     libmex:libmex.dll
 0000:00000000       .debug$S                   0000000180000000     libmex:libmex.dll
 0000:00000000       .debug$S                   0000000180000000     libmex:libmex.dll
 0000:00000000       .debug$S                   0000000180000000     libmex:libmex.dll
 0000:00000000       .debug$S                   0000000180000000     libmex:libmex.dll
 0000:00000000       .debug$S                   0000000180000000     libmwimlincomb_tbb:libmwimlincomb_tbb.dll
 0000:00000000       .debug$S                   0000000180000000     libmwmathutil:libmwmathutil.dll
 0000:00000000       .debug$S                   0000000180000000     libmwmathutil:libmwmathutil.dll
 0000:00000000       .debug$S                   0000000180000000     libmwmathutil:libmwmathutil.dll
 0000:00000000       .debug$S                   0000000180000000     libmwmathutil:libmwmathutil.dll
 0000:00000000       .debug$S                   0000000180000000     libmwmathutil:libmwmathutil.dll
 0000:00000000       .debug$S                   0000000180000000     libmx:libmx.dll
 0000:00000000       .debug$S                   0000000180000000     libmx:libmx.dll
 0000:00000000       .debug$S                   0000000180000000     libmx:libmx.dll
 0000:00000000       .debug$S                   0000000180000000     libmx:libmx.dll
 0000:00000000       .debug$S                   0000000180000000     libmx:libmx.dll
 0000:00000000       .debug$S                   0000000180000000     libmx:libmx.dll
 0000:00000000       .debug$S                   0000000180000000     libmx:libmx.dll
 0000:00000000       .debug$S                   0000000180000000     libmx:libmx.dll
 0000:00000000       .debug$S                   0000000180000000     libmx:libmx.dll
 0000:00000000       .debug$S                   0000000180000000     libmx:libmx.dll
 0000:00000000       .debug$S                   0000000180000000     libmx:libmx.dll
 0000:00000000       .debug$S                   0000000180000000     libmx:libmx.dll
 0000:00000000       .debug$S                   0000000180000000     libmx:libmx.dll
 0000:00000000       .debug$S                   0000000180000000     libmx:libmx.dll
 0000:00000000       .debug$S                   0000000180000000     libmx:libmx.dll
 0000:00000000       .debug$S                   0000000180000000     libmx:libmx.dll
 0000:00000000       .debug$S                   0000000180000000     libmx:libmx.dll
 0000:00000000       .debug$S                   0000000180000000     libmx:libmx.dll
 0000:00000000       .debug$S                   0000000180000000     libmx:libmx.dll
 0000:00000000       .debug$S                   0000000180000000     libmx:libmx.dll
 0000:00000000       .debug$S                   0000000180000000     libut:libut.dll
 0000:00000000       .debug$S                   0000000180000000     libut:libut.dll
 0000:00000000       .debug$S                   0000000180000000     sf_runtime:sf_runtime.dll
 0000:00000000       .debug$S                   0000000180000000     sf_runtime:sf_runtime.dll
 0000:00000000       .debug$S                   0000000180000000     sf_runtime:sf_runtime.dll
 0000:00000000       .debug$S                   0000000180000000     sf_runtime:sf_runtime.dll
 0000:00000000       .debug$S                   0000000180000000     sf_runtime:sf_runtime.dll
 0000:00000000       .debug$S                   0000000180000000     sf_runtime:sf_runtime.dll
 0000:00000000       .debug$S                   0000000180000000     sf_runtime:sf_runtime.dll
 0000:00000000       .debug$S                   0000000180000000     sf_runtime:sf_runtime.dll
 0000:00000000       .debug$S                   0000000180000000     sf_runtime:sf_runtime.dll
 0000:00000000       .debug$S                   0000000180000000     sf_runtime:sf_runtime.dll
 0000:00000000       .debug$S                   0000000180000000     sf_runtime:sf_runtime.dll
 0000:00000000       .debug$S                   0000000180000000     sf_runtime:sf_runtime.dll
 0000:00000000       .debug$S                   0000000180000000     sf_runtime:sf_runtime.dll
 0000:00000000       .debug$S                   0000000180000000     sf_runtime:sf_runtime.dll
 0000:00000000       .debug$S                   0000000180000000     sf_runtime:sf_runtime.dll
 0000:00000000       .debug$S                   0000000180000000     sf_runtime:sf_runtime.dll
 0000:00000000       .debug$S                   0000000180000000     sf_runtime:sf_runtime.dll
 0000:00000000       .debug$S                   0000000180000000     sf_runtime:sf_runtime.dll
 0000:00000000       .debug$S                   0000000180000000     sf_runtime:sf_runtime.dll
 0000:00000000       .debug$S                   0000000180000000     sf_runtime:sf_runtime.dll
 0000:00000000       .debug$S                   0000000180000000     sf_runtime:sf_runtime.dll
 0000:00000000       .debug$S                   0000000180000000     sf_runtime:sf_runtime.dll
 0000:00000000       .debug$S                   0000000180000000     sf_runtime:sf_runtime.dll
 0000:00000000       .debug$S                   0000000180000000     sf_runtime:sf_runtime.dll
 0000:00000000       .debug$S                   0000000180000000     sf_runtime:sf_runtime.dll
 0000:00000000       .debug$S                   0000000180000000     sf_runtime:sf_runtime.dll
 0000:00000000       .debug$S                   0000000180000000     sf_runtime:sf_runtime.dll
 0000:00000000       .debug$S                   0000000180000000     sf_runtime:sf_runtime.dll
 0000:00000000       .debug$S                   0000000180000000     sf_runtime:sf_runtime.dll
 0000:00000000       .debug$S                   0000000180000000     sf_runtime:sf_runtime.dll
 0000:00000000       .debug$S                   0000000180000000     sf_runtime:sf_runtime.dll
 0000:00000000       .debug$S                   0000000180000000     sf_runtime:sf_runtime.dll
 0000:00000000       .debug$S                   0000000180000000     sf_runtime:sf_runtime.dll
 0000:00000000       .debug$S                   0000000180000000     sf_runtime:sf_runtime.dll
 0000:00000000       .debug$S                   0000000180000000     sf_runtime:sf_runtime.dll
 0000:00000000       .debug$S                   0000000180000000     sf_runtime:sf_runtime.dll
 0000:00000000       .debug$S                   0000000180000000     sf_runtime:sf_runtime.dll
 0000:00000000       .debug$S                   0000000180000000     sf_runtime:sf_runtime.dll
 0000:00000000       _volmd                     0000000180000000     MSVCRT:cpu_disp.obj
 0002:fffeb000       __guard_ehcont_?dllmain_dispatch@@YAHQEAUHINSTANCE__@@KQEAX@Z 0000000180000000     MSVCRT:dll_dllmain.obj
 0002:fffeb000       __guard_fids_?dllmain_dispatch@@YAHQEAUHINSTANCE__@@KQEAX@Z 0000000180000000     MSVCRT:dll_dllmain.obj
 0000:00000000       _volmd                     0000000180000000     MSVCRT:gs_report.obj
 0000:00000000       _volmd                     0000000180000000     MSVCRT:gs_report.obj
 0000:00000000       _volmd                     0000000180000000     MSVCRT:gs_report.obj
 0002:fffeb000       __guard_fids__             0000000180000000     MSVCRT:guard_support.obj
 0002:fffeb000       __guard_fids__             0000000180000000     MSVCRT:guard_support.obj
 0002:fffeb000       __guard_fids__guard_icall_checks_enforced 0000000180000000     MSVCRT:guard_support.obj
 0000:00000000       _volmd                     0000000180000000     MSVCRT:guard_support.obj
 0000:00000000       _volmd                     0000000180000000     MSVCRT:guard_support.obj
 0000:00000000       _volmd                     0000000180000000     MSVCRT:guard_support.obj
 0000:00000000       _volmd                     0000000180000000     MSVCRT:guard_support.obj
 0000:00000000       _volmd                     0000000180000000     MSVCRT:guard_support.obj
 0000:00000000       _volmd                     0000000180000000     MSVCRT:guard_support.obj
 0002:fffeb000       __guard_ehcont___scrt_is_nonwritable_in_current_image 0000000180000000     MSVCRT:utility.obj
 0000:00000000       _volmd                     0000000180000000     MSVCRT:utility.obj
 0000:00000000       _volmd                     0000000180000000     MSVCRT:utility.obj
 0000:00000000       _volmd                     0000000180000000     MSVCRT:utility.obj
 0002:fffeb000       __guard_fids___scrt_set_unhandled_exception_filter 0000000180000000     MSVCRT:utility_desktop.obj
 0000:00000000       _volmd                     0000000180000000     MSVCRT:utility_desktop.obj
 0000:00000000       .debug$S                   0000000180000000     vcruntime:VCRUNTIME140.dll
 0000:00000000       .debug$S                   0000000180000000     vcruntime:VCRUNTIME140.dll
 0000:00000000       .debug$S                   0000000180000000     vcruntime:VCRUNTIME140.dll
 0000:00000000       .debug$S                   0000000180000000     vcruntime:VCRUNTIME140.dll
 0000:00000000       .debug$S                   0000000180000000     vcruntime:VCRUNTIME140.dll
 0000:00000000       .debug$S                   0000000180000000     vcruntime:VCRUNTIME140.dll
 0002:fffeb000       __guard_fids__             0000000180000000     vcruntime:softmemtag.obj
 0000:00000010       _volmd                     0000000180000010     LCTCompression_sfun.obj
 0000:00000010       _volmd                     0000000180000010     LCTCompression_sfun_registry.obj
 0000:00000010       _volmd                     0000000180000010     c4_LCTCompression.obj
 0000:00000010       _volmd                     0000000180000010     c7_LCTCompression.obj
 0000:00000020       _volmd                     0000000180000020     LCTCompression_sfun.obj
 0000:00000020       _volmd                     0000000180000020     LCTCompression_sfun_registry.obj
 0000:00000020       _volmd                     0000000180000020     c4_LCTCompression.obj
 0000:00000020       _volmd                     0000000180000020     c7_LCTCompression.obj
 0000:00000030       _volmd                     0000000180000030     LCTCompression_sfun.obj
 0000:00000030       _volmd                     0000000180000030     LCTCompression_sfun_registry.obj
 0000:00000030       _volmd                     0000000180000030     c7_LCTCompression.obj
 0000:00000040       _volmd                     0000000180000040     LCTCompression_sfun.obj
 0000:00000040       _volmd                     0000000180000040     LCTCompression_sfun_registry.obj
 0000:00000040       _volmd                     0000000180000040     c7_LCTCompression.obj
 0000:00000050       _volmd                     0000000180000050     LCTCompression_sfun.obj
 0000:00000050       _volmd                     0000000180000050     LCTCompression_sfun_registry.obj
 0000:00000050       _volmd                     0000000180000050     c7_LCTCompression.obj
 0000:00000060       _volmd                     0000000180000060     LCTCompression_sfun_registry.obj
 0000:00000070       _volmd                     0000000180000070     LCTCompression_sfun_registry.obj
 0000:00000080       _volmd                     0000000180000080     LCTCompression_sfun_registry.obj
 0000:00000090       _volmd                     0000000180000090     LCTCompression_sfun_registry.obj
 0000:000000a0       _volmd                     00000001800000a0     LCTCompression_sfun_registry.obj
 0000:000000b0       _volmd                     00000001800000b0     LCTCompression_sfun_registry.obj
 0000:000000c0       _volmd                     00000001800000c0     LCTCompression_sfun_registry.obj
 0000:000000d0       _volmd                     00000001800000d0     LCTCompression_sfun_registry.obj
 0000:000000e0       _volmd                     00000001800000e0     LCTCompression_sfun_registry.obj
 0000:000000f0       _volmd                     00000001800000f0     LCTCompression_sfun_registry.obj
 0000:00000100       _volmd                     0000000180000100     LCTCompression_sfun_registry.obj
 0001:000012c0       initialize_c4_LCTCompression 00000001800022c0 f   c4_LCTCompression.obj
 0001:00001360       initialize_params_c4_LCTCompression 0000000180002360 f   c4_LCTCompression.obj
 0001:00001370       mdl_start_c4_LCTCompression 0000000180002370 f   c4_LCTCompression.obj
 0001:00001380       mdl_terminate_c4_LCTCompression 0000000180002380 f   c4_LCTCompression.obj
 0001:00001390       mdl_setup_runtime_resources_c4_LCTCompression 0000000180002390 f   c4_LCTCompression.obj
 0001:00001600       mdl_cleanup_runtime_resources_c4_LCTCompression 0000000180002600 f   c4_LCTCompression.obj
 0001:00001640       enable_c4_LCTCompression   0000000180002640 f   c4_LCTCompression.obj
 0001:00001670       disable_c4_LCTCompression  0000000180002670 f   c4_LCTCompression.obj
 0001:000016a0       sf_gateway_c4_LCTCompression 00000001800026a0 f   c4_LCTCompression.obj
 0001:00001b20       c4_do_animation_call_c4_LCTCompression 0000000180002b20 f   c4_LCTCompression.obj
 0001:00001b60       get_sim_state_c4_LCTCompression 0000000180002b60 f   c4_LCTCompression.obj
 0001:00001dd0       set_sim_state_c4_LCTCompression 0000000180002dd0 f   c4_LCTCompression.obj
 0001:00001ff0       initSimStructsc4_LCTCompression 0000000180002ff0 f   c4_LCTCompression.obj
 0001:00002000       c4_rgb2ycbcr               0000000180003000 f   c4_LCTCompression.obj
 0001:000025e0       c4_imlincomb               00000001800035e0 f   c4_LCTCompression.obj
 0001:000027d0       c4_emlrt_marshallIn        00000001800037d0 f   c4_LCTCompression.obj
[...]
 0003:00002ab0       $SG26241                   000000018001aab0     LCTCompression_sfun_registry.obj
 0003:00002ac0       $SG26277                   000000018001aac0     LCTCompression_sfun_registry.obj
 0003:00002ad8       $SG26279                   000000018001aad8     LCTCompression_sfun_registry.obj
 0003:00002ae8       $SG26315                   000000018001aae8     LCTCompression_sfun_registry.obj
 0003:00002b08       $SG26317                   000000018001ab08     LCTCompression_sfun_registry.obj
 0003:00002b18       $SG26353                   000000018001ab18     LCTCompression_sfun_registry.obj
 0003:00002b38       $SG26355                   000000018001ab38     LCTCompression_sfun_registry.obj
 0003:00002b48       $SG26375                   000000018001ab48     LCTCompression_sfun_registry.obj
 0003:00002b58       $SG26393                   000000018001ab58     LCTCompression_sfun_registry.obj
 0003:00002b70       $SG26424                   000000018001ab70     LCTCompression_sfun_registry.obj
 0003:00002b80       $SG26524                   000000018001ab80     LCTCompression_sfun_registry.obj
 0003:00002b88       $SG26525                   000000018001ab88     LCTCompression_sfun_registry.obj
 0003:00002b9c       $SG26530                   000000018001ab9c     LCTCompression_sfun_registry.obj
 0003:00002ba4       $SG28259                   000000018001aba4     LCTCompression_sfun_registry.obj
 0003:00002ba8       $SG26531                   000000018001aba8     LCTCompression_sfun_registry.obj
 0003:00002bc4       $SG27301                   000000018001abc4     LCTCompression_sfun_registry.obj
 0003:00002bcc       $SG28337                   000000018001abcc     LCTCompression_sfun_registry.obj
 0003:00002bd0       $SG26672                   000000018001abd0     LCTCompression_sfun_registry.obj
 0003:00002bf8       _sfcnName                  000000018001abf8     LCTCompression_sfun_registry.obj
 0003:00002c18       $SG27094                   000000018001ac18     LCTCompression_sfun_registry.obj
 0003:00002c20       $SG26689                   000000018001ac20     LCTCompression_sfun_registry.obj
 0003:00002c98       $SG27095                   000000018001ac98     LCTCompression_sfun_registry.obj
 0003:00002ca0       $SG27109                   000000018001aca0     LCTCompression_sfun_registry.obj
 0003:00002cb0       $SG27299                   000000018001acb0     LCTCompression_sfun_registry.obj
 0003:00002cf0       $SG27300                   000000018001acf0     LCTCompression_sfun_registry.obj
 0003:00002cf8       $SG27306                   000000018001acf8     LCTCompression_sfun_registry.obj
 0003:00002d00       $SG27305                   000000018001ad00     LCTCompression_sfun_registry.obj
 0003:00002d48       $SG27307                   000000018001ad48     LCTCompression_sfun_registry.obj
 0003:00002d50       $SG27308                   000000018001ad50     LCTCompression_sfun_registry.obj
 0003:00002da8       $SG27309                   000000018001ada8     LCTCompression_sfun_registry.obj
 0003:00002db0       $SG27310                   000000018001adb0     LCTCompression_sfun_registry.obj
 0003:00002db8       $SG27332                   000000018001adb8     LCTCompression_sfun_registry.obj
 0003:00002df8       $SG27333                   000000018001adf8     LCTCompression_sfun_registry.obj
 0003:00002e00       $SG27334                   000000018001ae00     LCTCompression_sfun_registry.obj
 0003:00002e08       $SG27339                   000000018001ae08     LCTCompression_sfun_registry.obj
 0003:00002e10       $SG27338                   000000018001ae10     LCTCompression_sfun_registry.obj
 0003:00002e58       $SG27340                   000000018001ae58     LCTCompression_sfun_registry.obj
 0003:00002e60       $SG27341                   000000018001ae60     LCTCompression_sfun_registry.obj
 0003:00002eb8       $SG27342                   000000018001aeb8     LCTCompression_sfun_registry.obj
 0003:00002ec0       $SG27343                   000000018001aec0     LCTCompression_sfun_registry.obj
 0003:00002ec8       $SG27368                   000000018001aec8     LCTCompression_sfun_registry.obj
 0003:00002ed0       $SG27367                   000000018001aed0     LCTCompression_sfun_registry.obj
 0003:00002f20       $SG27369                   000000018001af20     LCTCompression_sfun_registry.obj
 0003:00002f28       $SG27382                   000000018001af28     LCTCompression_sfun_registry.obj
 0003:00002f30       $SG27381                   000000018001af30     LCTCompression_sfun_registry.obj
 0003:00002f90       $SG27383                   000000018001af90     LCTCompression_sfun_registry.obj
 0003:00002f98       $SG27396                   000000018001af98     LCTCompression_sfun_registry.obj
 0003:00002fa0       $SG27395                   000000018001afa0     LCTCompression_sfun_registry.obj
 0003:00003000       $SG27397                   000000018001b000     LCTCompression_sfun_registry.obj
 0003:00003008       $SG28243                   000000018001b008     LCTCompression_sfun_registry.obj
 0003:00003020       $SG27621                   000000018001b020     LCTCompression_sfun_registry.obj
 0003:00003098       $SG28311                   000000018001b098     LCTCompression_sfun_registry.obj
 0003:000030a0       $SG27624                   000000018001b0a0     LCTCompression_sfun_registry.obj
 0003:00003114       $SG28312                   000000018001b114     LCTCompression_sfun_registry.obj
 0003:00003120       $SG27629                   000000018001b120     LCTCompression_sfun_registry.obj
 0003:00003198       $SG28313                   000000018001b198     LCTCompression_sfun_registry.obj
 0003:000031a0       $SG27637                   000000018001b1a0     LCTCompression_sfun_registry.obj
 0003:00003210       $SG27912                   000000018001b210     LCTCompression_sfun_registry.obj
 0003:00003288       $SG28319                   000000018001b288     LCTCompression_sfun_registry.obj
 0003:00003290       $SG27917                   000000018001b290     LCTCompression_sfun_registry.obj
 0003:00003308       $SG28322                   000000018001b308     LCTCompression_sfun_registry.obj
 0003:00003310       $SG28256                   000000018001b310     LCTCompression_sfun_registry.obj
 0003:00003388       $SG28325                   000000018001b388     LCTCompression_sfun_registry.obj
 0003:00003390       $SG28314                   000000018001b390     LCTCompression_sfun_registry.obj
 0003:00003408       $SG28331                   000000018001b408     LCTCompression_sfun_registry.obj
 0003:00003410       $SG28316                   000000018001b410     LCTCompression_sfun_registry.obj
 0003:00003490       $SG28326                   000000018001b490     LCTCompression_sfun_registry.obj
 0003:00003510       $SG28327                   000000018001b510     LCTCompression_sfun_registry.obj
 0003:00003520       $SG28329                   000000018001b520     LCTCompression_sfun_registry.obj
 0003:0000352c       $SG28333                   000000018001b52c     LCTCompression_sfun_registry.obj
 0003:00003538       $SG28335                   000000018001b538     LCTCompression_sfun_registry.obj
 0003:00003548       $SG28458                   000000018001b548     LCTCompression_sfun_registry.obj
 0003:00003578       $SG28459                   000000018001b578     LCTCompression_sfun_registry.obj
 0003:00003580       $SG28340                   000000018001b580     LCTCompression_sfun_registry.obj
 0003:00003668       $SG28460                   000000018001b668     LCTCompression_sfun_registry.obj
 0003:00003670       $SG28462                   000000018001b670     LCTCompression_sfun_registry.obj
 0003:000036a8       $SG28463                   000000018001b6a8     LCTCompression_sfun_registry.obj
 0003:000036b0       $SG28464                   000000018001b6b0     LCTCompression_sfun_registry.obj
 0003:000036b8       $SG28467                   000000018001b6b8     LCTCompression_sfun_registry.obj
 0003:000036f0       $SG28468                   000000018001b6f0     LCTCompression_sfun_registry.obj
 0003:000036f8       $SG28469                   000000018001b6f8     LCTCompression_sfun_registry.obj
 0003:00003700       $SG28471                   000000018001b700     LCTCompression_sfun_registry.obj
 0003:00003738       $SG28472                   000000018001b738     LCTCompression_sfun_registry.obj
 0003:00003740       $SG28473                   000000018001b740     LCTCompression_sfun_registry.obj
 0003:00003748       $SG28475                   000000018001b748     LCTCompression_sfun_registry.obj
 0003:00003780       $SG28476                   000000018001b780     LCTCompression_sfun_registry.obj
 0003:00003788       $SG28477                   000000018001b788     LCTCompression_sfun_registry.obj
 0003:00003790       $SG28480                   000000018001b790     LCTCompression_sfun_registry.obj
 0003:00003798       $SG28482                   000000018001b798     LCTCompression_sfun_registry.obj
 0003:000037b0       $SG28483                   000000018001b7b0     LCTCompression_sfun_registry.obj
 0003:000037e8       $SG28484                   000000018001b7e8     LCTCompression_sfun_registry.obj
 0003:000037f0       $SG28485                   000000018001b7f0     LCTCompression_sfun_registry.obj
 0003:000037f8       $SG28652                   000000018001b7f8     LCTCompression_sfun_registry.obj
 0003:00003818       $SG28657                   000000018001b818     LCTCompression_sfun_registry.obj
 0003:00003830       $SG28653                   000000018001b830     LCTCompression_sfun_registry.obj
 0003:000038c0       $SG28658                   000000018001b8c0     LCTCompression_sfun_registry.obj
 0003:00003950       $SG28662                   000000018001b950     LCTCompression_sfun_registry.obj
 0003:00003968       $SG28677                   000000018001b968     LCTCompression_sfun_registry.obj
 0003:00003988       $SG28682                   000000018001b988     LCTCompression_sfun_registry.obj
 0003:000039b0       $SG28663                   000000018001b9b0     LCTCompression_sfun_registry.obj
 0003:00003a40       $SG28667                   000000018001ba40     LCTCompression_sfun_registry.obj
 0003:00003a60       $SG28668                   000000018001ba60     LCTCompression_sfun_registry.obj
 0003:00003af0       $SG28672                   000000018001baf0     LCTCompression_sfun_registry.obj
 0003:00003b10       $SG28673                   000000018001bb10     LCTCompression_sfun_registry.obj
 0003:00003ba0       $SG28678                   000000018001bba0     LCTCompression_sfun_registry.obj
 0003:00003c30       $SG28683                   000000018001bc30     LCTCompression_sfun_registry.obj
 0003:00003cc0       $SG28687                   000000018001bcc0     LCTCompression_sfun_registry.obj
 0003:00003ce8       $SG28702                   000000018001bce8     LCTCompression_sfun_registry.obj
 0003:00003d00       $SG28688                   000000018001bd00     LCTCompression_sfun_registry.obj
 0003:00003d90       $SG28692                   000000018001bd90     LCTCompression_sfun_registry.obj
 0003:00003db0       $SG28693                   000000018001bdb0     LCTCompression_sfun_registry.obj
 0003:00003e40       $SG28697                   000000018001be40     LCTCompression_sfun_registry.obj
 0003:00003e60       $SG28698                   000000018001be60     LCTCompression_sfun_registry.obj
 0003:00003ef0       $SG28703                   000000018001bef0     LCTCompression_sfun_registry.obj
 0003:00003f80       $SG28707                   000000018001bf80     LCTCompression_sfun_registry.obj
 0003:00003fa0       $SG28708                   000000018001bfa0     LCTCompression_sfun_registry.obj
 0003:00004030       $SG28712                   000000018001c030     LCTCompression_sfun_registry.obj
 0003:00004050       $SG28713                   000000018001c050     LCTCompression_sfun_registry.obj
 0003:000040e0       $SG28717                   000000018001c0e0     LCTCompression_sfun_registry.obj
 0003:00004100       $SG28718                   000000018001c100     LCTCompression_sfun_registry.obj
 0003:00004190       $SG28722                   000000018001c190     LCTCompression_sfun_registry.obj
 0003:000041b0       $SG28723                   000000018001c1b0     LCTCompression_sfun_registry.obj
 0003:00004240       $SG28727                   000000018001c240     LCTCompression_sfun_registry.obj
 0003:00004260       $SG28728                   000000018001c260     LCTCompression_sfun_registry.obj
 0003:000042f0       $SG28732                   000000018001c2f0     LCTCompression_sfun_registry.obj
 0003:00004310       $SG28733                   000000018001c310     LCTCompression_sfun_registry.obj
 0003:000043a0       $SG28738                   000000018001c3a0     LCTCompression_sfun_registry.obj
 0003:000043b4       $SG28744                   000000018001c3b4     LCTCompression_sfun_registry.obj
 0003:000043c0       $SG28739                   000000018001c3c0     LCTCompression_sfun_registry.obj
 0003:00004450       $SG28745                   000000018001c450     LCTCompression_sfun_registry.obj
 0003:000044e0       $SG28749                   000000018001c4e0     LCTCompression_sfun_registry.obj
 0003:000044f8       $SG28779                   000000018001c4f8     LCTCompression_sfun_registry.obj
 0003:00004510       $SG28750                   000000018001c510     LCTCompression_sfun_registry.obj
 0003:000045a0       $SG28754                   000000018001c5a0     LCTCompression_sfun_registry.obj
 0003:000045b0       $SG28755                   000000018001c5b0     LCTCompression_sfun_registry.obj
 0003:00004640       $SG28759                   000000018001c640     LCTCompression_sfun_registry.obj
 0003:00004660       $SG28760                   000000018001c660     LCTCompression_sfun_registry.obj
 0003:000046f0       $SG28764                   000000018001c6f0     LCTCompression_sfun_registry.obj
 0003:00004710       $SG28765                   000000018001c710     LCTCompression_sfun_registry.obj
 0003:000047a0       $SG28769                   000000018001c7a0     LCTCompression_sfun_registry.obj
 0003:000047b0       $SG28770                   000000018001c7b0     LCTCompression_sfun_registry.obj
 0003:00004840       $SG28774                   000000018001c840     LCTCompression_sfun_registry.obj
 0003:00004850       $SG28775                   000000018001c850     LCTCompression_sfun_registry.obj
 0003:000048e0       $SG28780                   000000018001c8e0     LCTCompression_sfun_registry.obj
 0003:00004970       $SG28784                   000000018001c970     LCTCompression_sfun_registry.obj
 0003:00004988       $SG28789                   000000018001c988     LCTCompression_sfun_registry.obj
 0003:00004998       $SG28863                   000000018001c998     LCTCompression_sfun_registry.obj
 0003:000049b0       $SG28785                   000000018001c9b0     LCTCompression_sfun_registry.obj
 0003:00004a40       $SG28790                   000000018001ca40     LCTCompression_sfun_registry.obj
 0003:00004ad0       $SG28798                   000000018001cad0     LCTCompression_sfun_registry.obj
 0003:00004ae0       $SG28799                   000000018001cae0     LCTCompression_sfun_registry.obj
 0003:00004b70       $SG28805                   000000018001cb70     LCTCompression_sfun_registry.obj
 0003:00004b80       $SG28806                   000000018001cb80     LCTCompression_sfun_registry.obj
 0003:00004c10       $SG28810                   000000018001cc10     LCTCompression_sfun_registry.obj
 0003:00004c20       $SG28811                   000000018001cc20     LCTCompression_sfun_registry.obj
 0003:00004cb0       $SG28816                   000000018001ccb0     LCTCompression_sfun_registry.obj
 0003:00004cc0       $SG28817                   000000018001ccc0     LCTCompression_sfun_registry.obj
 0003:00004d50       $SG28821                   000000018001cd50     LCTCompression_sfun_registry.obj
 0003:00004dd0       $SG28851                   000000018001cdd0     LCTCompression_sfun_registry.obj
 0003:00004ee8       $SG28873                   000000018001cee8     LCTCompression_sfun_registry.obj
 0003:00004ef8       $SG28885                   000000018001cef8     LCTCompression_sfun_registry.obj
 0003:00004f08       $SG28895                   000000018001cf08     LCTCompression_sfun_registry.obj
 0003:00004f18       $SG28907                   000000018001cf18     LCTCompression_sfun_registry.obj
 0003:00004f28       $SG28917                   000000018001cf28     LCTCompression_sfun_registry.obj
 0003:00004f38       $SG28927                   000000018001cf38     LCTCompression_sfun_registry.obj
 0003:00004fa0       sRtwOptimizationInfoStruct 000000018001cfa0     LCTCompression_sfun.obj
 0003:00004fa8       sOptimizationInfoFlags     000000018001cfa8     LCTCompression_sfun.obj
 0003:00004fb0       $SG26281                   000000018001cfb0     c4_LCTCompression.obj
 0003:00004fb1       $SG26288                   000000018001cfb1     c4_LCTCompression.obj
 0003:00004fb2       $SG26295                   000000018001cfb2     c4_LCTCompression.obj
 0003:00004fb3       $SG26302                   000000018001cfb3     c4_LCTCompression.obj
 0003:00004fb4       $SG26309                   000000018001cfb4     c4_LCTCompression.obj
 0003:00004fb5       $SG26474                   000000018001cfb5     c4_LCTCompression.obj
 0003:00004fb6       $SG26839                   000000018001cfb6     c4_LCTCompression.obj
 0003:00004fb7       $SG26840                   000000018001cfb7     c4_LCTCompression.obj
 0003:00004fb8       _sfTime_                   000000018001cfb8     c4_LCTCompression.obj
 0003:00004fc0       ?newstr@?1??sf_c4_LCTCompression_get_post_codegen_info@@9@9 000000018001cfc0     c4_LCTCompression.obj
 0003:00005591       $SG26992                   000000018001d591     c4_LCTCompression.obj
 0003:000055a0       $SG26303                   000000018001d5a0     c7_LCTCompression.obj
 0003:000055a1       $SG26310                   000000018001d5a1     c7_LCTCompression.obj
 0003:000055a2       $SG26317                   000000018001d5a2     c7_LCTCompression.obj
 0003:000055a3       $SG26324                   000000018001d5a3     c7_LCTCompression.obj
 0003:000055a4       $SG26331                   000000018001d5a4     c7_LCTCompression.obj
 0003:000055a5       $SG26587                   000000018001d5a5     c7_LCTCompression.obj
 0003:000055a6       $SG27263                   000000018001d5a6     c7_LCTCompression.obj
 0003:000055a7       $SG27264                   000000018001d5a7     c7_LCTCompression.obj
 0003:000055a8       _sfTime_                   000000018001d5a8     c7_LCTCompression.obj
 0003:000055b0       ?newstr@?1??sf_c7_LCTCompression_get_post_codegen_info@@9@9 000000018001d5b0     c7_LCTCompression.obj
 0003:00005b85       $SG27416                   000000018001db85     c7_LCTCompression.obj
 0003:00005b88       sfGlobalMdlStartCallCounts 000000018001db88     LCTCompression_sfun_registry.obj
 0003:00005b8c       $SG28307                   000000018001db8c     LCTCompression_sfun_registry.obj
 0003:00005b90       GS_ExceptionRecord         000000018001db90     MSVCRT:gs_report.obj
 0003:00005c30       GS_ContextRecord           000000018001dc30     MSVCRT:gs_report.obj
 0003:00006100       ?__proc_attached@@3HA      000000018001e100     MSVCRT:dll_dllmain.obj
 0003:00006140       ?is_initialized_as_dll@@3_NA 000000018001e140     MSVCRT:utility.obj
 0003:00006141       ?module_local_atexit_table_initialized@@3_NA 000000018001e141     MSVCRT:utility.obj
 0003:00006148       ?module_local_atexit_table@@3U_onexit_table_t@@A 000000018001e148     MSVCRT:utility.obj
 0003:00006160       ?module_local_at_quick_exit_table@@3U_onexit_table_t@@A 000000018001e160     MSVCRT:utility.obj
